Archive member included to satisfy reference by file (symbol)

c:/st/stm32cubeide_1.3.0/stm32cubeide/plugins/com.st.stm32cube.ide.mcu.externaltools.gnu-tools-for-stm32.7-2018-q2-update.win32_1.4.0.202007081208/tools/bin/../lib/gcc/arm-none-eabi/7.3.1/../../../../arm-none-eabi/lib/thumb/v7-m\libc_nano.a(lib_a-errno.o)
                              Core/Src/syscalls.o (__errno)
c:/st/stm32cubeide_1.3.0/stm32cubeide/plugins/com.st.stm32cube.ide.mcu.externaltools.gnu-tools-for-stm32.7-2018-q2-update.win32_1.4.0.202007081208/tools/bin/../lib/gcc/arm-none-eabi/7.3.1/../../../../arm-none-eabi/lib/thumb/v7-m\libc_nano.a(lib_a-exit.o)
                              c:/st/stm32cubeide_1.3.0/stm32cubeide/plugins/com.st.stm32cube.ide.mcu.externaltools.gnu-tools-for-stm32.7-2018-q2-update.win32_1.4.0.202007081208/tools/bin/../lib/gcc/arm-none-eabi/7.3.1/../../../../arm-none-eabi/lib/thumb/v7-m/crt0.o (exit)
c:/st/stm32cubeide_1.3.0/stm32cubeide/plugins/com.st.stm32cube.ide.mcu.externaltools.gnu-tools-for-stm32.7-2018-q2-update.win32_1.4.0.202007081208/tools/bin/../lib/gcc/arm-none-eabi/7.3.1/../../../../arm-none-eabi/lib/thumb/v7-m\libc_nano.a(lib_a-impure.o)
                              c:/st/stm32cubeide_1.3.0/stm32cubeide/plugins/com.st.stm32cube.ide.mcu.externaltools.gnu-tools-for-stm32.7-2018-q2-update.win32_1.4.0.202007081208/tools/bin/../lib/gcc/arm-none-eabi/7.3.1/../../../../arm-none-eabi/lib/thumb/v7-m\libc_nano.a(lib_a-exit.o) (_global_impure_ptr)
c:/st/stm32cubeide_1.3.0/stm32cubeide/plugins/com.st.stm32cube.ide.mcu.externaltools.gnu-tools-for-stm32.7-2018-q2-update.win32_1.4.0.202007081208/tools/bin/../lib/gcc/arm-none-eabi/7.3.1/../../../../arm-none-eabi/lib/thumb/v7-m\libc_nano.a(lib_a-init.o)
                              c:/st/stm32cubeide_1.3.0/stm32cubeide/plugins/com.st.stm32cube.ide.mcu.externaltools.gnu-tools-for-stm32.7-2018-q2-update.win32_1.4.0.202007081208/tools/bin/../lib/gcc/arm-none-eabi/7.3.1/../../../../arm-none-eabi/lib/thumb/v7-m/crt0.o (__libc_init_array)
c:/st/stm32cubeide_1.3.0/stm32cubeide/plugins/com.st.stm32cube.ide.mcu.externaltools.gnu-tools-for-stm32.7-2018-q2-update.win32_1.4.0.202007081208/tools/bin/../lib/gcc/arm-none-eabi/7.3.1/../../../../arm-none-eabi/lib/thumb/v7-m\libc_nano.a(lib_a-memcpy-stub.o)
                              myCode/UMain.o (memcpy)
c:/st/stm32cubeide_1.3.0/stm32cubeide/plugins/com.st.stm32cube.ide.mcu.externaltools.gnu-tools-for-stm32.7-2018-q2-update.win32_1.4.0.202007081208/tools/bin/../lib/gcc/arm-none-eabi/7.3.1/../../../../arm-none-eabi/lib/thumb/v7-m\libc_nano.a(lib_a-memset.o)
                              c:/st/stm32cubeide_1.3.0/stm32cubeide/plugins/com.st.stm32cube.ide.mcu.externaltools.gnu-tools-for-stm32.7-2018-q2-update.win32_1.4.0.202007081208/tools/bin/../lib/gcc/arm-none-eabi/7.3.1/../../../../arm-none-eabi/lib/thumb/v7-m/crt0.o (memset)
c:/st/stm32cubeide_1.3.0/stm32cubeide/plugins/com.st.stm32cube.ide.mcu.externaltools.gnu-tools-for-stm32.7-2018-q2-update.win32_1.4.0.202007081208/tools/bin/../lib/gcc/arm-none-eabi/7.3.1/../../../../arm-none-eabi/lib/thumb/v7-m\libc_nano.a(lib_a-printf.o)
                              RFM69/RFM69.o (printf)
c:/st/stm32cubeide_1.3.0/stm32cubeide/plugins/com.st.stm32cube.ide.mcu.externaltools.gnu-tools-for-stm32.7-2018-q2-update.win32_1.4.0.202007081208/tools/bin/../lib/gcc/arm-none-eabi/7.3.1/../../../../arm-none-eabi/lib/thumb/v7-m\libc_nano.a(lib_a-putchar.o)
                              myCode/UMain.o (putchar)
c:/st/stm32cubeide_1.3.0/stm32cubeide/plugins/com.st.stm32cube.ide.mcu.externaltools.gnu-tools-for-stm32.7-2018-q2-update.win32_1.4.0.202007081208/tools/bin/../lib/gcc/arm-none-eabi/7.3.1/../../../../arm-none-eabi/lib/thumb/v7-m\libc_nano.a(lib_a-puts.o)
                              RFM69/RFM69.o (puts)
c:/st/stm32cubeide_1.3.0/stm32cubeide/plugins/com.st.stm32cube.ide.mcu.externaltools.gnu-tools-for-stm32.7-2018-q2-update.win32_1.4.0.202007081208/tools/bin/../lib/gcc/arm-none-eabi/7.3.1/../../../../arm-none-eabi/lib/thumb/v7-m\libc_nano.a(lib_a-setvbuf.o)
                              myCode/UMain.o (setvbuf)
c:/st/stm32cubeide_1.3.0/stm32cubeide/plugins/com.st.stm32cube.ide.mcu.externaltools.gnu-tools-for-stm32.7-2018-q2-update.win32_1.4.0.202007081208/tools/bin/../lib/gcc/arm-none-eabi/7.3.1/../../../../arm-none-eabi/lib/thumb/v7-m\libc_nano.a(lib_a-snprintf.o)
                              RFM69/RFM69.o (snprintf)
c:/st/stm32cubeide_1.3.0/stm32cubeide/plugins/com.st.stm32cube.ide.mcu.externaltools.gnu-tools-for-stm32.7-2018-q2-update.win32_1.4.0.202007081208/tools/bin/../lib/gcc/arm-none-eabi/7.3.1/../../../../arm-none-eabi/lib/thumb/v7-m\libc_nano.a(lib_a-wbuf.o)
                              c:/st/stm32cubeide_1.3.0/stm32cubeide/plugins/com.st.stm32cube.ide.mcu.externaltools.gnu-tools-for-stm32.7-2018-q2-update.win32_1.4.0.202007081208/tools/bin/../lib/gcc/arm-none-eabi/7.3.1/../../../../arm-none-eabi/lib/thumb/v7-m\libc_nano.a(lib_a-puts.o) (__swbuf_r)
[...]
Memory Configuration

Name             Origin             Length             Attributes
RAM              0x0000000020000000 0x0000000000004fc0 xrw
RAM2             0x0000000020004fc0 0x0000000000000040 xrw
FLASH            0x0000000008000000 0x0000000000020000 xr
*default*        0x0000000000000000 0xffffffffffffffff

Linker script and memory map

LOAD c:/st/stm32cubeide_1.3.0/stm32cubeide/plugins/com.st.stm32cube.ide.mcu.externaltools.gnu-tools-for-stm32.7-2018-q2-update.win32_1.4.0.202007081208/tools/bin/../lib/gcc/arm-none-eabi/7.3.1/thumb/v7-m/crti.o
LOAD c:/st/stm32cubeide_1.3.0/stm32cubeide/plugins/com.st.stm32cube.ide.mcu.externaltools.gnu-tools-for-stm32.7-2018-q2-update.win32_1.4.0.202007081208/tools/bin/../lib/gcc/arm-none-eabi/7.3.1/thumb/v7-m/crtbegin.o
LOAD c:/st/stm32cubeide_1.3.0/stm32cubeide/plugins/com.st.stm32cube.ide.mcu.externaltools.gnu-tools-for-stm32.7-2018-q2-update.win32_1.4.0.202007081208/tools/bin/../lib/gcc/arm-none-eabi/7.3.1/../../../../arm-none-eabi/lib/thumb/v7-m/crt0.o
LOAD Core/Src/main.o
LOAD Core/Src/stm32f1xx_hal_msp.o
LOAD Core/Src/stm32f1xx_it.o
LOAD Core/Src/syscalls.o
LOAD Core/Src/sysmem.o
LOAD Core/Src/system_stm32f1xx.o
LOAD Core/Startup/startup_stm32f103rbtx.o
LOAD Drivers/STM32F1xx_HAL_Driver/Src/stm32f1xx_hal.o
LOAD Drivers/STM32F1xx_HAL_Driver/Src/stm32f1xx_hal_cortex.o
LOAD Drivers/STM32F1xx_HAL_Driver/Src/stm32f1xx_hal_dma.o
LOAD Drivers/STM32F1xx_HAL_Driver/Src/stm32f1xx_hal_exti.o
LOAD Drivers/STM32F1xx_HAL_Driver/Src/stm32f1xx_hal_flash.o
LOAD Drivers/STM32F1xx_HAL_Driver/Src/stm32f1xx_hal_flash_ex.o
LOAD Drivers/STM32F1xx_HAL_Driver/Src/stm32f1xx_hal_gpio.o
LOAD Drivers/STM32F1xx_HAL_Driver/Src/stm32f1xx_hal_gpio_ex.o
LOAD Drivers/STM32F1xx_HAL_Driver/Src/stm32f1xx_hal_pcd.o
LOAD Drivers/STM32F1xx_HAL_Driver/Src/stm32f1xx_hal_pcd_ex.o
LOAD Drivers/STM32F1xx_HAL_Driver/Src/stm32f1xx_hal_pwr.o
LOAD Drivers/STM32F1xx_HAL_Driver/Src/stm32f1xx_hal_rcc.o
LOAD Drivers/STM32F1xx_HAL_Driver/Src/stm32f1xx_hal_rcc_ex.o
LOAD Drivers/STM32F1xx_HAL_Driver/Src/stm32f1xx_hal_spi.o
LOAD Drivers/STM32F1xx_HAL_Driver/Src/stm32f1xx_hal_tim.o
LOAD Drivers/STM32F1xx_HAL_Driver/Src/stm32f1xx_hal_tim_ex.o
LOAD Drivers/STM32F1xx_HAL_Driver/Src/stm32f1xx_hal_uart.o
LOAD Drivers/STM32F1xx_HAL_Driver/Src/stm32f1xx_ll_usb.o
LOAD Middlewares/ST/STM32_USB_Device_Library/Class/CDC/Src/usbd_cdc.o
LOAD Middlewares/ST/STM32_USB_Device_Library/Core/Src/usbd_core.o
LOAD Middlewares/ST/STM32_USB_Device_Library/Core/Src/usbd_ctlreq.o
LOAD Middlewares/ST/STM32_USB_Device_Library/Core/Src/usbd_ioreq.o
LOAD RFM69/RFM69.o
LOAD RFM69/RadioTypes.o
LOAD USB_DEVICE/App/usb_device.o
LOAD USB_DEVICE/App/usbd_cdc_if.o
LOAD USB_DEVICE/App/usbd_desc.o
LOAD USB_DEVICE/Target/usbd_conf.o
LOAD myCode/UMain.o
LOAD myCode/UsbDev.o
START GROUP
LOAD c:/st/stm32cubeide_1.3.0/stm32cubeide/plugins/com.st.stm32cube.ide.mcu.externaltools.gnu-tools-for-stm32.7-2018-q2-update.win32_1.4.0.202007081208/tools/bin/../lib/gcc/arm-none-eabi/7.3.1/../../../../arm-none-eabi/lib/thumb/v7-m\libstdc++_nano.a
LOAD c:/st/stm32cubeide_1.3.0/stm32cubeide/plugins/com.st.stm32cube.ide.mcu.externaltools.gnu-tools-for-stm32.7-2018-q2-update.win32_1.4.0.202007081208/tools/bin/../lib/gcc/arm-none-eabi/7.3.1/../../../../arm-none-eabi/lib/thumb/v7-m\libsupc++_nano.a
END GROUP
LOAD c:/st/stm32cubeide_1.3.0/stm32cubeide/plugins/com.st.stm32cube.ide.mcu.externaltools.gnu-tools-for-stm32.7-2018-q2-update.win32_1.4.0.202007081208/tools/bin/../lib/gcc/arm-none-eabi/7.3.1/../../../../arm-none-eabi/lib/thumb/v7-m\libstdc++_nano.a
LOAD c:/st/stm32cubeide_1.3.0/stm32cubeide/plugins/com.st.stm32cube.ide.mcu.externaltools.gnu-tools-for-stm32.7-2018-q2-update.win32_1.4.0.202007081208/tools/bin/../lib/gcc/arm-none-eabi/7.3.1/../../../../arm-none-eabi/lib/thumb/v7-m\libm.a
LOAD c:/st/stm32cubeide_1.3.0/stm32cubeide/plugins/com.st.stm32cube.ide.mcu.externaltools.gnu-tools-for-stm32.7-2018-q2-update.win32_1.4.0.202007081208/tools/bin/../lib/gcc/arm-none-eabi/7.3.1/../../../../arm-none-eabi/lib/thumb/v7-m\libc_nano.a
START GROUP
LOAD c:/st/stm32cubeide_1.3.0/stm32cubeide/plugins/com.st.stm32cube.ide.mcu.externaltools.gnu-tools-for-stm32.7-2018-q2-update.win32_1.4.0.202007081208/tools/bin/../lib/gcc/arm-none-eabi/7.3.1/thumb/v7-m\libgcc.a
LOAD c:/st/stm32cubeide_1.3.0/stm32cubeide/plugins/com.st.stm32cube.ide.mcu.externaltools.gnu-tools-for-stm32.7-2018-q2-update.win32_1.4.0.202007081208/tools/bin/../lib/gcc/arm-none-eabi/7.3.1/../../../../arm-none-eabi/lib/thumb/v7-m\libc_nano.a
END GROUP
START GROUP
LOAD c:/st/stm32cubeide_1.3.0/stm32cubeide/plugins/com.st.stm32cube.ide.mcu.externaltools.gnu-tools-for-stm32.7-2018-q2-update.win32_1.4.0.202007081208/tools/bin/../lib/gcc/arm-none-eabi/7.3.1/thumb/v7-m\libgcc.a
LOAD c:/st/stm32cubeide_1.3.0/stm32cubeide/plugins/com.st.stm32cube.ide.mcu.externaltools.gnu-tools-for-stm32.7-2018-q2-update.win32_1.4.0.202007081208/tools/bin/../lib/gcc/arm-none-eabi/7.3.1/../../../../arm-none-eabi/lib/thumb/v7-m\libc_nano.a
LOAD c:/st/stm32cubeide_1.3.0/stm32cubeide/plugins/com.st.stm32cube.ide.mcu.externaltools.gnu-tools-for-stm32.7-2018-q2-update.win32_1.4.0.202007081208/tools/bin/../lib/gcc/arm-none-eabi/7.3.1/../../../../arm-none-eabi/lib/thumb/v7-m\libnosys.a
END GROUP
START GROUP
LOAD c:/st/stm32cubeide_1.3.0/stm32cubeide/plugins/com.st.stm32cube.ide.mcu.externaltools.gnu-tools-for-stm32.7-2018-q2-update.win32_1.4.0.202007081208/tools/bin/../lib/gcc/arm-none-eabi/7.3.1/thumb/v7-m\libgcc.a
LOAD c:/st/stm32cubeide_1.3.0/stm32cubeide/plugins/com.st.stm32cube.ide.mcu.externaltools.gnu-tools-for-stm32.7-2018-q2-update.win32_1.4.0.202007081208/tools/bin/../lib/gcc/arm-none-eabi/7.3.1/../../../../arm-none-eabi/lib/thumb/v7-m\libc_nano.a
LOAD c:/st/stm32cubeide_1.3.0/stm32cubeide/plugins/com.st.stm32cube.ide.mcu.externaltools.gnu-tools-for-stm32.7-2018-q2-update.win32_1.4.0.202007081208/tools/bin/../lib/gcc/arm-none-eabi/7.3.1/../../../../arm-none-eabi/lib/thumb/v7-m\libnosys.a
END GROUP
LOAD c:/st/stm32cubeide_1.3.0/stm32cubeide/plugins/com.st.stm32cube.ide.mcu.externaltools.gnu-tools-for-stm32.7-2018-q2-update.win32_1.4.0.202007081208/tools/bin/../lib/gcc/arm-none-eabi/7.3.1/thumb/v7-m/crtend.o
LOAD c:/st/stm32cubeide_1.3.0/stm32cubeide/plugins/com.st.stm32cube.ide.mcu.externaltools.gnu-tools-for-stm32.7-2018-q2-update.win32_1.4.0.202007081208/tools/bin/../lib/gcc/arm-none-eabi/7.3.1/thumb/v7-m/crtn.o
                0x0000000020004fc0                _estack = (ORIGIN (RAM) + LENGTH (RAM))
                0x0000000000000200                _Min_Heap_Size = 0x200
                0x0000000000000400                _Min_Stack_Size = 0x400

.isr_vector     0x0000000008000000      0x10c
                0x0000000008000000                . = ALIGN (0x4)
 *(.isr_vector)
 .isr_vector    0x0000000008000000      0x10c Core/Startup/startup_stm32f103rbtx.o
                0x0000000008000000                g_pfnVectors
                0x000000000800010c                . = ALIGN (0x4)

.label          0x000000000800010c       0x98
                0x0000000008000110                . = ALIGN (0x10)
 *fill*         0x000000000800010c        0x4 
 *(.label)
 .label         0x0000000008000110       0x91 myCode/UMain.o
                0x0000000008000110                DevLabel
                0x00000000080001a4                . = ALIGN (0x4)
 *fill*         0x00000000080001a1        0x3 

.text           0x00000000080001a8     0xc710
                0x00000000080001a8                . = ALIGN (0x4)
 *(.text)
 .text          0x00000000080001a8       0x40 c:/st/stm32cubeide_1.3.0/stm32cubeide/plugins/com.st.stm32cube.ide.mcu.externaltools.gnu-tools-for-stm32.7-2018-q2-update.win32_1.4.0.202007081208/tools/bin/../lib/gcc/arm-none-eabi/7.3.1/thumb/v7-m/crtbegin.o
 .text          0x00000000080001e8      0x378 c:/st/stm32cubeide_1.3.0/stm32cubeide/plugins/com.st.stm32cube.ide.mcu.externaltools.gnu-tools-for-stm32.7-2018-q2-update.win32_1.4.0.202007081208/tools/bin/../lib/gcc/arm-none-eabi/7.3.1/thumb/v7-m\libgcc.a(_arm_addsubdf3.o)
                0x00000000080001e8                __aeabi_drsub
                0x00000000080001f0                __aeabi_dsub
                0x00000000080001f0                __subdf3
                0x00000000080001f4                __aeabi_dadd
                0x00000000080001f4                __adddf3
                0x000000000800046c                __floatunsidf
                0x000000000800046c                __aeabi_ui2d
                0x000000000800048c                __floatsidf
                0x000000000800048c                __aeabi_i2d
                0x00000000080004b0                __aeabi_f2d
                0x00000000080004b0                __extendsfdf2
                0x00000000080004f4                __floatundidf
                0x00000000080004f4                __aeabi_ul2d
                0x0000000008000504                __floatdidf
                0x0000000008000504                __aeabi_l2d
 .text          0x0000000008000560      0x424 c:/st/stm32cubeide_1.3.0/stm32cubeide/plugins/com.st.stm32cube.ide.mcu.externaltools.gnu-tools-for-stm32.7-2018-q2-update.win32_1.4.0.202007081208/tools/bin/../lib/gcc/arm-none-eabi/7.3.1/thumb/v7-m\libgcc.a(_arm_muldivdf3.o)
                0x0000000008000560                __aeabi_dmul
                0x0000000008000560                __muldf3
                0x00000000080007b4                __divdf3
                0x00000000080007b4                __aeabi_ddiv
 .text          0x0000000008000984       0x50 c:/st/stm32cubeide_1.3.0/stm32cubeide/plugins/com.st.stm32cube.ide.mcu.externaltools.gnu-tools-for-stm32.7-2018-q2-update.win32_1.4.0.202007081208/tools/bin/../lib/gcc/arm-none-eabi/7.3.1/thumb/v7-m\libgcc.a(_arm_fixdfsi.o)
                0x0000000008000984                __aeabi_d2iz
                0x0000000008000984                __fixdfsi
 .text          0x00000000080009d4       0x40 c:/st/stm32cubeide_1.3.0/stm32cubeide/plugins/com.st.stm32cube.ide.mcu.externaltools.gnu-tools-for-stm32.7-2018-q2-update.win32_1.4.0.202007081208/tools/bin/../lib/gcc/arm-none-eabi/7.3.1/thumb/v7-m\libgcc.a(_arm_fixunsdfsi.o)
                0x00000000080009d4                __aeabi_d2uiz
                0x00000000080009d4                __fixunsdfsi
 .text          0x0000000008000a14       0xa0 c:/st/stm32cubeide_1.3.0/stm32cubeide/plugins/com.st.stm32cube.ide.mcu.externaltools.gnu-tools-for-stm32.7-2018-q2-update.win32_1.4.0.202007081208/tools/bin/../lib/gcc/arm-none-eabi/7.3.1/thumb/v7-m\libgcc.a(_arm_truncdfsf2.o)
                0x0000000008000a14                __truncdfsf2
                0x0000000008000a14                __aeabi_d2f
 .text          0x0000000008000ab4       0x40 c:/st/stm32cubeide_1.3.0/stm32cubeide/plugins/com.st.stm32cube.ide.mcu.externaltools.gnu-tools-for-stm32.7-2018-q2-update.win32_1.4.0.202007081208/tools/bin/../lib/gcc/arm-none-eabi/7.3.1/thumb/v7-m\libgcc.a(_arm_fixunssfsi.o)
                0x0000000008000ab4                __fixunssfsi
                0x0000000008000ab4                __aeabi_f2uiz
 *(.text*)
 .text.main     0x0000000008000af4       0x22 Core/Src/main.o
                0x0000000008000af4                main
 .text.SystemClock_Config
                0x0000000008000b16       0xb4 Core/Src/main.o
                0x0000000008000b16                SystemClock_Config
 *fill*         0x0000000008000bca        0x2 
 .text.MX_SPI1_Init
                0x0000000008000bcc       0x6c Core/Src/main.o
 .text.MX_USART3_UART_Init
                0x0000000008000c38       0x54 Core/Src/main.o
 .text.MX_GPIO_Init
                0x0000000008000c8c      0x134 Core/Src/main.o
 .text.Error_Handler
                0x0000000008000dc0        0xc Core/Src/main.o
                0x0000000008000dc0                Error_Handler
 .text.HAL_MspInit
                0x0000000008000dcc       0x64 Core/Src/stm32f1xx_hal_msp.o
                0x0000000008000dcc                HAL_MspInit
 .text.HAL_SPI_MspInit
                0x0000000008000e30       0x94 Core/Src/stm32f1xx_hal_msp.o
                0x0000000008000e30                HAL_SPI_MspInit
 .text.HAL_UART_MspInit
                0x0000000008000ec4      0x120 Core/Src/stm32f1xx_hal_msp.o
                0x0000000008000ec4                HAL_UART_MspInit
 .text.NMI_Handler
                0x0000000008000fe4        0xc Core/Src/stm32f1xx_it.o
                0x0000000008000fe4                NMI_Handler
 .text.HardFault_Handler
                0x0000000008000ff0        0x6 Core/Src/stm32f1xx_it.o
                0x0000000008000ff0                HardFault_Handler
 .text.MemManage_Handler
                0x0000000008000ff6        0x6 Core/Src/stm32f1xx_it.o
                0x0000000008000ff6                MemManage_Handler
 .text.BusFault_Handler
                0x0000000008000ffc        0x6 Core/Src/stm32f1xx_it.o
                0x0000000008000ffc                BusFault_Handler
 .text.UsageFault_Handler
                0x0000000008001002        0x6 Core/Src/stm32f1xx_it.o
                0x0000000008001002                UsageFault_Handler
 .text.SVC_Handler
                0x0000000008001008        0xc Core/Src/stm32f1xx_it.o
                0x0000000008001008                SVC_Handler
 .text.DebugMon_Handler
                0x0000000008001014        0xc Core/Src/stm32f1xx_it.o
                0x0000000008001014                DebugMon_Handler
 .text.PendSV_Handler
                0x0000000008001020        0xc Core/Src/stm32f1xx_it.o
                0x0000000008001020                PendSV_Handler
 .text.SysTick_Handler
                0x000000000800102c        0xc Core/Src/stm32f1xx_it.o
                0x000000000800102c                SysTick_Handler
 .text.USB_LP_CAN1_RX0_IRQHandler
                0x0000000008001038       0x14 Core/Src/stm32f1xx_it.o
                0x0000000008001038                USB_LP_CAN1_RX0_IRQHandler
 .text.USART1_IRQHandler
                0x000000000800104c       0x14 Core/Src/stm32f1xx_it.o
                0x000000000800104c                USART1_IRQHandler
 .text._read    0x0000000008001060       0x3a Core/Src/syscalls.o
                0x0000000008001060                _read
 .text._close   0x000000000800109a       0x16 Core/Src/syscalls.o
                0x000000000800109a                _close
 .text._fstat   0x00000000080010b0       0x1e Core/Src/syscalls.o
                0x00000000080010b0                _fstat
 .text._isatty  0x00000000080010ce       0x14 Core/Src/syscalls.o
                0x00000000080010ce                _isatty
 .text._lseek   0x00000000080010e2       0x18 Core/Src/syscalls.o
                0x00000000080010e2                _lseek
 *fill*         0x00000000080010fa        0x2 
 .text._sbrk    0x00000000080010fc       0x6c Core/Src/sysmem.o
                0x00000000080010fc                _sbrk
 .text.SystemInit
                0x0000000008001168        0xc Core/Src/system_stm32f1xx.o
                0x0000000008001168                SystemInit
 .text.Reset_Handler
                0x0000000008001174       0x48 Core/Startup/startup_stm32f103rbtx.o
                0x0000000008001174                Reset_Handler
 .text.Default_Handler
                0x00000000080011bc        0x2 Core/Startup/startup_stm32f103rbtx.o
                0x00000000080011bc                RTC_Alarm_IRQHandler
                0x00000000080011bc                EXTI2_IRQHandler
                0x00000000080011bc                TIM1_CC_IRQHandler
                0x00000000080011bc                PVD_IRQHandler
                0x00000000080011bc                EXTI3_IRQHandler
                0x00000000080011bc                EXTI0_IRQHandler
                0x00000000080011bc                I2C2_EV_IRQHandler
                0x00000000080011bc                ADC1_2_IRQHandler
                0x00000000080011bc                SPI1_IRQHandler
                0x00000000080011bc                TAMPER_IRQHandler
                0x00000000080011bc                DMA1_Channel4_IRQHandler
                0x00000000080011bc                USART3_IRQHandler
                0x00000000080011bc                RTC_IRQHandler
                0x00000000080011bc                DMA1_Channel7_IRQHandler
                0x00000000080011bc                CAN1_RX1_IRQHandler
                0x00000000080011bc                TIM4_IRQHandler
                0x00000000080011bc                I2C1_EV_IRQHandler
                0x00000000080011bc                DMA1_Channel6_IRQHandler
                0x00000000080011bc                TIM3_IRQHandler
                0x00000000080011bc                RCC_IRQHandler
                0x00000000080011bc                TIM1_TRG_COM_IRQHandler
                0x00000000080011bc                DMA1_Channel1_IRQHandler
                0x00000000080011bc                Default_Handler
                0x00000000080011bc                EXTI15_10_IRQHandler
                0x00000000080011bc                EXTI9_5_IRQHandler
                0x00000000080011bc                SPI2_IRQHandler
                0x00000000080011bc                DMA1_Channel5_IRQHandler
                0x00000000080011bc                EXTI4_IRQHandler
                0x00000000080011bc                USB_HP_CAN1_TX_IRQHandler
                0x00000000080011bc                DMA1_Channel3_IRQHandler
                0x00000000080011bc                TIM1_UP_IRQHandler
                0x00000000080011bc                WWDG_IRQHandler
                0x00000000080011bc                TIM2_IRQHandler
                0x00000000080011bc                TIM1_BRK_IRQHandler
                0x00000000080011bc                EXTI1_IRQHandler
                0x00000000080011bc                USART2_IRQHandler
                0x00000000080011bc                I2C2_ER_IRQHandler
                0x00000000080011bc                DMA1_Channel2_IRQHandler
                0x00000000080011bc                CAN1_SCE_IRQHandler
                0x00000000080011bc                FLASH_IRQHandler
                0x00000000080011bc                I2C1_ER_IRQHandler
                0x00000000080011bc                USBWakeUp_IRQHandler
 *fill*         0x00000000080011be        0x2 
 .text.HAL_Init
                0x00000000080011c0       0x2c Drivers/STM32F1xx_HAL_Driver/Src/stm32f1xx_hal.o
                0x00000000080011c0                HAL_Init
 .text.HAL_InitTick
                0x00000000080011ec       0x60 Drivers/STM32F1xx_HAL_Driver/Src/stm32f1xx_hal.o
                0x00000000080011ec                HAL_InitTick
 .text.HAL_IncTick
                0x000000000800124c       0x24 Drivers/STM32F1xx_HAL_Driver/Src/stm32f1xx_hal.o
                0x000000000800124c                HAL_IncTick
 .text.HAL_GetTick
                0x0000000008001270       0x14 Drivers/STM32F1xx_HAL_Driver/Src/stm32f1xx_hal.o
                0x0000000008001270                HAL_GetTick
 .text.HAL_Delay
                0x0000000008001284       0x44 Drivers/STM32F1xx_HAL_Driver/Src/stm32f1xx_hal.o
                0x0000000008001284                HAL_Delay
 .text.__NVIC_SetPriorityGrouping
                0x00000000080012c8       0x48 Drivers/STM32F1xx_HAL_Driver/Src/stm32f1xx_hal_cortex.o
 .text.__NVIC_GetPriorityGrouping
                0x0000000008001310       0x1c Drivers/STM32F1xx_HAL_Driver/Src/stm32f1xx_hal_cortex.o
 .text.__NVIC_EnableIRQ
                0x000000000800132c       0x38 Drivers/STM32F1xx_HAL_Driver/Src/stm32f1xx_hal_cortex.o
 .text.__NVIC_SetPriority
                0x0000000008001364       0x54 Drivers/STM32F1xx_HAL_Driver/Src/stm32f1xx_hal_cortex.o
 .text.NVIC_EncodePriority
                0x00000000080013b8       0x64 Drivers/STM32F1xx_HAL_Driver/Src/stm32f1xx_hal_cortex.o
 .text.SysTick_Config
                0x000000000800141c       0x44 Drivers/STM32F1xx_HAL_Driver/Src/stm32f1xx_hal_cortex.o
 .text.HAL_NVIC_SetPriorityGrouping
                0x0000000008001460       0x16 Drivers/STM32F1xx_HAL_Driver/Src/stm32f1xx_hal_cortex.o
                0x0000000008001460                HAL_NVIC_SetPriorityGrouping
 .text.HAL_NVIC_SetPriority
                0x0000000008001476       0x38 Drivers/STM32F1xx_HAL_Driver/Src/stm32f1xx_hal_cortex.o
                0x0000000008001476                HAL_NVIC_SetPriority
 .text.HAL_NVIC_EnableIRQ
                0x00000000080014ae       0x1c Drivers/STM32F1xx_HAL_Driver/Src/stm32f1xx_hal_cortex.o
                0x00000000080014ae                HAL_NVIC_EnableIRQ
 .text.HAL_SYSTICK_Config
                0x00000000080014ca       0x18 Drivers/STM32F1xx_HAL_Driver/Src/stm32f1xx_hal_cortex.o
                0x00000000080014ca                HAL_SYSTICK_Config
 *fill*         0x00000000080014e2        0x2 
 .text.HAL_DMA_Abort_IT
                0x00000000080014e4       0xec Drivers/STM32F1xx_HAL_Driver/Src/stm32f1xx_hal_dma.o
                0x00000000080014e4                HAL_DMA_Abort_IT
 .text.HAL_FLASHEx_OBGetUserData
                0x00000000080015d0       0x40 Drivers/STM32F1xx_HAL_Driver/Src/stm32f1xx_hal_flash_ex.o
                0x00000000080015d0                HAL_FLASHEx_OBGetUserData
 .text.HAL_GPIO_Init
                0x0000000008001610      0x2b4 Drivers/STM32F1xx_HAL_Driver/Src/stm32f1xx_hal_gpio.o
                0x0000000008001610                HAL_GPIO_Init
 .text.HAL_GPIO_WritePin
                0x00000000080018c4       0x30 Drivers/STM32F1xx_HAL_Driver/Src/stm32f1xx_hal_gpio.o
                0x00000000080018c4                HAL_GPIO_WritePin
 .text.HAL_PCD_Init
                0x00000000080018f4      0x216 Drivers/STM32F1xx_HAL_Driver/Src/stm32f1xx_hal_pcd.o
                0x00000000080018f4                HAL_PCD_Init
 .text.HAL_PCD_Start
                0x0000000008001b0a       0x4c Drivers/STM32F1xx_HAL_Driver/Src/stm32f1xx_hal_pcd.o
                0x0000000008001b0a                HAL_PCD_Start
 .text.HAL_PCD_IRQHandler
                0x0000000008001b56      0x2aa Drivers/STM32F1xx_HAL_Driver/Src/stm32f1xx_hal_pcd.o
                0x0000000008001b56                HAL_PCD_IRQHandler
 .text.HAL_PCD_SetAddress
                0x0000000008001e00       0x4a Drivers/STM32F1xx_HAL_Driver/Src/stm32f1xx_hal_pcd.o
                0x0000000008001e00                HAL_PCD_SetAddress
 .text.HAL_PCD_EP_Open
                0x0000000008001e4a       0xcc Drivers/STM32F1xx_HAL_Driver/Src/stm32f1xx_hal_pcd.o
                0x0000000008001e4a                HAL_PCD_EP_Open
 .text.HAL_PCD_EP_Close
                0x0000000008001f16       0x90 Drivers/STM32F1xx_HAL_Driver/Src/stm32f1xx_hal_pcd.o
                0x0000000008001f16                HAL_PCD_EP_Close
 .text.HAL_PCD_EP_Receive
                0x0000000008001fa6       0x7a Drivers/STM32F1xx_HAL_Driver/Src/stm32f1xx_hal_pcd.o
                0x0000000008001fa6                HAL_PCD_EP_Receive
 .text.HAL_PCD_EP_GetRxCount
                0x0000000008002020       0x2e Drivers/STM32F1xx_HAL_Driver/Src/stm32f1xx_hal_pcd.o
                0x0000000008002020                HAL_PCD_EP_GetRxCount
 .text.HAL_PCD_EP_Transmit
                0x000000000800204e       0x86 Drivers/STM32F1xx_HAL_Driver/Src/stm32f1xx_hal_pcd.o
                0x000000000800204e                HAL_PCD_EP_Transmit
 .text.HAL_PCD_EP_SetStall
                0x00000000080020d4       0xc0 Drivers/STM32F1xx_HAL_Driver/Src/stm32f1xx_hal_pcd.o
                0x00000000080020d4                HAL_PCD_EP_SetStall
 .text.HAL_PCD_EP_ClrStall
                0x0000000008002194       0xa8 Drivers/STM32F1xx_HAL_Driver/Src/stm32f1xx_hal_pcd.o
                0x0000000008002194                HAL_PCD_EP_ClrStall
 .text.PCD_EP_ISR_Handler
                0x000000000800223c      0x5e6 Drivers/STM32F1xx_HAL_Driver/Src/stm32f1xx_hal_pcd.o
 .text.HAL_PCD_EP_DB_Receive
                0x0000000008002822      0x21a Drivers/STM32F1xx_HAL_Driver/Src/stm32f1xx_hal_pcd.o
 .text.HAL_PCD_EP_DB_Transmit
                0x0000000008002a3c      0x53a Drivers/STM32F1xx_HAL_Driver/Src/stm32f1xx_hal_pcd.o
 .text.HAL_PCDEx_PMAConfig
                0x0000000008002f76       0x84 Drivers/STM32F1xx_HAL_Driver/Src/stm32f1xx_hal_pcd_ex.o
                0x0000000008002f76                HAL_PCDEx_PMAConfig
 *fill*         0x0000000008002ffa        0x2 
 .text.HAL_RCC_OscConfig
                0x0000000008002ffc      0x500 Drivers/STM32F1xx_HAL_Driver/Src/stm32f1xx_hal_rcc.o
                0x0000000008002ffc                HAL_RCC_OscConfig
 .text.HAL_RCC_ClockConfig
                0x00000000080034fc      0x1d4 Drivers/STM32F1xx_HAL_Driver/Src/stm32f1xx_hal_rcc.o
                0x00000000080034fc                HAL_RCC_ClockConfig
 .text.HAL_RCC_GetSysClockFreq
                0x00000000080036d0       0xc4 Drivers/STM32F1xx_HAL_Driver/Src/stm32f1xx_hal_rcc.o
                0x00000000080036d0                HAL_RCC_GetSysClockFreq
 .text.HAL_RCC_GetHCLKFreq
                0x0000000008003794       0x14 Drivers/STM32F1xx_HAL_Driver/Src/stm32f1xx_hal_rcc.o
                0x0000000008003794                HAL_RCC_GetHCLKFreq
 .text.HAL_RCC_GetPCLK1Freq
                0x00000000080037a8       0x28 Drivers/STM32F1xx_HAL_Driver/Src/stm32f1xx_hal_rcc.o
                0x00000000080037a8                HAL_RCC_GetPCLK1Freq
 .text.HAL_RCC_GetPCLK2Freq
                0x00000000080037d0       0x28 Drivers/STM32F1xx_HAL_Driver/Src/stm32f1xx_hal_rcc.o
                0x00000000080037d0                HAL_RCC_GetPCLK2Freq
 .text.RCC_Delay
                0x00000000080037f8       0x3c Drivers/STM32F1xx_HAL_Driver/Src/stm32f1xx_hal_rcc.o
 .text.HAL_RCCEx_PeriphCLKConfig
                0x0000000008003834      0x16c Drivers/STM32F1xx_HAL_Driver/Src/stm32f1xx_hal_rcc_ex.o
                0x0000000008003834                HAL_RCCEx_PeriphCLKConfig
 .text.HAL_SPI_Init
                0x00000000080039a0      0x108 Drivers/STM32F1xx_HAL_Driver/Src/stm32f1xx_hal_spi.o
                0x00000000080039a0                HAL_SPI_Init
 .text.HAL_SPI_TransmitReceive
                0x0000000008003aa8      0x344 Drivers/STM32F1xx_HAL_Driver/Src/stm32f1xx_hal_spi.o
                0x0000000008003aa8                HAL_SPI_TransmitReceive
 .text.SPI_WaitFlagStateUntilTimeout
                0x0000000008003dec      0x110 Drivers/STM32F1xx_HAL_Driver/Src/stm32f1xx_hal_spi.o
 .text.SPI_EndRxTxTransaction
                0x0000000008003efc       0x3c Drivers/STM32F1xx_HAL_Driver/Src/stm32f1xx_hal_spi.o
 .text.HAL_UART_Init
                0x0000000008003f38       0xb4 Drivers/STM32F1xx_HAL_Driver/Src/stm32f1xx_hal_uart.o
                0x0000000008003f38                HAL_UART_Init
 .text.HAL_UART_RegisterCallback
                0x0000000008003fec      0x150 Drivers/STM32F1xx_HAL_Driver/Src/stm32f1xx_hal_uart.o
                0x0000000008003fec                HAL_UART_RegisterCallback
 .text.HAL_UART_Transmit_IT
                0x000000000800413c       0x88 Drivers/STM32F1xx_HAL_Driver/Src/stm32f1xx_hal_uart.o
                0x000000000800413c                HAL_UART_Transmit_IT
 .text.HAL_UART_Receive_IT
                0x00000000080041c4       0xa8 Drivers/STM32F1xx_HAL_Driver/Src/stm32f1xx_hal_uart.o
                0x00000000080041c4                HAL_UART_Receive_IT
 .text.HAL_UART_IRQHandler
                0x000000000800426c      0x208 Drivers/STM32F1xx_HAL_Driver/Src/stm32f1xx_hal_uart.o
                0x000000000800426c                HAL_UART_IRQHandler
 .text.HAL_UART_TxCpltCallback
                0x0000000008004474       0x12 Drivers/STM32F1xx_HAL_Driver/Src/stm32f1xx_hal_uart.o
                0x0000000008004474                HAL_UART_TxCpltCallback
 .text.HAL_UART_TxHalfCpltCallback
                0x0000000008004486       0x12 Drivers/STM32F1xx_HAL_Driver/Src/stm32f1xx_hal_uart.o
                0x0000000008004486                HAL_UART_TxHalfCpltCallback
 .text.HAL_UART_RxCpltCallback
                0x0000000008004498       0x12 Drivers/STM32F1xx_HAL_Driver/Src/stm32f1xx_hal_uart.o
                0x0000000008004498                HAL_UART_RxCpltCallback
 .text.HAL_UART_RxHalfCpltCallback
                0x00000000080044aa       0x12 Drivers/STM32F1xx_HAL_Driver/Src/stm32f1xx_hal_uart.o
                0x00000000080044aa                HAL_UART_RxHalfCpltCallback
 .text.HAL_UART_ErrorCallback
                0x00000000080044bc       0x12 Drivers/STM32F1xx_HAL_Driver/Src/stm32f1xx_hal_uart.o
                0x00000000080044bc                HAL_UART_ErrorCallback
 .text.HAL_UART_AbortCpltCallback
                0x00000000080044ce       0x12 Drivers/STM32F1xx_HAL_Driver/Src/stm32f1xx_hal_uart.o
                0x00000000080044ce                HAL_UART_AbortCpltCallback
 .text.HAL_UART_AbortTransmitCpltCallback
                0x00000000080044e0       0x12 Drivers/STM32F1xx_HAL_Driver/Src/stm32f1xx_hal_uart.o
                0x00000000080044e0                HAL_UART_AbortTransmitCpltCallback
 .text.HAL_UART_AbortReceiveCpltCallback
                0x00000000080044f2       0x12 Drivers/STM32F1xx_HAL_Driver/Src/stm32f1xx_hal_uart.o
                0x00000000080044f2                HAL_UART_AbortReceiveCpltCallback
 .text.UART_InitCallbacksToDefault
                0x0000000008004504       0x64 Drivers/STM32F1xx_HAL_Driver/Src/stm32f1xx_hal_uart.o
                0x0000000008004504                UART_InitCallbacksToDefault
 .text.UART_EndRxTransfer
                0x0000000008004568       0x3a Drivers/STM32F1xx_HAL_Driver/Src/stm32f1xx_hal_uart.o
 .text.UART_DMAAbortOnError
                0x00000000080045a2       0x2a Drivers/STM32F1xx_HAL_Driver/Src/stm32f1xx_hal_uart.o
 .text.UART_Transmit_IT
                0x00000000080045cc       0x9e Drivers/STM32F1xx_HAL_Driver/Src/stm32f1xx_hal_uart.o
 .text.UART_EndTransmit_IT
                0x000000000800466a       0x32 Drivers/STM32F1xx_HAL_Driver/Src/stm32f1xx_hal_uart.o
 .text.UART_Receive_IT
                0x000000000800469c      0x102 Drivers/STM32F1xx_HAL_Driver/Src/stm32f1xx_hal_uart.o
 *fill*         0x000000000800479e        0x2 
 .text.UART_SetConfig
                0x00000000080047a0      0x11c Drivers/STM32F1xx_HAL_Driver/Src/stm32f1xx_hal_uart.o
 .text.USB_CoreInit
                0x00000000080048bc       0x20 Drivers/STM32F1xx_HAL_Driver/Src/stm32f1xx_ll_usb.o
                0x00000000080048bc                USB_CoreInit
 .text.USB_EnableGlobalInt
                0x00000000080048dc       0x2c Drivers/STM32F1xx_HAL_Driver/Src/stm32f1xx_ll_usb.o
                0x00000000080048dc                USB_EnableGlobalInt
 .text.USB_DisableGlobalInt
                0x0000000008004908       0x34 Drivers/STM32F1xx_HAL_Driver/Src/stm32f1xx_ll_usb.o
                0x0000000008004908                USB_DisableGlobalInt
 .text.USB_SetCurrentMode
                0x000000000800493c       0x18 Drivers/STM32F1xx_HAL_Driver/Src/stm32f1xx_ll_usb.o
                0x000000000800493c                USB_SetCurrentMode
 .text.USB_DevInit
                0x0000000008004954       0x40 Drivers/STM32F1xx_HAL_Driver/Src/stm32f1xx_ll_usb.o
                0x0000000008004954                USB_DevInit
 .text.USB_ActivateEndpoint
                0x0000000008004994      0x6d4 Drivers/STM32F1xx_HAL_Driver/Src/stm32f1xx_ll_usb.o
                0x0000000008004994                USB_ActivateEndpoint
 .text.USB_DeactivateEndpoint
                0x0000000008005068      0x3d8 Drivers/STM32F1xx_HAL_Driver/Src/stm32f1xx_ll_usb.o
                0x0000000008005068                USB_DeactivateEndpoint
 .text.USB_EPStartXfer
                0x0000000008005440     0x1240 Drivers/STM32F1xx_HAL_Driver/Src/stm32f1xx_ll_usb.o
                0x0000000008005440                USB_EPStartXfer
 .text.USB_EPSetStall
                0x0000000008006680       0xa0 Drivers/STM32F1xx_HAL_Driver/Src/stm32f1xx_ll_usb.o
                0x0000000008006680                USB_EPSetStall
 .text.USB_EPClearStall
                0x0000000008006720      0x15a Drivers/STM32F1xx_HAL_Driver/Src/stm32f1xx_ll_usb.o
                0x0000000008006720                USB_EPClearStall
 .text.USB_SetDevAddress
                0x000000000800687a       0x26 Drivers/STM32F1xx_HAL_Driver/Src/stm32f1xx_ll_usb.o
                0x000000000800687a                USB_SetDevAddress
 .text.USB_DevConnect
                0x00000000080068a0       0x14 Drivers/STM32F1xx_HAL_Driver/Src/stm32f1xx_ll_usb.o
                0x00000000080068a0                USB_DevConnect
 .text.USB_DevDisconnect
                0x00000000080068b4       0x14 Drivers/STM32F1xx_HAL_Driver/Src/stm32f1xx_ll_usb.o
                0x00000000080068b4                USB_DevDisconnect
 .text.USB_ReadInterrupts
                0x00000000080068c8       0x1e Drivers/STM32F1xx_HAL_Driver/Src/stm32f1xx_ll_usb.o
                0x00000000080068c8                USB_ReadInterrupts
 .text.USB_EP0_OutStart
                0x00000000080068e6       0x16 Drivers/STM32F1xx_HAL_Driver/Src/stm32f1xx_ll_usb.o
                0x00000000080068e6                USB_EP0_OutStart
 .text.USB_WritePMA
                0x00000000080068fc       0x88 Drivers/STM32F1xx_HAL_Driver/Src/stm32f1xx_ll_usb.o
                0x00000000080068fc                USB_WritePMA
 .text.USB_ReadPMA
                0x0000000008006984       0x9e Drivers/STM32F1xx_HAL_Driver/Src/stm32f1xx_ll_usb.o
                0x0000000008006984                USB_ReadPMA
 .text.USBD_CDC_Init
                0x0000000008006a22       0xf4 Middlewares/ST/STM32_USB_Device_Library/Class/CDC/Src/usbd_cdc.o
 .text.USBD_CDC_DeInit
                0x0000000008006b16       0x6e Middlewares/ST/STM32_USB_Device_Library/Class/CDC/Src/usbd_cdc.o
 .text.USBD_CDC_Setup
                0x0000000008006b84      0x140 Middlewares/ST/STM32_USB_Device_Library/Class/CDC/Src/usbd_cdc.o
 .text.USBD_CDC_DataIn
                0x0000000008006cc4       0xa6 Middlewares/ST/STM32_USB_Device_Library/Class/CDC/Src/usbd_cdc.o
 .text.USBD_CDC_DataOut
                0x0000000008006d6a       0x56 Middlewares/ST/STM32_USB_Device_Library/Class/CDC/Src/usbd_cdc.o
 .text.USBD_CDC_EP0_RxReady
                0x0000000008006dc0       0x50 Middlewares/ST/STM32_USB_Device_Library/Class/CDC/Src/usbd_cdc.o
 .text.USBD_CDC_GetFSCfgDesc
                0x0000000008006e10       0x20 Middlewares/ST/STM32_USB_Device_Library/Class/CDC/Src/usbd_cdc.o
 .text.USBD_CDC_GetHSCfgDesc
                0x0000000008006e30       0x20 Middlewares/ST/STM32_USB_Device_Library/Class/CDC/Src/usbd_cdc.o
 .text.USBD_CDC_GetOtherSpeedCfgDesc
                0x0000000008006e50       0x20 Middlewares/ST/STM32_USB_Device_Library/Class/CDC/Src/usbd_cdc.o
 .text.USBD_CDC_GetDeviceQualifierDescriptor
                0x0000000008006e70       0x20 Middlewares/ST/STM32_USB_Device_Library/Class/CDC/Src/usbd_cdc.o
                0x0000000008006e70                USBD_CDC_GetDeviceQualifierDescriptor
 .text.USBD_CDC_RegisterInterface
                0x0000000008006e90       0x2c Middlewares/ST/STM32_USB_Device_Library/Class/CDC/Src/usbd_cdc.o
                0x0000000008006e90                USBD_CDC_RegisterInterface
 .text.USBD_CDC_SetTxBuffer
                0x0000000008006ebc       0x32 Middlewares/ST/STM32_USB_Device_Library/Class/CDC/Src/usbd_cdc.o
                0x0000000008006ebc                USBD_CDC_SetTxBuffer
 .text.USBD_CDC_SetRxBuffer
                0x0000000008006eee       0x26 Middlewares/ST/STM32_USB_Device_Library/Class/CDC/Src/usbd_cdc.o
                0x0000000008006eee                USBD_CDC_SetRxBuffer
 .text.USBD_CDC_TransmitPacket
                0x0000000008006f14       0x5e Middlewares/ST/STM32_USB_Device_Library/Class/CDC/Src/usbd_cdc.o
                0x0000000008006f14                USBD_CDC_TransmitPacket
 .text.USBD_CDC_ReceivePacket
                0x0000000008006f72       0x54 Middlewares/ST/STM32_USB_Device_Library/Class/CDC/Src/usbd_cdc.o
                0x0000000008006f72                USBD_CDC_ReceivePacket
 .text.USBD_Init
                0x0000000008006fc6       0x56 Middlewares/ST/STM32_USB_Device_Library/Core/Src/usbd_core.o
                0x0000000008006fc6                USBD_Init
 .text.USBD_RegisterClass
                0x000000000800701c       0x32 Middlewares/ST/STM32_USB_Device_Library/Core/Src/usbd_core.o
                0x000000000800701c                USBD_RegisterClass
 .text.USBD_Start
                0x000000000800704e       0x18 Middlewares/ST/STM32_USB_Device_Library/Core/Src/usbd_core.o
                0x000000000800704e                USBD_Start
 .text.USBD_RunTestMode
                0x0000000008007066       0x14 Middlewares/ST/STM32_USB_Device_Library/Core/Src/usbd_core.o
                0x0000000008007066                USBD_RunTestMode
 .text.USBD_SetClassConfig
                0x000000000800707a       0x3e Middlewares/ST/STM32_USB_Device_Library/Core/Src/usbd_core.o
                0x000000000800707a                USBD_SetClassConfig
 .text.USBD_ClrClassConfig
                0x00000000080070b8       0x26 Middlewares/ST/STM32_USB_Device_Library/Core/Src/usbd_core.o
                0x00000000080070b8                USBD_ClrClassConfig
 .text.USBD_LL_SetupStage
                0x00000000080070de       0x96 Middlewares/ST/STM32_USB_Device_Library/Core/Src/usbd_core.o
                0x00000000080070de                USBD_LL_SetupStage
 .text.USBD_LL_DataOutStage
                0x0000000008007174       0xe2 Middlewares/ST/STM32_USB_Device_Library/Core/Src/usbd_core.o
                0x0000000008007174                USBD_LL_DataOutStage
 .text.USBD_LL_DataInStage
                0x0000000008007256      0x14a Middlewares/ST/STM32_USB_Device_Library/Core/Src/usbd_core.o
                0x0000000008007256                USBD_LL_DataInStage
 .text.USBD_LL_Reset
                0x00000000080073a0       0x82 Middlewares/ST/STM32_USB_Device_Library/Core/Src/usbd_core.o
                0x00000000080073a0                USBD_LL_Reset
 .text.USBD_LL_SetSpeed
                0x0000000008007422       0x1e Middlewares/ST/STM32_USB_Device_Library/Core/Src/usbd_core.o
                0x0000000008007422                USBD_LL_SetSpeed
 .text.USBD_LL_Suspend
                0x0000000008007440       0x28 Middlewares/ST/STM32_USB_Device_Library/Core/Src/usbd_core.o
                0x0000000008007440                USBD_LL_Suspend
 .text.USBD_LL_Resume
                0x0000000008007468       0x2a Middlewares/ST/STM32_USB_Device_Library/Core/Src/usbd_core.o
                0x0000000008007468                USBD_LL_Resume
 .text.USBD_LL_SOF
                0x0000000008007492       0x34 Middlewares/ST/STM32_USB_Device_Library/Core/Src/usbd_core.o
                0x0000000008007492                USBD_LL_SOF
 *fill*         0x00000000080074c6        0x2 
 .text.USBD_StdDevReq
                0x00000000080074c8       0xd4 Middlewares/ST/STM32_USB_Device_Library/Core/Src/usbd_ctlreq.o
                0x00000000080074c8                USBD_StdDevReq
 .text.USBD_StdItfReq
                0x000000000800759c       0x8c Middlewares/ST/STM32_USB_Device_Library/Core/Src/usbd_ctlreq.o
                0x000000000800759c                USBD_StdItfReq
 .text.USBD_StdEPReq
                0x0000000008007628      0x2ba Middlewares/ST/STM32_USB_Device_Library/Core/Src/usbd_ctlreq.o
                0x0000000008007628                USBD_StdEPReq
 *fill*         0x00000000080078e2        0x2 
 .text.USBD_GetDescriptor
                0x00000000080078e4      0x2d0 Middlewares/ST/STM32_USB_Device_Library/Core/Src/usbd_ctlreq.o
 .text.USBD_SetAddress
                0x0000000008007bb4       0x84 Middlewares/ST/STM32_USB_Device_Library/Core/Src/usbd_ctlreq.o
 .text.USBD_SetConfig
                0x0000000008007c38      0x11c Middlewares/ST/STM32_USB_Device_Library/Core/Src/usbd_ctlreq.o
 .text.USBD_GetConfig
                0x0000000008007d54       0x68 Middlewares/ST/STM32_USB_Device_Library/Core/Src/usbd_ctlreq.o
 .text.USBD_GetStatus
                0x0000000008007dbc       0x66 Middlewares/ST/STM32_USB_Device_Library/Core/Src/usbd_ctlreq.o
 .text.USBD_SetFeature
                0x0000000008007e22       0x28 Middlewares/ST/STM32_USB_Device_Library/Core/Src/usbd_ctlreq.o
 .text.USBD_ClrFeature
                0x0000000008007e4a       0x42 Middlewares/ST/STM32_USB_Device_Library/Core/Src/usbd_ctlreq.o
 .text.USBD_ParseSetupRequest
                0x0000000008007e8c       0x78 Middlewares/ST/STM32_USB_Device_Library/Core/Src/usbd_ctlreq.o
                0x0000000008007e8c                USBD_ParseSetupRequest
 .text.USBD_CtlError
                0x0000000008007f04       0x22 Middlewares/ST/STM32_USB_Device_Library/Core/Src/usbd_ctlreq.o
                0x0000000008007f04                USBD_CtlError
 .text.USBD_GetString
                0x0000000008007f26       0x84 Middlewares/ST/STM32_USB_Device_Library/Core/Src/usbd_ctlreq.o
                0x0000000008007f26                USBD_GetString
 .text.USBD_GetLen
                0x0000000008007faa       0x2e Middlewares/ST/STM32_USB_Device_Library/Core/Src/usbd_ctlreq.o
 .text.USBD_CtlSendData
                0x0000000008007fd8       0x38 Middlewares/ST/STM32_USB_Device_Library/Core/Src/usbd_ioreq.o
                0x0000000008007fd8                USBD_CtlSendData
 .text.USBD_CtlContinueSendData
                0x0000000008008010       0x24 Middlewares/ST/STM32_USB_Device_Library/Core/Src/usbd_ioreq.o
                0x0000000008008010                USBD_CtlContinueSendData
 .text.USBD_CtlPrepareRx
                0x0000000008008034       0x3c Middlewares/ST/STM32_USB_Device_Library/Core/Src/usbd_ioreq.o
                0x0000000008008034                USBD_CtlPrepareRx
 .text.USBD_CtlContinueRx
                0x0000000008008070       0x24 Middlewares/ST/STM32_USB_Device_Library/Core/Src/usbd_ioreq.o
                0x0000000008008070                USBD_CtlContinueRx
 .text.USBD_CtlSendStatus
                0x0000000008008094       0x26 Middlewares/ST/STM32_USB_Device_Library/Core/Src/usbd_ioreq.o
                0x0000000008008094                USBD_CtlSendStatus
 .text.USBD_CtlReceiveStatus
                0x00000000080080ba       0x26 Middlewares/ST/STM32_USB_Device_Library/Core/Src/usbd_ioreq.o
                0x00000000080080ba                USBD_CtlReceiveStatus
 .text._ZN5SPI_14InitEv
                0x00000000080080e0       0x64 RFM69/RFM69.o
                0x00000000080080e0                SPI_1::Init()
 .text._ZN5SPI_12RWEh
                0x0000000008008144       0x2c RFM69/RFM69.o
                0x0000000008008144                SPI_1::RW(unsigned char)
 .text._ZN5RFM695CS_DNEv
                0x0000000008008170       0x18 RFM69/RFM69.o
                0x0000000008008170                RFM69::CS_DN()
 .text._ZN5RFM695CS_UPEv
                0x0000000008008188       0x18 RFM69/RFM69.o
                0x0000000008008188                RFM69::CS_UP()
 .text._ZN5RFM698RESET_DNEv
                0x00000000080081a0       0x18 RFM69/RFM69.o
                0x00000000080081a0                RFM69::RESET_DN()
 .text._ZN5RFM698RESET_UPEv
                0x00000000080081b8       0x18 RFM69/RFM69.o
                0x00000000080081b8                RFM69::RESET_UP()
 .text._ZN5RFM696InitIOEv
                0x00000000080081d0       0x60 RFM69/RFM69.o
                0x00000000080081d0                RFM69::InitIO()
 .text._ZN5RFM694InitEPK6RFMCfg
                0x0000000008008230      0x260 RFM69/RFM69.o
                0x0000000008008230                RFM69::Init(RFMCfg const*)
 .text._ZN5RFM697readRegEh
                0x0000000008008490       0x2e RFM69/RFM69.o
                0x0000000008008490                RFM69::readReg(unsigned char)
 .text._ZN5RFM698writeRegEhh
                0x00000000080084be       0x36 RFM69/RFM69.o
                0x00000000080084be                RFM69::writeReg(unsigned char, unsigned char)
 .text._ZN5RFM699writeMRegEhPKhi
                0x00000000080084f4       0x50 RFM69/RFM69.o
                0x00000000080084f4                RFM69::writeMReg(unsigned char, unsigned char const*, int)
 .text._ZN5RFM699modifyRegEhhh
                0x0000000008008544       0x4c RFM69/RFM69.o
                0x0000000008008544                RFM69::modifyReg(unsigned char, unsigned char, unsigned char)
 .text._ZN5RFM6916setHighPowerRegsEb
                0x0000000008008590       0x3a RFM69/RFM69.o
                0x0000000008008590                RFM69::setHighPowerRegs(bool)
 *fill*         0x00000000080085ca        0x2 
 .text._ZN5RFM6913setPowerLevelEh
                0x00000000080085cc       0x5c RFM69/RFM69.o
                0x00000000080085cc                RFM69::setPowerLevel(unsigned char)
 .text._ZN5RFM699setPAModeE6PAMode
                0x0000000008008628       0x88 RFM69/RFM69.o
                0x0000000008008628                RFM69::setPAMode(PAMode)
 .text._ZN5RFM697setModeE11TRFM69_MODE
                0x00000000080086b0       0xc8 RFM69/RFM69.o
                0x00000000080086b0                RFM69::setMode(TRFM69_MODE)
 .text._ZN5RFM6912getFrequencyEv
                0x0000000008008778       0x60 RFM69/RFM69.o
                0x0000000008008778                RFM69::getFrequency()
 .text._ZN5RFM6912setFrequencyEm
                0x00000000080087d8       0x8c RFM69/RFM69.o
                0x00000000080087d8                RFM69::setFrequency(unsigned long)
 *fill*         0x0000000008008864        0x4 
 .text._ZN5RFM6910getBitRateEv
                0x0000000008008868       0x60 RFM69/RFM69.o
                0x0000000008008868                RFM69::getBitRate()
 .text._ZN5RFM6910setBitRateEm
                0x00000000080088c8       0x60 RFM69/RFM69.o
                0x00000000080088c8                RFM69::setBitRate(unsigned long)
 .text._ZN5RFM6912getDeviationEv
                0x0000000008008928       0x3c RFM69/RFM69.o
                0x0000000008008928                RFM69::getDeviation()
 .text._ZN5RFM6912setDeviationEm
                0x0000000008008964       0x48 RFM69/RFM69.o
                0x0000000008008964                RFM69::setDeviation(unsigned long)
 .text._ZN5RFM6915readTemperatureEh
                0x00000000080089ac       0x50 RFM69/RFM69.o
                0x00000000080089ac                RFM69::readTemperature(unsigned char)
 .text._ZN5RFM697encryptEPKc
                0x00000000080089fc       0x3c RFM69/RFM69.o
                0x00000000080089fc                RFM69::encrypt(char const*)
 .text._ZN5RFM6910sendPacketEhPKvh
                0x0000000008008a38       0xe6 RFM69/RFM69.o
                0x0000000008008a38                RFM69::sendPacket(unsigned char, void const*, unsigned char)
 .text._ZN5RFM6911readRSSI_hdEb
                0x0000000008008b1e       0x44 RFM69/RFM69.o
                0x0000000008008b1e                RFM69::readRSSI_hd(bool)
 *fill*         0x0000000008008b62        0x2 
 .text._ZN5RFM698readRSSIEb
                0x0000000008008b64       0x40 RFM69/RFM69.o
                0x0000000008008b64                RFM69::readRSSI(bool)
 .text._ZN5RFM6910reciveTickEv
                0x0000000008008ba4      0x1e0 RFM69/RFM69.o
                0x0000000008008ba4                RFM69::reciveTick()
 .text._ZN5RFM6912receiveBeginEv
                0x0000000008008d84       0x40 RFM69/RFM69.o
                0x0000000008008d84                RFM69::receiveBegin()
 .text._ZN5RFM697dumpRegEv
                0x0000000008008dc4      0x158 RFM69/RFM69.o
                0x0000000008008dc4                RFM69::dumpReg()
 .text._ZN5RFM6910isNewFrameEv
                0x0000000008008f1c       0x24 RFM69/RFM69.o
                0x0000000008008f1c                RFM69::isNewFrame()
 .text._ZN5RFM694tickEv
                0x0000000008008f40        0xc RFM69/RFM69.o
                0x0000000008008f40                RFM69::tick()
 .text._ZN5RFM695shellEc
                0x0000000008008f4c      0x328 RFM69/RFM69.o
                0x0000000008008f4c                RFM69::shell(char)
 .text.MX_USB_DEVICE_Init
                0x0000000008009274       0x60 USB_DEVICE/App/usb_device.o
                0x0000000008009274                MX_USB_DEVICE_Init
 .text.CDC_IsTransmiterRdy
                0x00000000080092d4       0x2c USB_DEVICE/App/usbd_cdc_if.o
                0x00000000080092d4                CDC_IsTransmiterRdy
 .text.CDC_Init_FS
                0x0000000008009300       0x28 USB_DEVICE/App/usbd_cdc_if.o
 .text.CDC_DeInit_FS
                0x0000000008009328        0xe USB_DEVICE/App/usbd_cdc_if.o
 *fill*         0x0000000008009336        0x2 
 .text.CDC_Control_FS
                0x0000000008009338       0xec USB_DEVICE/App/usbd_cdc_if.o
 .text.CDC_Receive_FS
                0x0000000008009424       0x34 USB_DEVICE/App/usbd_cdc_if.o
 .text.CDC_Transmit_FS
                0x0000000008009458       0x4c USB_DEVICE/App/usbd_cdc_if.o
                0x0000000008009458                CDC_Transmit_FS
 .text.USBD_FS_DeviceDescriptor
                0x00000000080094a4       0x24 USB_DEVICE/App/usbd_desc.o
                0x00000000080094a4                USBD_FS_DeviceDescriptor
 .text.USBD_FS_LangIDStrDescriptor
                0x00000000080094c8       0x24 USB_DEVICE/App/usbd_desc.o
                0x00000000080094c8                USBD_FS_LangIDStrDescriptor
 .text.USBD_FS_ProductStrDescriptor
                0x00000000080094ec       0x3c USB_DEVICE/App/usbd_desc.o
                0x00000000080094ec                USBD_FS_ProductStrDescriptor
 .text.USBD_FS_ManufacturerStrDescriptor
                0x0000000008009528       0x28 USB_DEVICE/App/usbd_desc.o
                0x0000000008009528                USBD_FS_ManufacturerStrDescriptor
 .text.USBD_FS_SerialStrDescriptor
                0x0000000008009550       0x24 USB_DEVICE/App/usbd_desc.o
                0x0000000008009550                USBD_FS_SerialStrDescriptor
 .text.USBD_FS_ConfigStrDescriptor
                0x0000000008009574       0x3c USB_DEVICE/App/usbd_desc.o
                0x0000000008009574                USBD_FS_ConfigStrDescriptor
 .text.USBD_FS_InterfaceStrDescriptor
                0x00000000080095b0       0x3c USB_DEVICE/App/usbd_desc.o
                0x00000000080095b0                USBD_FS_InterfaceStrDescriptor
 .text.Get_SerialNum
                0x00000000080095ec       0x58 USB_DEVICE/App/usbd_desc.o
 .text.IntToUnicode
                0x0000000008009644       0x7a USB_DEVICE/App/usbd_desc.o
 *fill*         0x00000000080096be        0x2 
 .text.HAL_PCD_MspInit
                0x00000000080096c0       0x4c USB_DEVICE/Target/usbd_conf.o
                0x00000000080096c0                HAL_PCD_MspInit
 .text.HAL_PCD_SetupStageCallback
                0x000000000800970c       0x24 USB_DEVICE/Target/usbd_conf.o
                0x000000000800970c                HAL_PCD_SetupStageCallback
 .text.HAL_PCD_DataOutStageCallback
                0x0000000008009730       0x36 USB_DEVICE/Target/usbd_conf.o
                0x0000000008009730                HAL_PCD_DataOutStageCallback
 .text.HAL_PCD_DataInStageCallback
                0x0000000008009766       0x34 USB_DEVICE/Target/usbd_conf.o
                0x0000000008009766                HAL_PCD_DataInStageCallback
 .text.HAL_PCD_SOFCallback
                0x000000000800979a       0x1c USB_DEVICE/Target/usbd_conf.o
                0x000000000800979a                HAL_PCD_SOFCallback
 .text.HAL_PCD_ResetCallback
                0x00000000080097b6       0x3c USB_DEVICE/Target/usbd_conf.o
                0x00000000080097b6                HAL_PCD_ResetCallback
 *fill*         0x00000000080097f2        0x2 
 .text.HAL_PCD_SuspendCallback
                0x00000000080097f4       0x34 USB_DEVICE/Target/usbd_conf.o
                0x00000000080097f4                HAL_PCD_SuspendCallback
 .text.HAL_PCD_ResumeCallback
                0x0000000008009828       0x1c USB_DEVICE/Target/usbd_conf.o
                0x0000000008009828                HAL_PCD_ResumeCallback
 .text.USBD_LL_Init
                0x0000000008009844       0xb4 USB_DEVICE/Target/usbd_conf.o
                0x0000000008009844                USBD_LL_Init
 .text.USBD_LL_Start
                0x00000000080098f8       0x36 USB_DEVICE/Target/usbd_conf.o
                0x00000000080098f8                USBD_LL_Start
 .text.USBD_LL_OpenEP
                0x000000000800992e       0x4c USB_DEVICE/Target/usbd_conf.o
                0x000000000800992e                USBD_LL_OpenEP
 .text.USBD_LL_CloseEP
                0x000000000800997a       0x3e USB_DEVICE/Target/usbd_conf.o
                0x000000000800997a                USBD_LL_CloseEP
 .text.USBD_LL_StallEP
                0x00000000080099b8       0x3e USB_DEVICE/Target/usbd_conf.o
                0x00000000080099b8                USBD_LL_StallEP
 .text.USBD_LL_ClearStallEP
                0x00000000080099f6       0x3e USB_DEVICE/Target/usbd_conf.o
                0x00000000080099f6                USBD_LL_ClearStallEP
 .text.USBD_LL_IsStallEP
                0x0000000008009a34       0x58 USB_DEVICE/Target/usbd_conf.o
                0x0000000008009a34                USBD_LL_IsStallEP
 .text.USBD_LL_SetUSBAddress
                0x0000000008009a8c       0x3e USB_DEVICE/Target/usbd_conf.o
                0x0000000008009a8c                USBD_LL_SetUSBAddress
 .text.USBD_LL_Transmit
                0x0000000008009aca       0x46 USB_DEVICE/Target/usbd_conf.o
                0x0000000008009aca                USBD_LL_Transmit
 .text.USBD_LL_PrepareReceive
                0x0000000008009b10       0x46 USB_DEVICE/Target/usbd_conf.o
                0x0000000008009b10                USBD_LL_PrepareReceive
 .text.USBD_LL_GetRxDataSize
                0x0000000008009b56       0x26 USB_DEVICE/Target/usbd_conf.o
                0x0000000008009b56                USBD_LL_GetRxDataSize
 .text.USBD_static_malloc
                0x0000000008009b7c       0x18 USB_DEVICE/Target/usbd_conf.o
                0x0000000008009b7c                USBD_static_malloc
 .text.USBD_static_free
                0x0000000008009b94       0x12 USB_DEVICE/Target/usbd_conf.o
                0x0000000008009b94                USBD_static_free
 .text.HAL_PCDEx_SetConnectionState
                0x0000000008009ba6       0x16 USB_DEVICE/Target/usbd_conf.o
                0x0000000008009ba6                HAL_PCDEx_SetConnectionState
 .text.USBD_Get_USB_Status
                0x0000000008009bbc       0x58 USB_DEVICE/Target/usbd_conf.o
 .text._ZL6getDecPKc
                0x0000000008009c14       0x30 myCode/UMain.o
 .text._ZL7getInt3PKc
                0x0000000008009c44       0x64 myCode/UMain.o
 .text._ZL7getInt2PKc
                0x0000000008009ca8       0x3c myCode/UMain.o
 .text._Z7_strcmpPKcS0_
                0x0000000008009ce4       0x44 myCode/UMain.o
                0x0000000008009ce4                _strcmp(char const*, char const*)
 .text._Z11loadSoftVerP7VerInfoPKc
                0x0000000008009d28      0x11c myCode/UMain.o
                0x0000000008009d28                loadSoftVer(VerInfo*, char const*)
 .text._Z7setLed1h
                0x0000000008009e44       0x38 myCode/UMain.o
                0x0000000008009e44                setLed1(unsigned char)
 .text._Z7setLed2h
                0x0000000008009e7c       0x38 myCode/UMain.o
                0x0000000008009e7c                setLed2(unsigned char)
 .text._Z13setUsbConnecth
                0x0000000008009eb4       0x38 myCode/UMain.o
                0x0000000008009eb4                setUsbConnect(unsigned char)
 .text._ZN7DbgUart4InitEv
                0x0000000008009eec       0xbc myCode/UMain.o
                0x0000000008009eec                DbgUart::Init()
 .text._ZN7DbgUart14RxCpltCallbackEP20__UART_HandleTypeDef
                0x0000000008009fa8       0x50 myCode/UMain.o
                0x0000000008009fa8                DbgUart::RxCpltCallback(__UART_HandleTypeDef*)
 .text._ZN7DbgUart5getChEPc
                0x0000000008009ff8       0x58 myCode/UMain.o
                0x0000000008009ff8                DbgUart::getCh(char*)
 .text._ZN7DbgUart14TxCpltCallbackEP20__UART_HandleTypeDef
                0x000000000800a050       0x34 myCode/UMain.o
                0x000000000800a050                DbgUart::TxCpltCallback(__UART_HandleTypeDef*)
 .text._ZN7DbgUart12sendNextPartEv
                0x000000000800a084       0x80 myCode/UMain.o
                0x000000000800a084                DbgUart::sendNextPart()
 .text._ZN7DbgUart7putChHdEc
                0x000000000800a104       0x5c myCode/UMain.o
                0x000000000800a104                DbgUart::putChHd(char)
 .text._ZN7DbgUart5writeEPKvi
                0x000000000800a160       0x3c myCode/UMain.o
                0x000000000800a160                DbgUart::write(void const*, int)
 .text._write   0x000000000800a19c       0x1e myCode/UMain.o
                0x000000000800a19c                _write
 *fill*         0x000000000800a1ba        0x2 
 .text._Z8tickLed1v
                0x000000000800a1bc       0x64 myCode/UMain.o
                0x000000000800a1bc                tickLed1()
 .text._Z12setBottomLedib
                0x000000000800a220       0x94 myCode/UMain.o
                0x000000000800a220                setBottomLed(int, bool)
 .text._Z11tickledSpodv
                0x000000000800a2b4      0x1e0 myCode/UMain.o
                0x000000000800a2b4                tickledSpod()
 .text._Z11HAL_GetMickv
                0x000000000800a494       0x34 myCode/UMain.o
                0x000000000800a494                HAL_GetMick()
 .text._Z11getPrecTimePmPh
                0x000000000800a4c8       0x3a myCode/UMain.o
                0x000000000800a4c8                getPrecTime(unsigned long*, unsigned char*)
 .text._ZN8DataFifo4initEv
                0x000000000800a502       0x1e myCode/UMain.o
                0x000000000800a502                DataFifo::init()
 .text._ZN8DataFifo4pushEPK7RawData
                0x000000000800a520       0x72 myCode/UMain.o
                0x000000000800a520                DataFifo::push(RawData const*)
 .text._ZN8DataFifo3popEP7RawData
                0x000000000800a592       0x6e myCode/UMain.o
                0x000000000800a592                DataFifo::pop(RawData*)
 .text._Z11InitRawDataP7RawData
                0x000000000800a600       0x3c myCode/UMain.o
                0x000000000800a600                InitRawData(RawData*)
 .text.RfmInit  0x000000000800a63c       0x14 myCode/UMain.o
                0x000000000800a63c                RfmInit
 .text._Z9ShellMainc
                0x000000000800a650      0x33c myCode/UMain.o
                0x000000000800a650                ShellMain(char)
 .text._Z5Shellc
                0x000000000800a98c       0x5c myCode/UMain.o
                0x000000000800a98c                Shell(char)
 .text._Z12reciveFromPCv
                0x000000000800a9e8       0xf4 myCode/UMain.o
                0x000000000800a9e8                reciveFromPC()
 .text._Z13ReadRadioDatav
                0x000000000800aadc       0x84 myCode/UMain.o
                0x000000000800aadc                ReadRadioData()
 .text.uMain    0x000000000800ab60      0x184 myCode/UMain.o
                0x000000000800ab60                uMain
 .text.getHexNibble
                0x000000000800ace4       0x64 myCode/UsbDev.o
                0x000000000800ace4                getHexNibble
 .text.getHexByte
                0x000000000800ad48       0x74 myCode/UsbDev.o
                0x000000000800ad48                getHexByte
 .text.getHexWord
                0x000000000800adbc       0x6e myCode/UsbDev.o
                0x000000000800adbc                getHexWord
 .text.getHexBuf
                0x000000000800ae2a       0x5a myCode/UsbDev.o
                0x000000000800ae2a                getHexBuf
 .text.putHexByte
                0x000000000800ae84       0x3c myCode/UsbDev.o
                0x000000000800ae84                putHexByte
 .text.putHexWord
                0x000000000800aec0       0x36 myCode/UsbDev.o
                0x000000000800aec0                putHexWord
 .text._ZN6RxData4pushEh
                0x000000000800aef6       0x6a myCode/UsbDev.o
                0x000000000800aef6                RxData::push(unsigned char)
 .text._ZN6RxData3popEPh
                0x000000000800af60       0x68 myCode/UsbDev.o
                0x000000000800af60                RxData::pop(unsigned char*)
 .text._ZN6RxData8getFrameEPci
                0x000000000800afc8      0x122 myCode/UsbDev.o
                0x000000000800afc8                RxData::getFrame(char*, int)
 *fill*         0x000000000800b0ea        0x2 
 .text._ZN6UsbDev4initEv
                0x000000000800b0ec       0x18 myCode/UsbDev.o
                0x000000000800b0ec                UsbDev::init()
 .text.CDC_UserOnReciveData
                0x000000000800b104       0x1a myCode/UsbDev.o
                0x000000000800b104                CDC_UserOnReciveData
 *fill*         0x000000000800b11e        0x2 
 .text._ZN6UsbDev12OnReciveDataEPhm
                0x000000000800b120       0x54 myCode/UsbDev.o
                0x000000000800b120                UsbDev::OnReciveData(unsigned char*, unsigned long)
 .text._ZN6UsbDev8getFrameEPhi
                0x000000000800b174       0x44 myCode/UsbDev.o
                0x000000000800b174                UsbDev::getFrame(unsigned char*, int)
 .text._ZN6UsbDev14translateFrameEPhiPci
                0x000000000800b1b8      0x10c myCode/UsbDev.o
                0x000000000800b1b8                UsbDev::translateFrame(unsigned char*, int, char*, int)
 .text._ZN6UsbDev8TransmitEP7RawData
                0x000000000800b2c4      0x108 myCode/UsbDev.o
                0x000000000800b2c4                UsbDev::Transmit(RawData*)
 .text._ZN6UsbDev15isTransmiterRdyEv
                0x000000000800b3cc       0x18 myCode/UsbDev.o
                0x000000000800b3cc                UsbDev::isTransmiterRdy()
 .text.__errno  0x000000000800b3e4        0xc c:/st/stm32cubeide_1.3.0/stm32cubeide/plugins/com.st.stm32cube.ide.mcu.externaltools.gnu-tools-for-stm32.7-2018-q2-update.win32_1.4.0.202007081208/tools/bin/../lib/gcc/arm-none-eabi/7.3.1/../../../../arm-none-eabi/lib/thumb/v7-m\libc_nano.a(lib_a-errno.o)
                0x000000000800b3e4                __errno
 .text.__libc_init_array
                0x000000000800b3f0       0x48 c:/st/stm32cubeide_1.3.0/stm32cubeide/plugins/com.st.stm32cube.ide.mcu.externaltools.gnu-tools-for-stm32.7-2018-q2-update.win32_1.4.0.202007081208/tools/bin/../lib/gcc/arm-none-eabi/7.3.1/../../../../arm-none-eabi/lib/thumb/v7-m\libc_nano.a(lib_a-init.o)
                0x000000000800b3f0                __libc_init_array
 .text.memcpy   0x000000000800b438       0x16 c:/st/stm32cubeide_1.3.0/stm32cubeide/plugins/com.st.stm32cube.ide.mcu.externaltools.gnu-tools-for-stm32.7-2018-q2-update.win32_1.4.0.202007081208/tools/bin/../lib/gcc/arm-none-eabi/7.3.1/../../../../arm-none-eabi/lib/thumb/v7-m\libc_nano.a(lib_a-memcpy-stub.o)
                0x000000000800b438                memcpy
 .text.memset   0x000000000800b44e       0x10 c:/st/stm32cubeide_1.3.0/stm32cubeide/plugins/com.st.stm32cube.ide.mcu.externaltools.gnu-tools-for-stm32.7-2018-q2-update.win32_1.4.0.202007081208/tools/bin/../lib/gcc/arm-none-eabi/7.3.1/../../../../arm-none-eabi/lib/thumb/v7-m\libc_nano.a(lib_a-memset.o)
                0x000000000800b44e                memset
 *fill*         0x000000000800b45e        0x2 
 .text.printf   0x000000000800b460       0x30 c:/st/stm32cubeide_1.3.0/stm32cubeide/plugins/com.st.stm32cube.ide.mcu.externaltools.gnu-tools-for-stm32.7-2018-q2-update.win32_1.4.0.202007081208/tools/bin/../lib/gcc/arm-none-eabi/7.3.1/../../../../arm-none-eabi/lib/thumb/v7-m\libc_nano.a(lib_a-printf.o)
                0x000000000800b460                iprintf
                0x000000000800b460                printf
 .text.putchar  0x000000000800b490       0x28 c:/st/stm32cubeide_1.3.0/stm32cubeide/plugins/com.st.stm32cube.ide.mcu.externaltools.gnu-tools-for-stm32.7-2018-q2-update.win32_1.4.0.202007081208/tools/bin/../lib/gcc/arm-none-eabi/7.3.1/../../../../arm-none-eabi/lib/thumb/v7-m\libc_nano.a(lib_a-putchar.o)
                0x000000000800b490                putchar
 .text._puts_r  0x000000000800b4b8       0xb8 c:/st/stm32cubeide_1.3.0/stm32cubeide/plugins/com.st.stm32cube.ide.mcu.externaltools.gnu-tools-for-stm32.7-2018-q2-update.win32_1.4.0.202007081208/tools/bin/../lib/gcc/arm-none-eabi/7.3.1/../../../../arm-none-eabi/lib/thumb/v7-m\libc_nano.a(lib_a-puts.o)
                0x000000000800b4b8                _puts_r
 .text.puts     0x000000000800b570       0x10 c:/st/stm32cubeide_1.3.0/stm32cubeide/plugins/com.st.stm32cube.ide.mcu.externaltools.gnu-tools-for-stm32.7-2018-q2-update.win32_1.4.0.202007081208/tools/bin/../lib/gcc/arm-none-eabi/7.3.1/../../../../arm-none-eabi/lib/thumb/v7-m\libc_nano.a(lib_a-puts.o)
                0x000000000800b570                puts
 .text.setvbuf  0x000000000800b580      0x15c c:/st/stm32cubeide_1.3.0/stm32cubeide/plugins/com.st.stm32cube.ide.mcu.externaltools.gnu-tools-for-stm32.7-2018-q2-update.win32_1.4.0.202007081208/tools/bin/../lib/gcc/arm-none-eabi/7.3.1/../../../../arm-none-eabi/lib/thumb/v7-m\libc_nano.a(lib_a-setvbuf.o)
                0x000000000800b580                setvbuf
 .text.snprintf
                0x000000000800b6dc       0x68 c:/st/stm32cubeide_1.3.0/stm32cubeide/plugins/com.st.stm32cube.ide.mcu.externaltools.gnu-tools-for-stm32.7-2018-q2-update.win32_1.4.0.202007081208/tools/bin/../lib/gcc/arm-none-eabi/7.3.1/../../../../arm-none-eabi/lib/thumb/v7-m\libc_nano.a(lib_a-snprintf.o)
                0x000000000800b6dc                sniprintf
                0x000000000800b6dc                snprintf
 .text.__swbuf_r
                0x000000000800b744       0xa4 c:/st/stm32cubeide_1.3.0/stm32cubeide/plugins/com.st.stm32cube.ide.mcu.externaltools.gnu-tools-for-stm32.7-2018-q2-update.win32_1.4.0.202007081208/tools/bin/../lib/gcc/arm-none-eabi/7.3.1/../../../../arm-none-eabi/lib/thumb/v7-m\libc_nano.a(lib_a-wbuf.o)
                0x000000000800b744                __swbuf_r
 .text.__swsetup_r
                0x000000000800b7e8       0xdc c:/st/stm32cubeide_1.3.0/stm32cubeide/plugins/com.st.stm32cube.ide.mcu.externaltools.gnu-tools-for-stm32.7-2018-q2-update.win32_1.4.0.202007081208/tools/bin/../lib/gcc/arm-none-eabi/7.3.1/../../../../arm-none-eabi/lib/thumb/v7-m\libc_nano.a(lib_a-wsetup.o)
                0x000000000800b7e8                __swsetup_r
 .text.__sflush_r
                0x000000000800b8c4      0x10c c:/st/stm32cubeide_1.3.0/stm32cubeide/plugins/com.st.stm32cube.ide.mcu.externaltools.gnu-tools-for-stm32.7-2018-q2-update.win32_1.4.0.202007081208/tools/bin/../lib/gcc/arm-none-eabi/7.3.1/../../../../arm-none-eabi/lib/thumb/v7-m\libc_nano.a(lib_a-fflush.o)
                0x000000000800b8c4                __sflush_r
 .text._fflush_r
                0x000000000800b9d0       0x54 c:/st/stm32cubeide_1.3.0/stm32cubeide/plugins/com.st.stm32cube.ide.mcu.externaltools.gnu-tools-for-stm32.7-2018-q2-update.win32_1.4.0.202007081208/tools/bin/../lib/gcc/arm-none-eabi/7.3.1/../../../../arm-none-eabi/lib/thumb/v7-m\libc_nano.a(lib_a-fflush.o)
                0x000000000800b9d0                _fflush_r
 .text.std      0x000000000800ba24       0x48 c:/st/stm32cubeide_1.3.0/stm32cubeide/plugins/com.st.stm32cube.ide.mcu.externaltools.gnu-tools-for-stm32.7-2018-q2-update.win32_1.4.0.202007081208/tools/bin/../lib/gcc/arm-none-eabi/7.3.1/../../../../arm-none-eabi/lib/thumb/v7-m\libc_nano.a(lib_a-findfp.o)
 .text._cleanup_r
                0x000000000800ba6c        0xc c:/st/stm32cubeide_1.3.0/stm32cubeide/plugins/com.st.stm32cube.ide.mcu.externaltools.gnu-tools-for-stm32.7-2018-q2-update.win32_1.4.0.202007081208/tools/bin/../lib/gcc/arm-none-eabi/7.3.1/../../../../arm-none-eabi/lib/thumb/v7-m\libc_nano.a(lib_a-findfp.o)
                0x000000000800ba6c                _cleanup_r
 .text.__sfmoreglue
                0x000000000800ba78       0x2c c:/st/stm32cubeide_1.3.0/stm32cubeide/plugins/com.st.stm32cube.ide.mcu.externaltools.gnu-tools-for-stm32.7-2018-q2-update.win32_1.4.0.202007081208/tools/bin/../lib/gcc/arm-none-eabi/7.3.1/../../../../arm-none-eabi/lib/thumb/v7-m\libc_nano.a(lib_a-findfp.o)
                0x000000000800ba78                __sfmoreglue
 .text.__sinit  0x000000000800baa4       0x60 c:/st/stm32cubeide_1.3.0/stm32cubeide/plugins/com.st.stm32cube.ide.mcu.externaltools.gnu-tools-for-stm32.7-2018-q2-update.win32_1.4.0.202007081208/tools/bin/../lib/gcc/arm-none-eabi/7.3.1/../../../../arm-none-eabi/lib/thumb/v7-m\libc_nano.a(lib_a-findfp.o)
                0x000000000800baa4                __sinit
 .text.__sfp    0x000000000800bb04       0x78 c:/st/stm32cubeide_1.3.0/stm32cubeide/plugins/com.st.stm32cube.ide.mcu.externaltools.gnu-tools-for-stm32.7-2018-q2-update.win32_1.4.0.202007081208/tools/bin/../lib/gcc/arm-none-eabi/7.3.1/../../../../arm-none-eabi/lib/thumb/v7-m\libc_nano.a(lib_a-findfp.o)
                0x000000000800bb04                __sfp
 .text._fwalk_reent
                0x000000000800bb7c       0x3c c:/st/stm32cubeide_1.3.0/stm32cubeide/plugins/com.st.stm32cube.ide.mcu.externaltools.gnu-tools-for-stm32.7-2018-q2-update.win32_1.4.0.202007081208/tools/bin/../lib/gcc/arm-none-eabi/7.3.1/../../../../arm-none-eabi/lib/thumb/v7-m\libc_nano.a(lib_a-fwalk.o)
                0x000000000800bb7c                _fwalk_reent
 .text.__swhatbuf_r
                0x000000000800bbb8       0x48 c:/st/stm32cubeide_1.3.0/stm32cubeide/plugins/com.st.stm32cube.ide.mcu.externaltools.gnu-tools-for-stm32.7-2018-q2-update.win32_1.4.0.202007081208/tools/bin/../lib/gcc/arm-none-eabi/7.3.1/../../../../arm-none-eabi/lib/thumb/v7-m\libc_nano.a(lib_a-makebuf.o)
                0x000000000800bbb8                __swhatbuf_r
 .text.__smakebuf_r
                0x000000000800bc00       0x80 c:/st/stm32cubeide_1.3.0/stm32cubeide/plugins/com.st.stm32cube.ide.mcu.externaltools.gnu-tools-for-stm32.7-2018-q2-update.win32_1.4.0.202007081208/tools/bin/../lib/gcc/arm-none-eabi/7.3.1/../../../../arm-none-eabi/lib/thumb/v7-m\libc_nano.a(lib_a-makebuf.o)
                0x000000000800bc00                __smakebuf_r
 .text.malloc   0x000000000800bc80       0x10 c:/st/stm32cubeide_1.3.0/stm32cubeide/plugins/com.st.stm32cube.ide.mcu.externaltools.gnu-tools-for-stm32.7-2018-q2-update.win32_1.4.0.202007081208/tools/bin/../lib/gcc/arm-none-eabi/7.3.1/../../../../arm-none-eabi/lib/thumb/v7-m\libc_nano.a(lib_a-malloc.o)
                0x000000000800bc80                malloc
 .text._free_r  0x000000000800bc90       0x98 c:/st/stm32cubeide_1.3.0/stm32cubeide/plugins/com.st.stm32cube.ide.mcu.externaltools.gnu-tools-for-stm32.7-2018-q2-update.win32_1.4.0.202007081208/tools/bin/../lib/gcc/arm-none-eabi/7.3.1/../../../../arm-none-eabi/lib/thumb/v7-m\libc_nano.a(lib_a-nano-freer.o)
                0x000000000800bc90                _free_r
 .text._malloc_r
                0x000000000800bd28       0xb4 c:/st/stm32cubeide_1.3.0/stm32cubeide/plugins/com.st.stm32cube.ide.mcu.externaltools.gnu-tools-for-stm32.7-2018-q2-update.win32_1.4.0.202007081208/tools/bin/../lib/gcc/arm-none-eabi/7.3.1/../../../../arm-none-eabi/lib/thumb/v7-m\libc_nano.a(lib_a-nano-mallocr.o)
                0x000000000800bd28                _malloc_r
 .text.__ssputs_r
                0x000000000800bddc       0xb4 c:/st/stm32cubeide_1.3.0/stm32cubeide/plugins/com.st.stm32cube.ide.mcu.externaltools.gnu-tools-for-stm32.7-2018-q2-update.win32_1.4.0.202007081208/tools/bin/../lib/gcc/arm-none-eabi/7.3.1/../../../../arm-none-eabi/lib/thumb/v7-m\libc_nano.a(lib_a-nano-svfprintf.o)
                0x000000000800bddc                __ssputs_r
 .text._svfprintf_r
                0x000000000800be90      0x1f0 c:/st/stm32cubeide_1.3.0/stm32cubeide/plugins/com.st.stm32cube.ide.mcu.externaltools.gnu-tools-for-stm32.7-2018-q2-update.win32_1.4.0.202007081208/tools/bin/../lib/gcc/arm-none-eabi/7.3.1/../../../../arm-none-eabi/lib/thumb/v7-m\libc_nano.a(lib_a-nano-svfprintf.o)
                0x000000000800be90                _svfiprintf_r
                0x000000000800be90                _svfprintf_r
 .text.__sfputc_r
                0x000000000800c080       0x2a c:/st/stm32cubeide_1.3.0/stm32cubeide/plugins/com.st.stm32cube.ide.mcu.externaltools.gnu-tools-for-stm32.7-2018-q2-update.win32_1.4.0.202007081208/tools/bin/../lib/gcc/arm-none-eabi/7.3.1/../../../../arm-none-eabi/lib/thumb/v7-m\libc_nano.a(lib_a-nano-vfprintf.o)
 .text.__sfputs_r
                0x000000000800c0aa       0x24 c:/st/stm32cubeide_1.3.0/stm32cubeide/plugins/com.st.stm32cube.ide.mcu.externaltools.gnu-tools-for-stm32.7-2018-q2-update.win32_1.4.0.202007081208/tools/bin/../lib/gcc/arm-none-eabi/7.3.1/../../../../arm-none-eabi/lib/thumb/v7-m\libc_nano.a(lib_a-nano-vfprintf.o)
                0x000000000800c0aa                __sfputs_r
 *fill*         0x000000000800c0ce        0x2 
 .text._vfprintf_r
                0x000000000800c0d0      0x22c c:/st/stm32cubeide_1.3.0/stm32cubeide/plugins/com.st.stm32cube.ide.mcu.externaltools.gnu-tools-for-stm32.7-2018-q2-update.win32_1.4.0.202007081208/tools/bin/../lib/gcc/arm-none-eabi/7.3.1/../../../../arm-none-eabi/lib/thumb/v7-m\libc_nano.a(lib_a-nano-vfprintf.o)
                0x000000000800c0d0                _vfprintf_r
                0x000000000800c0d0                _vfiprintf_r
 .text._printf_common
                0x000000000800c2fc       0xec c:/st/stm32cubeide_1.3.0/stm32cubeide/plugins/com.st.stm32cube.ide.mcu.externaltools.gnu-tools-for-stm32.7-2018-q2-update.win32_1.4.0.202007081208/tools/bin/../lib/gcc/arm-none-eabi/7.3.1/../../../../arm-none-eabi/lib/thumb/v7-m\libc_nano.a(lib_a-nano-vfprintf_i.o)
                0x000000000800c2fc                _printf_common
 .text._printf_i
                0x000000000800c3e8      0x224 c:/st/stm32cubeide_1.3.0/stm32cubeide/plugins/com.st.stm32cube.ide.mcu.externaltools.gnu-tools-for-stm32.7-2018-q2-update.win32_1.4.0.202007081208/tools/bin/../lib/gcc/arm-none-eabi/7.3.1/../../../../arm-none-eabi/lib/thumb/v7-m\libc_nano.a(lib_a-nano-vfprintf_i.o)
                0x000000000800c3e8                _printf_i
 .text._putc_r  0x000000000800c60c       0x6c c:/st/stm32cubeide_1.3.0/stm32cubeide/plugins/com.st.stm32cube.ide.mcu.externaltools.gnu-tools-for-stm32.7-2018-q2-update.win32_1.4.0.202007081208/tools/bin/../lib/gcc/arm-none-eabi/7.3.1/../../../../arm-none-eabi/lib/thumb/v7-m\libc_nano.a(lib_a-putc.o)
                0x000000000800c60c                _putc_r
 .text._sbrk_r  0x000000000800c678       0x20 c:/st/stm32cubeide_1.3.0/stm32cubeide/plugins/com.st.stm32cube.ide.mcu.externaltools.gnu-tools-for-stm32.7-2018-q2-update.win32_1.4.0.202007081208/tools/bin/../lib/gcc/arm-none-eabi/7.3.1/../../../../arm-none-eabi/lib/thumb/v7-m\libc_nano.a(lib_a-sbrkr.o)
                0x000000000800c678                _sbrk_r
 .text.__sread  0x000000000800c698       0x22 c:/st/stm32cubeide_1.3.0/stm32cubeide/plugins/com.st.stm32cube.ide.mcu.externaltools.gnu-tools-for-stm32.7-2018-q2-update.win32_1.4.0.202007081208/tools/bin/../lib/gcc/arm-none-eabi/7.3.1/../../../../arm-none-eabi/lib/thumb/v7-m\libc_nano.a(lib_a-stdio.o)
                0x000000000800c698                __sread
 .text.__swrite
                0x000000000800c6ba       0x38 c:/st/stm32cubeide_1.3.0/stm32cubeide/plugins/com.st.stm32cube.ide.mcu.externaltools.gnu-tools-for-stm32.7-2018-q2-update.win32_1.4.0.202007081208/tools/bin/../lib/gcc/arm-none-eabi/7.3.1/../../../../arm-none-eabi/lib/thumb/v7-m\libc_nano.a(lib_a-stdio.o)
                0x000000000800c6ba                __swrite
 .text.__sseek  0x000000000800c6f2       0x24 c:/st/stm32cubeide_1.3.0/stm32cubeide/plugins/com.st.stm32cube.ide.mcu.externaltools.gnu-tools-for-stm32.7-2018-q2-update.win32_1.4.0.202007081208/tools/bin/../lib/gcc/arm-none-eabi/7.3.1/../../../../arm-none-eabi/lib/thumb/v7-m\libc_nano.a(lib_a-stdio.o)
                0x000000000800c6f2                __sseek
 .text.__sclose
                0x000000000800c716        0x8 c:/st/stm32cubeide_1.3.0/stm32cubeide/plugins/com.st.stm32cube.ide.mcu.externaltools.gnu-tools-for-stm32.7-2018-q2-update.win32_1.4.0.202007081208/tools/bin/../lib/gcc/arm-none-eabi/7.3.1/../../../../arm-none-eabi/lib/thumb/v7-m\libc_nano.a(lib_a-stdio.o)
                0x000000000800c716                __sclose
 *fill*         0x000000000800c71e        0x2 
 .text._write_r
                0x000000000800c720       0x24 c:/st/stm32cubeide_1.3.0/stm32cubeide/plugins/com.st.stm32cube.ide.mcu.externaltools.gnu-tools-for-stm32.7-2018-q2-update.win32_1.4.0.202007081208/tools/bin/../lib/gcc/arm-none-eabi/7.3.1/../../../../arm-none-eabi/lib/thumb/v7-m\libc_nano.a(lib_a-writer.o)
                0x000000000800c720                _write_r
 .text._close_r
                0x000000000800c744       0x20 c:/st/stm32cubeide_1.3.0/stm32cubeide/plugins/com.st.stm32cube.ide.mcu.externaltools.gnu-tools-for-stm32.7-2018-q2-update.win32_1.4.0.202007081208/tools/bin/../lib/gcc/arm-none-eabi/7.3.1/../../../../arm-none-eabi/lib/thumb/v7-m\libc_nano.a(lib_a-closer.o)
                0x000000000800c744                _close_r
 .text._fstat_r
                0x000000000800c764       0x24 c:/st/stm32cubeide_1.3.0/stm32cubeide/plugins/com.st.stm32cube.ide.mcu.externaltools.gnu-tools-for-stm32.7-2018-q2-update.win32_1.4.0.202007081208/tools/bin/../lib/gcc/arm-none-eabi/7.3.1/../../../../arm-none-eabi/lib/thumb/v7-m\libc_nano.a(lib_a-fstatr.o)
                0x000000000800c764                _fstat_r
 .text._isatty_r
                0x000000000800c788       0x20 c:/st/stm32cubeide_1.3.0/stm32cubeide/plugins/com.st.stm32cube.ide.mcu.externaltools.gnu-tools-for-stm32.7-2018-q2-update.win32_1.4.0.202007081208/tools/bin/../lib/gcc/arm-none-eabi/7.3.1/../../../../arm-none-eabi/lib/thumb/v7-m\libc_nano.a(lib_a-isattyr.o)
                0x000000000800c788                _isatty_r
 .text._lseek_r
                0x000000000800c7a8       0x24 c:/st/stm32cubeide_1.3.0/stm32cubeide/plugins/com.st.stm32cube.ide.mcu.externaltools.gnu-tools-for-stm32.7-2018-q2-update.win32_1.4.0.202007081208/tools/bin/../lib/gcc/arm-none-eabi/7.3.1/../../../../arm-none-eabi/lib/thumb/v7-m\libc_nano.a(lib_a-lseekr.o)
                0x000000000800c7a8                _lseek_r
 .text.memchr   0x000000000800c7cc       0x1c c:/st/stm32cubeide_1.3.0/stm32cubeide/plugins/com.st.stm32cube.ide.mcu.externaltools.gnu-tools-for-stm32.7-2018-q2-update.win32_1.4.0.202007081208/tools/bin/../lib/gcc/arm-none-eabi/7.3.1/../../../../arm-none-eabi/lib/thumb/v7-m\libc_nano.a(lib_a-memchr-stub.o)
                0x000000000800c7cc                memchr
 .text.memmove  0x000000000800c7e8       0x32 c:/st/stm32cubeide_1.3.0/stm32cubeide/plugins/com.st.stm32cube.ide.mcu.externaltools.gnu-tools-for-stm32.7-2018-q2-update.win32_1.4.0.202007081208/tools/bin/../lib/gcc/arm-none-eabi/7.3.1/../../../../arm-none-eabi/lib/thumb/v7-m\libc_nano.a(lib_a-memmove.o)
                0x000000000800c7e8                memmove
 .text.__malloc_lock
                0x000000000800c81a        0x2 c:/st/stm32cubeide_1.3.0/stm32cubeide/plugins/com.st.stm32cube.ide.mcu.externaltools.gnu-tools-for-stm32.7-2018-q2-update.win32_1.4.0.202007081208/tools/bin/../lib/gcc/arm-none-eabi/7.3.1/../../../../arm-none-eabi/lib/thumb/v7-m\libc_nano.a(lib_a-mlock.o)
                0x000000000800c81a                __malloc_lock
 .text.__malloc_unlock
                0x000000000800c81c        0x2 c:/st/stm32cubeide_1.3.0/stm32cubeide/plugins/com.st.stm32cube.ide.mcu.externaltools.gnu-tools-for-stm32.7-2018-q2-update.win32_1.4.0.202007081208/tools/bin/../lib/gcc/arm-none-eabi/7.3.1/../../../../arm-none-eabi/lib/thumb/v7-m\libc_nano.a(lib_a-mlock.o)
                0x000000000800c81c                __malloc_unlock
 .text._realloc_r
                0x000000000800c81e       0x4c c:/st/stm32cubeide_1.3.0/stm32cubeide/plugins/com.st.stm32cube.ide.mcu.externaltools.gnu-tools-for-stm32.7-2018-q2-update.win32_1.4.0.202007081208/tools/bin/../lib/gcc/arm-none-eabi/7.3.1/../../../../arm-none-eabi/lib/thumb/v7-m\libc_nano.a(lib_a-nano-reallocr.o)
                0x000000000800c81e                _realloc_r
 *fill*         0x000000000800c86a        0x2 
 .text._read_r  0x000000000800c86c       0x24 c:/st/stm32cubeide_1.3.0/stm32cubeide/plugins/com.st.stm32cube.ide.mcu.externaltools.gnu-tools-for-stm32.7-2018-q2-update.win32_1.4.0.202007081208/tools/bin/../lib/gcc/arm-none-eabi/7.3.1/../../../../arm-none-eabi/lib/thumb/v7-m\libc_nano.a(lib_a-readr.o)
                0x000000000800c86c                _read_r
 .text._malloc_usable_size_r
                0x000000000800c890       0x10 c:/st/stm32cubeide_1.3.0/stm32cubeide/plugins/com.st.stm32cube.ide.mcu.externaltools.gnu-tools-for-stm32.7-2018-q2-update.win32_1.4.0.202007081208/tools/bin/../lib/gcc/arm-none-eabi/7.3.1/../../../../arm-none-eabi/lib/thumb/v7-m\libc_nano.a(lib_a-nano-msizer.o)
                0x000000000800c890                _malloc_usable_size_r
 *(.glue_7)
 .glue_7        0x000000000800c8a0        0x0 linker stubs
 *(.glue_7t)
 .glue_7t       0x000000000800c8a0        0x0 linker stubs
 *(.eh_frame)
 .eh_frame      0x000000000800c8a0        0x0 c:/st/stm32cubeide_1.3.0/stm32cubeide/plugins/com.st.stm32cube.ide.mcu.externaltools.gnu-tools-for-stm32.7-2018-q2-update.win32_1.4.0.202007081208/tools/bin/../lib/gcc/arm-none-eabi/7.3.1/thumb/v7-m/crtbegin.o
 *(.init)
 .init          0x000000000800c8a0        0x4 c:/st/stm32cubeide_1.3.0/stm32cubeide/plugins/com.st.stm32cube.ide.mcu.externaltools.gnu-tools-for-stm32.7-2018-q2-update.win32_1.4.0.202007081208/tools/bin/../lib/gcc/arm-none-eabi/7.3.1/thumb/v7-m/crti.o
                0x000000000800c8a0                _init
 .init          0x000000000800c8a4        0x8 c:/st/stm32cubeide_1.3.0/stm32cubeide/plugins/com.st.stm32cube.ide.mcu.externaltools.gnu-tools-for-stm32.7-2018-q2-update.win32_1.4.0.202007081208/tools/bin/../lib/gcc/arm-none-eabi/7.3.1/thumb/v7-m/crtn.o
 *(.fini)
 .fini          0x000000000800c8ac        0x4 c:/st/stm32cubeide_1.3.0/stm32cubeide/plugins/com.st.stm32cube.ide.mcu.externaltools.gnu-tools-for-stm32.7-2018-q2-update.win32_1.4.0.202007081208/tools/bin/../lib/gcc/arm-none-eabi/7.3.1/thumb/v7-m/crti.o
                0x000000000800c8ac                _fini
 .fini          0x000000000800c8b0        0x8 c:/st/stm32cubeide_1.3.0/stm32cubeide/plugins/com.st.stm32cube.ide.mcu.externaltools.gnu-tools-for-stm32.7-2018-q2-update.win32_1.4.0.202007081208/tools/bin/../lib/gcc/arm-none-eabi/7.3.1/thumb/v7-m/crtn.o
                0x000000000800c8b8                . = ALIGN (0x4)
                0x000000000800c8b8                _etext = .

.vfp11_veneer   0x000000000800c8b8        0x0
 .vfp11_veneer  0x000000000800c8b8        0x0 linker stubs

.v4_bx          0x000000000800c8b8        0x0
 .v4_bx         0x000000000800c8b8        0x0 linker stubs

.iplt           0x000000000800c8b8        0x0
 .iplt          0x000000000800c8b8        0x0 c:/st/stm32cubeide_1.3.0/stm32cubeide/plugins/com.st.stm32cube.ide.mcu.externaltools.gnu-tools-for-stm32.7-2018-q2-update.win32_1.4.0.202007081208/tools/bin/../lib/gcc/arm-none-eabi/7.3.1/thumb/v7-m/crtbegin.o

.rodata         0x000000000800c8b8      0xab8
                0x000000000800c8b8                . = ALIGN (0x4)
 *(.rodata)
 .rodata        0x000000000800c8b8       0x12 Drivers/STM32F1xx_HAL_Driver/Src/stm32f1xx_hal_rcc.o
 *fill*         0x000000000800c8ca        0x2 
 .rodata        0x000000000800c8cc      0x5db RFM69/RFM69.o
 *fill*         0x000000000800cea7        0x1 
 .rodata        0x000000000800cea8       0x2e USB_DEVICE/App/usbd_desc.o
 *fill*         0x000000000800ced6        0x2 
 .rodata        0x000000000800ced8      0x218 myCode/UMain.o
 .rodata        0x000000000800d0f0       0x5c myCode/UsbDev.o
 *(.rodata*)
 .rodata.AHBPrescTable
                0x000000000800d14c       0x10 Core/Src/system_stm32f1xx.o
                0x000000000800d14c                AHBPrescTable
 .rodata.APBPrescTable
                0x000000000800d15c        0x8 Core/Src/system_stm32f1xx.o
                0x000000000800d15c                APBPrescTable
 .rodata._ZL8tabNames
                0x000000000800d164      0x140 RFM69/RFM69.o
 .rodata._ZL3Tx1
                0x000000000800d2a4        0x7 myCode/UMain.o
 *fill*         0x000000000800d2ab        0x1 
 .rodata._ZL3Tx2
                0x000000000800d2ac        0x7 myCode/UMain.o
 *fill*         0x000000000800d2b3        0x1 
 .rodata._ZL3Tx3
                0x000000000800d2b4        0x5 myCode/UMain.o
 *fill*         0x000000000800d2b9        0x3 
 .rodata._ZL3Tx4
                0x000000000800d2bc        0x5 myCode/UMain.o
 *fill*         0x000000000800d2c1        0x3 
 .rodata._ZL6HexTab
                0x000000000800d2c4       0x11 myCode/UsbDev.o
 *fill*         0x000000000800d2d5        0x3 
 .rodata._global_impure_ptr
                0x000000000800d2d8        0x4 c:/st/stm32cubeide_1.3.0/stm32cubeide/plugins/com.st.stm32cube.ide.mcu.externaltools.gnu-tools-for-stm32.7-2018-q2-update.win32_1.4.0.202007081208/tools/bin/../lib/gcc/arm-none-eabi/7.3.1/../../../../arm-none-eabi/lib/thumb/v7-m\libc_nano.a(lib_a-impure.o)
                0x000000000800d2d8                _global_impure_ptr
 .rodata.__sf_fake_stderr
                0x000000000800d2dc       0x20 c:/st/stm32cubeide_1.3.0/stm32cubeide/plugins/com.st.stm32cube.ide.mcu.externaltools.gnu-tools-for-stm32.7-2018-q2-update.win32_1.4.0.202007081208/tools/bin/../lib/gcc/arm-none-eabi/7.3.1/../../../../arm-none-eabi/lib/thumb/v7-m\libc_nano.a(lib_a-findfp.o)
                0x000000000800d2dc                __sf_fake_stderr
 .rodata.__sf_fake_stdin
                0x000000000800d2fc       0x20 c:/st/stm32cubeide_1.3.0/stm32cubeide/plugins/com.st.stm32cube.ide.mcu.externaltools.gnu-tools-for-stm32.7-2018-q2-update.win32_1.4.0.202007081208/tools/bin/../lib/gcc/arm-none-eabi/7.3.1/../../../../arm-none-eabi/lib/thumb/v7-m\libc_nano.a(lib_a-findfp.o)
                0x000000000800d2fc                __sf_fake_stdin
 .rodata.__sf_fake_stdout
                0x000000000800d31c       0x20 c:/st/stm32cubeide_1.3.0/stm32cubeide/plugins/com.st.stm32cube.ide.mcu.externaltools.gnu-tools-for-stm32.7-2018-q2-update.win32_1.4.0.202007081208/tools/bin/../lib/gcc/arm-none-eabi/7.3.1/../../../../arm-none-eabi/lib/thumb/v7-m\libc_nano.a(lib_a-findfp.o)
                0x000000000800d31c                __sf_fake_stdout
 .rodata._svfprintf_r.str1.1
                0x000000000800d33c       0x11 c:/st/stm32cubeide_1.3.0/stm32cubeide/plugins/com.st.stm32cube.ide.mcu.externaltools.gnu-tools-for-stm32.7-2018-q2-update.win32_1.4.0.202007081208/tools/bin/../lib/gcc/arm-none-eabi/7.3.1/../../../../arm-none-eabi/lib/thumb/v7-m\libc_nano.a(lib_a-nano-svfprintf.o)
 .rodata._vfprintf_r.str1.1
                0x000000000800d34d       0x11 c:/st/stm32cubeide_1.3.0/stm32cubeide/plugins/com.st.stm32cube.ide.mcu.externaltools.gnu-tools-for-stm32.7-2018-q2-update.win32_1.4.0.202007081208/tools/bin/../lib/gcc/arm-none-eabi/7.3.1/../../../../arm-none-eabi/lib/thumb/v7-m\libc_nano.a(lib_a-nano-vfprintf.o)
 .rodata._printf_i.str1.1
                0x000000000800d34d       0x22 c:/st/stm32cubeide_1.3.0/stm32cubeide/plugins/com.st.stm32cube.ide.mcu.externaltools.gnu-tools-for-stm32.7-2018-q2-update.win32_1.4.0.202007081208/tools/bin/../lib/gcc/arm-none-eabi/7.3.1/../../../../arm-none-eabi/lib/thumb/v7-m\libc_nano.a(lib_a-nano-vfprintf_i.o)
                0x000000000800d370                . = ALIGN (0x4)
 *fill*         0x000000000800d36f        0x1 

.rel.dyn        0x000000000800d370        0x0
 .rel.iplt      0x000000000800d370        0x0 c:/st/stm32cubeide_1.3.0/stm32cubeide/plugins/com.st.stm32cube.ide.mcu.externaltools.gnu-tools-for-stm32.7-2018-q2-update.win32_1.4.0.202007081208/tools/bin/../lib/gcc/arm-none-eabi/7.3.1/thumb/v7-m/crtbegin.o

.ARM.extab      0x000000000800d370        0x0
                0x000000000800d370                . = ALIGN (0x4)
 *(.ARM.extab* .gnu.linkonce.armextab.*)
                0x000000000800d370                . = ALIGN (0x4)

.ARM            0x000000000800d370        0x0
                0x000000000800d370                . = ALIGN (0x4)
                0x000000000800d370                __exidx_start = .
 *(.ARM.exidx*)
                0x000000000800d370                __exidx_end = .
                0x000000000800d370                . = ALIGN (0x4)

.preinit_array  0x000000000800d370        0x0
                0x000000000800d370                . = ALIGN (0x4)
                0x000000000800d370                PROVIDE (__preinit_array_start = .)
 *(.preinit_array*)
                0x000000000800d370                PROVIDE (__preinit_array_end = .)
                0x000000000800d370                . = ALIGN (0x4)

.init_array     0x000000000800d370        0x4
                0x000000000800d370                . = ALIGN (0x4)
                0x000000000800d370                PROVIDE (__init_array_start = .)
 *(SORT_BY_NAME(.init_array.*))
 *(.init_array*)
 .init_array    0x000000000800d370        0x4 c:/st/stm32cubeide_1.3.0/stm32cubeide/plugins/com.st.stm32cube.ide.mcu.externaltools.gnu-tools-for-stm32.7-2018-q2-update.win32_1.4.0.202007081208/tools/bin/../lib/gcc/arm-none-eabi/7.3.1/thumb/v7-m/crtbegin.o
                0x000000000800d374                PROVIDE (__init_array_end = .)
                0x000000000800d374                . = ALIGN (0x4)

.fini_array     0x000000000800d374        0x4
                0x000000000800d374                . = ALIGN (0x4)
                [!provide]                        PROVIDE (__fini_array_start = .)
 *(SORT_BY_NAME(.fini_array.*))
 *(.fini_array*)
 .fini_array    0x000000000800d374        0x4 c:/st/stm32cubeide_1.3.0/stm32cubeide/plugins/com.st.stm32cube.ide.mcu.externaltools.gnu-tools-for-stm32.7-2018-q2-update.win32_1.4.0.202007081208/tools/bin/../lib/gcc/arm-none-eabi/7.3.1/thumb/v7-m/crtbegin.o
                [!provide]                        PROVIDE (__fini_array_end = .)
                0x000000000800d378                . = ALIGN (0x4)
                0x000000000800d378                _sidata = LOADADDR (.data)

.data           0x0000000020000000      0x1e8 load address 0x000000000800d378
                0x0000000020000000                . = ALIGN (0x4)
                0x0000000020000000                _sdata = .
 *(.data)
 *(.data*)
 .data.SystemCoreClock
                0x0000000020000000        0x4 Core/Src/system_stm32f1xx.o
                0x0000000020000000                SystemCoreClock
 .data.uwTickPrio
                0x0000000020000004        0x4 Drivers/STM32F1xx_HAL_Driver/Src/stm32f1xx_hal.o
                0x0000000020000004                uwTickPrio
 .data.uwTickFreq
                0x0000000020000008        0x1 Drivers/STM32F1xx_HAL_Driver/Src/stm32f1xx_hal.o
                0x0000000020000008                uwTickFreq
 *fill*         0x0000000020000009        0x3 
 .data.USBD_CDC_DeviceQualifierDesc
                0x000000002000000c        0xa Middlewares/ST/STM32_USB_Device_Library/Class/CDC/Src/usbd_cdc.o
 *fill*         0x0000000020000016        0x2 
 .data.USBD_CDC
                0x0000000020000018       0x38 Middlewares/ST/STM32_USB_Device_Library/Class/CDC/Src/usbd_cdc.o
                0x0000000020000018                USBD_CDC
 .data.USBD_CDC_CfgHSDesc
                0x0000000020000050       0x43 Middlewares/ST/STM32_USB_Device_Library/Class/CDC/Src/usbd_cdc.o
                0x0000000020000050                USBD_CDC_CfgHSDesc
 *fill*         0x0000000020000093        0x1 
 .data.USBD_CDC_CfgFSDesc
                0x0000000020000094       0x43 Middlewares/ST/STM32_USB_Device_Library/Class/CDC/Src/usbd_cdc.o
                0x0000000020000094                USBD_CDC_CfgFSDesc
 *fill*         0x00000000200000d7        0x1 
 .data.USBD_CDC_OtherSpeedCfgDesc
                0x00000000200000d8       0x43 Middlewares/ST/STM32_USB_Device_Library/Class/CDC/Src/usbd_cdc.o
                0x00000000200000d8                USBD_CDC_OtherSpeedCfgDesc
 *fill*         0x000000002000011b        0x1 
 .data.USBD_Interface_fops_FS
                0x000000002000011c       0x10 USB_DEVICE/App/usbd_cdc_if.o
                0x000000002000011c                USBD_Interface_fops_FS
 .data.FS_Desc  0x000000002000012c       0x1c USB_DEVICE/App/usbd_desc.o
                0x000000002000012c                FS_Desc
 .data.USBD_FS_DeviceDesc
                0x0000000020000148       0x12 USB_DEVICE/App/usbd_desc.o
                0x0000000020000148                USBD_FS_DeviceDesc
 *fill*         0x000000002000015a        0x2 
 .data.USBD_LangIDDesc
                0x000000002000015c        0x4 USB_DEVICE/App/usbd_desc.o
                0x000000002000015c                USBD_LangIDDesc
 .data.USBD_StringSerial
                0x0000000020000160       0x1a USB_DEVICE/App/usbd_desc.o
                0x0000000020000160                USBD_StringSerial
 *fill*         0x000000002000017a        0x2 
 .data.DefaultCfg
                0x000000002000017c        0x8 myCode/UMain.o
                0x000000002000017c                DefaultCfg
 .data._impure_ptr
                0x0000000020000184        0x4 c:/st/stm32cubeide_1.3.0/stm32cubeide/plugins/com.st.stm32cube.ide.mcu.externaltools.gnu-tools-for-stm32.7-2018-q2-update.win32_1.4.0.202007081208/tools/bin/../lib/gcc/arm-none-eabi/7.3.1/../../../../arm-none-eabi/lib/thumb/v7-m\libc_nano.a(lib_a-impure.o)
                0x0000000020000184                _impure_ptr
 .data.impure_data
                0x0000000020000188       0x60 c:/st/stm32cubeide_1.3.0/stm32cubeide/plugins/com.st.stm32cube.ide.mcu.externaltools.gnu-tools-for-stm32.7-2018-q2-update.win32_1.4.0.202007081208/tools/bin/../lib/gcc/arm-none-eabi/7.3.1/../../../../arm-none-eabi/lib/thumb/v7-m\libc_nano.a(lib_a-impure.o)
                0x00000000200001e8                . = ALIGN (0x4)
                0x00000000200001e8                _edata = .

.igot.plt       0x00000000200001e8        0x0 load address 0x000000000800d560
 .igot.plt      0x00000000200001e8        0x0 c:/st/stm32cubeide_1.3.0/stm32cubeide/plugins/com.st.stm32cube.ide.mcu.externaltools.gnu-tools-for-stm32.7-2018-q2-update.win32_1.4.0.202007081208/tools/bin/../lib/gcc/arm-none-eabi/7.3.1/thumb/v7-m/crtbegin.o
                0x00000000200001e8                . = ALIGN (0x4)

.bss            0x00000000200001e8     0x3390 load address 0x000000000800d560
                0x00000000200001e8                _sbss = .
                0x00000000200001e8                __bss_start__ = _sbss
 *(.bss)
 .bss           0x00000000200001e8       0x1c c:/st/stm32cubeide_1.3.0/stm32cubeide/plugins/com.st.stm32cube.ide.mcu.externaltools.gnu-tools-for-stm32.7-2018-q2-update.win32_1.4.0.202007081208/tools/bin/../lib/gcc/arm-none-eabi/7.3.1/thumb/v7-m/crtbegin.o
 *(.bss*)
 .bss.__sbrk_heap_end
                0x0000000020000204        0x4 Core/Src/sysmem.o
 .bss.cfgidx.7927