Archive member included to satisfy reference by file (symbol)

c:/st/stm32cubeide_1.3.0/stm32cubeide/plugins/com.st.stm32cube.ide.mcu.externaltools.gnu-tools-for-stm32.7-2018-q2-update.win32_1.4.0.202007081208/tools/bin/../lib/gcc/arm-none-eabi/7.3.1/../../../../arm-none-eabi/lib/thumb/v6-m\libc_nano.a(lib_a-errno.o)
                              Core/Src/syscalls.o (__errno)
c:/st/stm32cubeide_1.3.0/stm32cubeide/plugins/com.st.stm32cube.ide.mcu.externaltools.gnu-tools-for-stm32.7-2018-q2-update.win32_1.4.0.202007081208/tools/bin/../lib/gcc/arm-none-eabi/7.3.1/../../../../arm-none-eabi/lib/thumb/v6-m\libc_nano.a(lib_a-exit.o)
                              c:/st/stm32cubeide_1.3.0/stm32cubeide/plugins/com.st.stm32cube.ide.mcu.externaltools.gnu-tools-for-stm32.7-2018-q2-update.win32_1.4.0.202007081208/tools/bin/../lib/gcc/arm-none-eabi/7.3.1/../../../../arm-none-eabi/lib/thumb/v6-m/crt0.o (exit)
c:/st/stm32cubeide_1.3.0/stm32cubeide/plugins/com.st.stm32cube.ide.mcu.externaltools.gnu-tools-for-stm32.7-2018-q2-update.win32_1.4.0.202007081208/tools/bin/../lib/gcc/arm-none-eabi/7.3.1/../../../../arm-none-eabi/lib/thumb/v6-m\libc_nano.a(lib_a-impure.o)
                              c:/st/stm32cubeide_1.3.0/stm32cubeide/plugins/com.st.stm32cube.ide.mcu.externaltools.gnu-tools-for-stm32.7-2018-q2-update.win32_1.4.0.202007081208/tools/bin/../lib/gcc/arm-none-eabi/7.3.1/../../../../arm-none-eabi/lib/thumb/v6-m\libc_nano.a(lib_a-exit.o) (_global_impure_ptr)
c:/st/stm32cubeide_1.3.0/stm32cubeide/plugins/com.st.stm32cube.ide.mcu.externaltools.gnu-tools-for-stm32.7-2018-q2-update.win32_1.4.0.202007081208/tools/bin/../lib/gcc/arm-none-eabi/7.3.1/../../../../arm-none-eabi/lib/thumb/v6-m\libc_nano.a(lib_a-init.o)
                              c:/st/stm32cubeide_1.3.0/stm32cubeide/plugins/com.st.stm32cube.ide.mcu.externaltools.gnu-tools-for-stm32.7-2018-q2-update.win32_1.4.0.202007081208/tools/bin/../lib/gcc/arm-none-eabi/7.3.1/../../../../arm-none-eabi/lib/thumb/v6-m/crt0.o (__libc_init_array)
c:/st/stm32cubeide_1.3.0/stm32cubeide/plugins/com.st.stm32cube.ide.mcu.externaltools.gnu-tools-for-stm32.7-2018-q2-update.win32_1.4.0.202007081208/tools/bin/../lib/gcc/arm-none-eabi/7.3.1/../../../../arm-none-eabi/lib/thumb/v6-m\libc_nano.a(lib_a-memcmp.o)
                              KeyLogDef/KeyLogDef.o (memcmp)
c:/st/stm32cubeide_1.3.0/stm32cubeide/plugins/com.st.stm32cube.ide.mcu.externaltools.gnu-tools-for-stm32.7-2018-q2-update.win32_1.4.0.202007081208/tools/bin/../lib/gcc/arm-none-eabi/7.3.1/../../../../arm-none-eabi/lib/thumb/v6-m\libc_nano.a(lib_a-memcpy-stub.o)
                              myCode/UMain.o (memcpy)
c:/st/stm32cubeide_1.3.0/stm32cubeide/plugins/com.st.stm32cube.ide.mcu.externaltools.gnu-tools-for-stm32.7-2018-q2-update.win32_1.4.0.202007081208/tools/bin/../lib/gcc/arm-none-eabi/7.3.1/../../../../arm-none-eabi/lib/thumb/v6-m\libc_nano.a(lib_a-memset.o)
                              c:/st/stm32cubeide_1.3.0/stm32cubeide/plugins/com.st.stm32cube.ide.mcu.externaltools.gnu-tools-for-stm32.7-2018-q2-update.win32_1.4.0.202007081208/tools/bin/../lib/gcc/arm-none-eabi/7.3.1/../../../../arm-none-eabi/lib/thumb/v6-m/crt0.o (memset)
c:/st/stm32cubeide_1.3.0/stm32cubeide/plugins/com.st.stm32cube.ide.mcu.externaltools.gnu-tools-for-stm32.7-2018-q2-update.win32_1.4.0.202007081208/tools/bin/../lib/gcc/arm-none-eabi/7.3.1/thumb/v6-m\libgcc.a(_udivsi3.o)
                              Core/Src/system_stm32l0xx.o (__aeabi_uidiv)
c:/st/stm32cubeide_1.3.0/stm32cubeide/plugins/com.st.stm32cube.ide.mcu.externaltools.gnu-tools-for-stm32.7-2018-q2-update.win32_1.4.0.202007081208/tools/bin/../lib/gcc/arm-none-eabi/7.3.1/thumb/v6-m\libgcc.a(_dvmd_tls.o)
                              c:/st/stm32cubeide_1.3.0/stm32cubeide/plugins/com.st.stm32cube.ide.mcu.externaltools.gnu-tools-for-stm32.7-2018-q2-update.win32_1.4.0.202007081208/tools/bin/../lib/gcc/arm-none-eabi/7.3.1/thumb/v6-m\libgcc.a(_udivsi3.o) (__aeabi_idiv0)
c:/st/stm32cubeide_1.3.0/stm32cubeide/plugins/com.st.stm32cube.ide.mcu.externaltools.gnu-tools-for-stm32.7-2018-q2-update.win32_1.4.0.202007081208/tools/bin/../lib/gcc/arm-none-eabi/7.3.1/thumb/v6-m\libgcc.a(_aeabi_uldivmod.o)
                              Drivers/STM32L0xx_HAL_Driver/Src/stm32l0xx_hal_uart.o (__aeabi_uldivmod)
c:/st/stm32cubeide_1.3.0/stm32cubeide/plugins/com.st.stm32cube.ide.mcu.externaltools.gnu-tools-for-stm32.7-2018-q2-update.win32_1.4.0.202007081208/tools/bin/../lib/gcc/arm-none-eabi/7.3.1/thumb/v6-m\libgcc.a(_udivmoddi4.o)
                              c:/st/stm32cubeide_1.3.0/stm32cubeide/plugins/com.st.stm32cube.ide.mcu.externaltools.gnu-tools-for-stm32.7-2018-q2-update.win32_1.4.0.202007081208/tools/bin/../lib/gcc/arm-none-eabi/7.3.1/thumb/v6-m\libgcc.a(_aeabi_uldivmod.o) (__udivmoddi4)
[...]
Memory Configuration

Name             Origin             Length             Attributes
RAM              0x0000000020000000 0x0000000000000800 xrw
FLASH            0x0000000008000000 0x0000000000004000 xr
*default*        0x0000000000000000 0xffffffffffffffff

Linker script and memory map

LOAD c:/st/stm32cubeide_1.3.0/stm32cubeide/plugins/com.st.stm32cube.ide.mcu.externaltools.gnu-tools-for-stm32.7-2018-q2-update.win32_1.4.0.202007081208/tools/bin/../lib/gcc/arm-none-eabi/7.3.1/thumb/v6-m/crti.o
LOAD c:/st/stm32cubeide_1.3.0/stm32cubeide/plugins/com.st.stm32cube.ide.mcu.externaltools.gnu-tools-for-stm32.7-2018-q2-update.win32_1.4.0.202007081208/tools/bin/../lib/gcc/arm-none-eabi/7.3.1/thumb/v6-m/crtbegin.o
LOAD c:/st/stm32cubeide_1.3.0/stm32cubeide/plugins/com.st.stm32cube.ide.mcu.externaltools.gnu-tools-for-stm32.7-2018-q2-update.win32_1.4.0.202007081208/tools/bin/../lib/gcc/arm-none-eabi/7.3.1/../../../../arm-none-eabi/lib/thumb/v6-m/crt0.o
LOAD Core/Src/main.o
LOAD Core/Src/stm32l0xx_hal_msp.o
LOAD Core/Src/stm32l0xx_it.o
LOAD Core/Src/syscalls.o
LOAD Core/Src/sysmem.o
LOAD Core/Src/system_stm32l0xx.o
LOAD Core/Startup/startup_stm32l011f4px.o
LOAD Drivers/STM32L0xx_HAL_Driver/Src/stm32l0xx_hal.o
LOAD Drivers/STM32L0xx_HAL_Driver/Src/stm32l0xx_hal_cortex.o
LOAD Drivers/STM32L0xx_HAL_Driver/Src/stm32l0xx_hal_dma.o
LOAD Drivers/STM32L0xx_HAL_Driver/Src/stm32l0xx_hal_flash.o
LOAD Drivers/STM32L0xx_HAL_Driver/Src/stm32l0xx_hal_flash_ex.o
LOAD Drivers/STM32L0xx_HAL_Driver/Src/stm32l0xx_hal_flash_ramfunc.o
LOAD Drivers/STM32L0xx_HAL_Driver/Src/stm32l0xx_hal_gpio.o
LOAD Drivers/STM32L0xx_HAL_Driver/Src/stm32l0xx_hal_i2c.o
LOAD Drivers/STM32L0xx_HAL_Driver/Src/stm32l0xx_hal_i2c_ex.o
LOAD Drivers/STM32L0xx_HAL_Driver/Src/stm32l0xx_hal_pwr.o
LOAD Drivers/STM32L0xx_HAL_Driver/Src/stm32l0xx_hal_pwr_ex.o
LOAD Drivers/STM32L0xx_HAL_Driver/Src/stm32l0xx_hal_rcc.o
LOAD Drivers/STM32L0xx_HAL_Driver/Src/stm32l0xx_hal_rcc_ex.o
LOAD Drivers/STM32L0xx_HAL_Driver/Src/stm32l0xx_hal_tim.o
LOAD Drivers/STM32L0xx_HAL_Driver/Src/stm32l0xx_hal_tim_ex.o
LOAD Drivers/STM32L0xx_HAL_Driver/Src/stm32l0xx_hal_uart.o
LOAD Drivers/STM32L0xx_HAL_Driver/Src/stm32l0xx_hal_uart_ex.o
LOAD KeyLogDef/KeyLogDef.o
LOAD myCode/CrcFunc.o
LOAD myCode/UMain.o
START GROUP
LOAD c:/st/stm32cubeide_1.3.0/stm32cubeide/plugins/com.st.stm32cube.ide.mcu.externaltools.gnu-tools-for-stm32.7-2018-q2-update.win32_1.4.0.202007081208/tools/bin/../lib/gcc/arm-none-eabi/7.3.1/../../../../arm-none-eabi/lib/thumb/v6-m\libc_nano.a
LOAD c:/st/stm32cubeide_1.3.0/stm32cubeide/plugins/com.st.stm32cube.ide.mcu.externaltools.gnu-tools-for-stm32.7-2018-q2-update.win32_1.4.0.202007081208/tools/bin/../lib/gcc/arm-none-eabi/7.3.1/../../../../arm-none-eabi/lib/thumb/v6-m\libm.a
END GROUP
START GROUP
LOAD c:/st/stm32cubeide_1.3.0/stm32cubeide/plugins/com.st.stm32cube.ide.mcu.externaltools.gnu-tools-for-stm32.7-2018-q2-update.win32_1.4.0.202007081208/tools/bin/../lib/gcc/arm-none-eabi/7.3.1/thumb/v6-m\libgcc.a
LOAD c:/st/stm32cubeide_1.3.0/stm32cubeide/plugins/com.st.stm32cube.ide.mcu.externaltools.gnu-tools-for-stm32.7-2018-q2-update.win32_1.4.0.202007081208/tools/bin/../lib/gcc/arm-none-eabi/7.3.1/../../../../arm-none-eabi/lib/thumb/v6-m\libc_nano.a
END GROUP
START GROUP
LOAD c:/st/stm32cubeide_1.3.0/stm32cubeide/plugins/com.st.stm32cube.ide.mcu.externaltools.gnu-tools-for-stm32.7-2018-q2-update.win32_1.4.0.202007081208/tools/bin/../lib/gcc/arm-none-eabi/7.3.1/thumb/v6-m\libgcc.a
LOAD c:/st/stm32cubeide_1.3.0/stm32cubeide/plugins/com.st.stm32cube.ide.mcu.externaltools.gnu-tools-for-stm32.7-2018-q2-update.win32_1.4.0.202007081208/tools/bin/../lib/gcc/arm-none-eabi/7.3.1/../../../../arm-none-eabi/lib/thumb/v6-m\libc_nano.a
LOAD c:/st/stm32cubeide_1.3.0/stm32cubeide/plugins/com.st.stm32cube.ide.mcu.externaltools.gnu-tools-for-stm32.7-2018-q2-update.win32_1.4.0.202007081208/tools/bin/../lib/gcc/arm-none-eabi/7.3.1/../../../../arm-none-eabi/lib/thumb/v6-m\libnosys.a
END GROUP
START GROUP
LOAD c:/st/stm32cubeide_1.3.0/stm32cubeide/plugins/com.st.stm32cube.ide.mcu.externaltools.gnu-tools-for-stm32.7-2018-q2-update.win32_1.4.0.202007081208/tools/bin/../lib/gcc/arm-none-eabi/7.3.1/thumb/v6-m\libgcc.a
LOAD c:/st/stm32cubeide_1.3.0/stm32cubeide/plugins/com.st.stm32cube.ide.mcu.externaltools.gnu-tools-for-stm32.7-2018-q2-update.win32_1.4.0.202007081208/tools/bin/../lib/gcc/arm-none-eabi/7.3.1/../../../../arm-none-eabi/lib/thumb/v6-m\libc_nano.a
LOAD c:/st/stm32cubeide_1.3.0/stm32cubeide/plugins/com.st.stm32cube.ide.mcu.externaltools.gnu-tools-for-stm32.7-2018-q2-update.win32_1.4.0.202007081208/tools/bin/../lib/gcc/arm-none-eabi/7.3.1/../../../../arm-none-eabi/lib/thumb/v6-m\libnosys.a
END GROUP
LOAD c:/st/stm32cubeide_1.3.0/stm32cubeide/plugins/com.st.stm32cube.ide.mcu.externaltools.gnu-tools-for-stm32.7-2018-q2-update.win32_1.4.0.202007081208/tools/bin/../lib/gcc/arm-none-eabi/7.3.1/thumb/v6-m/crtend.o
LOAD c:/st/stm32cubeide_1.3.0/stm32cubeide/plugins/com.st.stm32cube.ide.mcu.externaltools.gnu-tools-for-stm32.7-2018-q2-update.win32_1.4.0.202007081208/tools/bin/../lib/gcc/arm-none-eabi/7.3.1/thumb/v6-m/crtn.o
                0x0000000020000800                _estack = (ORIGIN (RAM) + LENGTH (RAM))
                0x0000000000000200                _Min_Heap_Size = 0x200
                0x0000000000000100                _Min_Stack_Size = 0x100

.isr_vector     0x0000000008000000       0xc0
                0x0000000008000000                . = ALIGN (0x4)
 *(.isr_vector)
 .isr_vector    0x0000000008000000       0xc0 Core/Startup/startup_stm32l011f4px.o
                0x0000000008000000                g_pfnVectors
                0x00000000080000c0                . = ALIGN (0x4)

.label          0x00000000080000c0       0x94
                0x00000000080000c0                . = ALIGN (0x10)
 *(.label)
 .label         0x00000000080000c0       0x91 myCode/UMain.o
                0x00000000080000c0                DevLabel
                0x0000000008000154                . = ALIGN (0x4)
 *fill*         0x0000000008000151        0x3 

.text           0x0000000008000154     0x2f4c
                0x0000000008000154                . = ALIGN (0x4)
 *(.text)
 .text          0x0000000008000154       0x48 c:/st/stm32cubeide_1.3.0/stm32cubeide/plugins/com.st.stm32cube.ide.mcu.externaltools.gnu-tools-for-stm32.7-2018-q2-update.win32_1.4.0.202007081208/tools/bin/../lib/gcc/arm-none-eabi/7.3.1/thumb/v6-m/crtbegin.o
 .text          0x000000000800019c      0x114 c:/st/stm32cubeide_1.3.0/stm32cubeide/plugins/com.st.stm32cube.ide.mcu.externaltools.gnu-tools-for-stm32.7-2018-q2-update.win32_1.4.0.202007081208/tools/bin/../lib/gcc/arm-none-eabi/7.3.1/thumb/v6-m\libgcc.a(_udivsi3.o)
                0x000000000800019c                __aeabi_uidiv
                0x000000000800019c                __udivsi3
                0x00000000080002a8                __aeabi_uidivmod
 .text          0x00000000080002b0        0x4 c:/st/stm32cubeide_1.3.0/stm32cubeide/plugins/com.st.stm32cube.ide.mcu.externaltools.gnu-tools-for-stm32.7-2018-q2-update.win32_1.4.0.202007081208/tools/bin/../lib/gcc/arm-none-eabi/7.3.1/thumb/v6-m\libgcc.a(_dvmd_tls.o)
                0x00000000080002b0                __aeabi_idiv0
                0x00000000080002b0                __aeabi_ldiv0
 .text          0x00000000080002b4       0x40 c:/st/stm32cubeide_1.3.0/stm32cubeide/plugins/com.st.stm32cube.ide.mcu.externaltools.gnu-tools-for-stm32.7-2018-q2-update.win32_1.4.0.202007081208/tools/bin/../lib/gcc/arm-none-eabi/7.3.1/thumb/v6-m\libgcc.a(_aeabi_uldivmod.o)
                0x00000000080002b4                __aeabi_uldivmod
 .text          0x00000000080002f4      0x184 c:/st/stm32cubeide_1.3.0/stm32cubeide/plugins/com.st.stm32cube.ide.mcu.externaltools.gnu-tools-for-stm32.7-2018-q2-update.win32_1.4.0.202007081208/tools/bin/../lib/gcc/arm-none-eabi/7.3.1/thumb/v6-m\libgcc.a(_udivmoddi4.o)
                0x00000000080002f4                __udivmoddi4
 .text          0x0000000008000478       0x18 c:/st/stm32cubeide_1.3.0/stm32cubeide/plugins/com.st.stm32cube.ide.mcu.externaltools.gnu-tools-for-stm32.7-2018-q2-update.win32_1.4.0.202007081208/tools/bin/../lib/gcc/arm-none-eabi/7.3.1/thumb/v6-m\libgcc.a(_clzdi2.o)
                0x0000000008000478                __clzdi2
 .text          0x0000000008000490       0x3c c:/st/stm32cubeide_1.3.0/stm32cubeide/plugins/com.st.stm32cube.ide.mcu.externaltools.gnu-tools-for-stm32.7-2018-q2-update.win32_1.4.0.202007081208/tools/bin/../lib/gcc/arm-none-eabi/7.3.1/thumb/v6-m\libgcc.a(_clzsi2.o)
                0x0000000008000490                __clzsi2
 *(.text*)
 .text.SystemClock_Config
                0x00000000080004cc       0x84 Core/Src/main.o
                0x00000000080004cc                SystemClock_Config
 .text.main     0x0000000008000550      0x108 Core/Src/main.o
                0x0000000008000550                main
 .text.HAL_MspInit
                0x0000000008000658       0x1c Core/Src/stm32l0xx_hal_msp.o
                0x0000000008000658                HAL_MspInit
 .text.HAL_TIM_Base_MspInit
                0x0000000008000674       0x2c Core/Src/stm32l0xx_hal_msp.o
                0x0000000008000674                HAL_TIM_Base_MspInit
 .text.HAL_UART_MspInit
                0x00000000080006a0       0x80 Core/Src/stm32l0xx_hal_msp.o
                0x00000000080006a0                HAL_UART_MspInit
 .text.NMI_Handler
                0x0000000008000720        0x2 Core/Src/stm32l0xx_it.o
                0x0000000008000720                NMI_Handler
 .text.HardFault_Handler
                0x0000000008000722        0x2 Core/Src/stm32l0xx_it.o
                0x0000000008000722                HardFault_Handler
 .text.SVC_Handler
                0x0000000008000724        0x2 Core/Src/stm32l0xx_it.o
                0x0000000008000724                SVC_Handler
 .text.PendSV_Handler
                0x0000000008000726        0x2 Core/Src/stm32l0xx_it.o
                0x0000000008000726                PendSV_Handler
 .text.SysTick_Handler
                0x0000000008000728        0x8 Core/Src/stm32l0xx_it.o
                0x0000000008000728                SysTick_Handler
 .text.TIM2_IRQHandler
                0x0000000008000730       0x10 Core/Src/stm32l0xx_it.o
                0x0000000008000730                TIM2_IRQHandler
 .text.USART2_IRQHandler
                0x0000000008000740       0x10 Core/Src/stm32l0xx_it.o
                0x0000000008000740                USART2_IRQHandler
 .text.SystemInit
                0x0000000008000750       0x5c Core/Src/system_stm32l0xx.o
                0x0000000008000750                SystemInit
 .text.Reset_Handler
                0x00000000080007ac       0x80 Core/Startup/startup_stm32l011f4px.o
                0x00000000080007ac                Reset_Handler
 .text.Default_Handler
                0x000000000800082c        0x2 Core/Startup/startup_stm32l011f4px.o
                0x000000000800082c                ADC1_COMP_IRQHandler
                0x000000000800082c                PVD_IRQHandler
                0x000000000800082c                I2C1_IRQHandler
                0x000000000800082c                SPI1_IRQHandler
                0x000000000800082c                EXTI2_3_IRQHandler
                0x000000000800082c                RTC_IRQHandler
                0x000000000800082c                EXTI4_15_IRQHandler
                0x000000000800082c                RCC_IRQHandler
                0x000000000800082c                DMA1_Channel1_IRQHandler
                0x000000000800082c                Default_Handler
                0x000000000800082c                DMA1_Channel4_5_IRQHandler
                0x000000000800082c                EXTI0_1_IRQHandler
                0x000000000800082c                TIM21_IRQHandler
                0x000000000800082c                WWDG_IRQHandler
                0x000000000800082c                LPUART1_IRQHandler
                0x000000000800082c                DMA1_Channel2_3_IRQHandler
                0x000000000800082c                FLASH_IRQHandler
                0x000000000800082c                LPTIM1_IRQHandler
 *fill*         0x000000000800082e        0x2 
 .text.HAL_InitTick
                0x0000000008000830       0x4c Drivers/STM32L0xx_HAL_Driver/Src/stm32l0xx_hal.o
                0x0000000008000830                HAL_InitTick
 .text.HAL_Init
                0x000000000800087c       0x28 Drivers/STM32L0xx_HAL_Driver/Src/stm32l0xx_hal.o
                0x000000000800087c                HAL_Init
 .text.HAL_IncTick
                0x00000000080008a4       0x18 Drivers/STM32L0xx_HAL_Driver/Src/stm32l0xx_hal.o
                0x00000000080008a4                HAL_IncTick
 .text.HAL_GetTick
                0x00000000080008bc        0xc Drivers/STM32L0xx_HAL_Driver/Src/stm32l0xx_hal.o
                0x00000000080008bc                HAL_GetTick
 .text.HAL_NVIC_SetPriority
                0x00000000080008c8       0x68 Drivers/STM32L0xx_HAL_Driver/Src/stm32l0xx_hal_cortex.o
                0x00000000080008c8                HAL_NVIC_SetPriority
 .text.HAL_NVIC_EnableIRQ
                0x0000000008000930       0x14 Drivers/STM32L0xx_HAL_Driver/Src/stm32l0xx_hal_cortex.o
                0x0000000008000930                HAL_NVIC_EnableIRQ
 .text.HAL_SYSTICK_Config
                0x0000000008000944       0x38 Drivers/STM32L0xx_HAL_Driver/Src/stm32l0xx_hal_cortex.o
                0x0000000008000944                HAL_SYSTICK_Config
 .text.HAL_DMA_Abort_IT
                0x000000000800097c       0x4e Drivers/STM32L0xx_HAL_Driver/Src/stm32l0xx_hal_dma.o
                0x000000000800097c                HAL_DMA_Abort_IT
 *fill*         0x00000000080009ca        0x2 
 .text.FLASH_SetErrorCode
                0x00000000080009cc       0xb4 Drivers/STM32L0xx_HAL_Driver/Src/stm32l0xx_hal_flash.o
 .text.HAL_FLASH_OB_Unlock
                0x0000000008000a80       0x48 Drivers/STM32L0xx_HAL_Driver/Src/stm32l0xx_hal_flash.o
                0x0000000008000a80                HAL_FLASH_OB_Unlock
 .text.HAL_FLASH_OB_Lock
                0x0000000008000ac8       0x14 Drivers/STM32L0xx_HAL_Driver/Src/stm32l0xx_hal_flash.o
                0x0000000008000ac8                HAL_FLASH_OB_Lock
 .text.FLASH_WaitForLastOperation
                0x0000000008000adc       0x84 Drivers/STM32L0xx_HAL_Driver/Src/stm32l0xx_hal_flash.o
                0x0000000008000adc                FLASH_WaitForLastOperation
 .text.FLASH_OB_ProtectedSectorsConfig
                0x0000000008000b60       0x58 Drivers/STM32L0xx_HAL_Driver/Src/stm32l0xx_hal_flash_ex.o
 .text.HAL_FLASHEx_OBProgram
                0x0000000008000bb8      0x154 Drivers/STM32L0xx_HAL_Driver/Src/stm32l0xx_hal_flash_ex.o
                0x0000000008000bb8                HAL_FLASHEx_OBProgram
 .text.HAL_FLASHEx_OBGetConfig
                0x0000000008000d0c       0x3c Drivers/STM32L0xx_HAL_Driver/Src/stm32l0xx_hal_flash_ex.o
                0x0000000008000d0c                HAL_FLASHEx_OBGetConfig
 .text.HAL_FLASHEx_DATAEEPROM_Unlock
                0x0000000008000d48       0x34 Drivers/STM32L0xx_HAL_Driver/Src/stm32l0xx_hal_flash_ex.o
                0x0000000008000d48                HAL_FLASHEx_DATAEEPROM_Unlock
 .text.HAL_FLASHEx_DATAEEPROM_Lock
                0x0000000008000d7c       0x14 Drivers/STM32L0xx_HAL_Driver/Src/stm32l0xx_hal_flash_ex.o
                0x0000000008000d7c                HAL_FLASHEx_DATAEEPROM_Lock
 .text.HAL_FLASHEx_DATAEEPROM_Program
                0x0000000008000d90       0x5c Drivers/STM32L0xx_HAL_Driver/Src/stm32l0xx_hal_flash_ex.o
                0x0000000008000d90                HAL_FLASHEx_DATAEEPROM_Program
 .text.HAL_FLASHEx_DATAEEPROM_EnableFixedTimeProgram
                0x0000000008000dec       0x14 Drivers/STM32L0xx_HAL_Driver/Src/stm32l0xx_hal_flash_ex.o
                0x0000000008000dec                HAL_FLASHEx_DATAEEPROM_EnableFixedTimeProgram
 .text.HAL_GPIO_Init
                0x0000000008000e00      0x1a0 Drivers/STM32L0xx_HAL_Driver/Src/stm32l0xx_hal_gpio.o
                0x0000000008000e00                HAL_GPIO_Init
 .text.HAL_GPIO_WritePin
                0x0000000008000fa0        0xc Drivers/STM32L0xx_HAL_Driver/Src/stm32l0xx_hal_gpio.o
                0x0000000008000fa0                HAL_GPIO_WritePin
 .text.HAL_RCC_GetSysClockFreq
                0x0000000008000fac       0xb0 Drivers/STM32L0xx_HAL_Driver/Src/stm32l0xx_hal_rcc.o
                0x0000000008000fac                HAL_RCC_GetSysClockFreq
 .text.HAL_RCC_OscConfig
                0x000000000800105c      0x564 Drivers/STM32L0xx_HAL_Driver/Src/stm32l0xx_hal_rcc.o
                0x000000000800105c                HAL_RCC_OscConfig
 .text.HAL_RCC_ClockConfig
                0x00000000080015c0      0x1c4 Drivers/STM32L0xx_HAL_Driver/Src/stm32l0xx_hal_rcc.o
                0x00000000080015c0                HAL_RCC_ClockConfig
 .text.HAL_RCC_GetPCLK1Freq
                0x0000000008001784       0x20 Drivers/STM32L0xx_HAL_Driver/Src/stm32l0xx_hal_rcc.o
                0x0000000008001784                HAL_RCC_GetPCLK1Freq
 .text.HAL_RCC_GetPCLK2Freq
                0x00000000080017a4       0x20 Drivers/STM32L0xx_HAL_Driver/Src/stm32l0xx_hal_rcc.o
                0x00000000080017a4                HAL_RCC_GetPCLK2Freq
 .text.HAL_RCCEx_PeriphCLKConfig
                0x00000000080017c4      0x1dc Drivers/STM32L0xx_HAL_Driver/Src/stm32l0xx_hal_rcc_ex.o
                0x00000000080017c4                HAL_RCCEx_PeriphCLKConfig
 .text.TIM_Base_SetConfig
                0x00000000080019a0       0x4c Drivers/STM32L0xx_HAL_Driver/Src/stm32l0xx_hal_tim.o
 .text.HAL_TIM_Base_Init
                0x00000000080019ec       0x34 Drivers/STM32L0xx_HAL_Driver/Src/stm32l0xx_hal_tim.o
                0x00000000080019ec                HAL_TIM_Base_Init
 .text.HAL_TIM_Base_Start_IT
                0x0000000008001a20       0x22 Drivers/STM32L0xx_HAL_Driver/Src/stm32l0xx_hal_tim.o
                0x0000000008001a20                HAL_TIM_Base_Start_IT
 *fill*         0x0000000008001a42        0x2 
 .text.HAL_TIM_ConfigClockSource
                0x0000000008001a44      0x170 Drivers/STM32L0xx_HAL_Driver/Src/stm32l0xx_hal_tim.o
                0x0000000008001a44                HAL_TIM_ConfigClockSource
 .text.HAL_TIM_OC_DelayElapsedCallback
                0x0000000008001bb4        0x2 Drivers/STM32L0xx_HAL_Driver/Src/stm32l0xx_hal_tim.o
                0x0000000008001bb4                HAL_TIM_OC_DelayElapsedCallback
 .text.HAL_TIM_IC_CaptureCallback
                0x0000000008001bb6        0x2 Drivers/STM32L0xx_HAL_Driver/Src/stm32l0xx_hal_tim.o
                0x0000000008001bb6                HAL_TIM_IC_CaptureCallback
 .text.HAL_TIM_PWM_PulseFinishedCallback
                0x0000000008001bb8        0x2 Drivers/STM32L0xx_HAL_Driver/Src/stm32l0xx_hal_tim.o
                0x0000000008001bb8                HAL_TIM_PWM_PulseFinishedCallback
 .text.HAL_TIM_TriggerCallback
                0x0000000008001bba        0x2 Drivers/STM32L0xx_HAL_Driver/Src/stm32l0xx_hal_tim.o
                0x0000000008001bba                HAL_TIM_TriggerCallback
 .text.HAL_TIM_IRQHandler
                0x0000000008001bbc      0x122 Drivers/STM32L0xx_HAL_Driver/Src/stm32l0xx_hal_tim.o
                0x0000000008001bbc                HAL_TIM_IRQHandler
 .text.HAL_TIMEx_MasterConfigSynchronization
                0x0000000008001cde       0x56 Drivers/STM32L0xx_HAL_Driver/Src/stm32l0xx_hal_tim_ex.o
                0x0000000008001cde                HAL_TIMEx_MasterConfigSynchronization
 .text.UART_EndRxTransfer
                0x0000000008001d34       0x24 Drivers/STM32L0xx_HAL_Driver/Src/stm32l0xx_hal_uart.o
 .text.UART_TxISR_8BIT
                0x0000000008001d58       0x42 Drivers/STM32L0xx_HAL_Driver/Src/stm32l0xx_hal_uart.o
 .text.UART_TxISR_16BIT
                0x0000000008001d9a       0x46 Drivers/STM32L0xx_HAL_Driver/Src/stm32l0xx_hal_uart.o
 .text.HAL_UART_Transmit_IT
                0x0000000008001de0       0xb0 Drivers/STM32L0xx_HAL_Driver/Src/stm32l0xx_hal_uart.o
                0x0000000008001de0                HAL_UART_Transmit_IT
 .text.HAL_UART_Receive_IT
                0x0000000008001e90      0x12c Drivers/STM32L0xx_HAL_Driver/Src/stm32l0xx_hal_uart.o
                0x0000000008001e90                HAL_UART_Receive_IT
 .text.UART_RxISR_8BIT
                0x0000000008001fbc       0x64 Drivers/STM32L0xx_HAL_Driver/Src/stm32l0xx_hal_uart.o
 .text.UART_RxISR_16BIT
                0x0000000008002020       0x64 Drivers/STM32L0xx_HAL_Driver/Src/stm32l0xx_hal_uart.o
 .text.HAL_UART_ErrorCallback
                0x0000000008002084        0x2 Drivers/STM32L0xx_HAL_Driver/Src/stm32l0xx_hal_uart.o
                0x0000000008002084                HAL_UART_ErrorCallback
 *fill*         0x0000000008002086        0x2 
 .text.HAL_UART_IRQHandler
                0x0000000008002088      0x154 Drivers/STM32L0xx_HAL_Driver/Src/stm32l0xx_hal_uart.o
                0x0000000008002088                HAL_UART_IRQHandler
 .text.UART_DMAAbortOnError
                0x00000000080021dc       0x14 Drivers/STM32L0xx_HAL_Driver/Src/stm32l0xx_hal_uart.o
 .text.UART_SetConfig
                0x00000000080021f0      0x318 Drivers/STM32L0xx_HAL_Driver/Src/stm32l0xx_hal_uart.o
                0x00000000080021f0                UART_SetConfig
 .text.UART_AdvFeatureConfig
                0x0000000008002508       0xe0 Drivers/STM32L0xx_HAL_Driver/Src/stm32l0xx_hal_uart.o
                0x0000000008002508                UART_AdvFeatureConfig
 .text.UART_WaitOnFlagUntilTimeout
                0x00000000080025e8       0x68 Drivers/STM32L0xx_HAL_Driver/Src/stm32l0xx_hal_uart.o
                0x00000000080025e8                UART_WaitOnFlagUntilTimeout
 .text.UART_CheckIdleState
                0x0000000008002650       0x6c Drivers/STM32L0xx_HAL_Driver/Src/stm32l0xx_hal_uart.o
                0x0000000008002650                UART_CheckIdleState
 .text.HAL_UART_Init
                0x00000000080026bc       0x6c Drivers/STM32L0xx_HAL_Driver/Src/stm32l0xx_hal_uart.o
                0x00000000080026bc                HAL_UART_Init
 .text.HAL_UARTEx_WakeupCallback
                0x0000000008002728        0x2 Drivers/STM32L0xx_HAL_Driver/Src/stm32l0xx_hal_uart_ex.o
                0x0000000008002728                HAL_UARTEx_WakeupCallback
 *fill*         0x000000000800272a        0x2 
 .text.KeyLogQueryReply
                0x000000000800272c      0x170 KeyLogDef/KeyLogDef.o
                0x000000000800272c                KeyLogQueryReply
 .text.CrcProceed
                0x000000000800289c       0x2c myCode/CrcFunc.o
                0x000000000800289c                CrcProceed
 .text.CrcBild  0x00000000080028c8       0x24 myCode/CrcFunc.o
                0x00000000080028c8                CrcBild
 .text.CrcSet   0x00000000080028ec       0x14 myCode/CrcFunc.o
                0x00000000080028ec                CrcSet
 .text.CrcCheck
                0x0000000008002900        0xe myCode/CrcFunc.o
                0x0000000008002900                CrcCheck
 .text.getInt2  0x000000000800290e       0x14 myCode/UMain.o
 .text.getInt3  0x0000000008002922       0x20 myCode/UMain.o
 .text._strcmp  0x0000000008002942       0x3c myCode/UMain.o
                0x0000000008002942                _strcmp
 *fill*         0x000000000800297e        0x2 
 .text.loadSoftVer
                0x0000000008002980       0xb0 myCode/UMain.o
                0x0000000008002980                loadSoftVer
 .text.HAL_UART_RxCpltCallback
                0x0000000008002a30       0x3c myCode/UMain.o
                0x0000000008002a30                HAL_UART_RxCpltCallback
 .text.clearRxRec
                0x0000000008002a6c       0x10 myCode/UMain.o
                0x0000000008002a6c                clearRxRec
 .text.checkRxRcTimeOut
                0x0000000008002a7c       0x24 myCode/UMain.o
                0x0000000008002a7c                checkRxRcTimeOut
 .text.writeEEprom
                0x0000000008002aa0       0x68 myCode/UMain.o
                0x0000000008002aa0                writeEEprom
 .text.initEepData
                0x0000000008002b08       0x18 myCode/UMain.o
                0x0000000008002b08                initEepData
 .text.incDecDemoCountr
                0x0000000008002b20       0x6c myCode/UMain.o
                0x0000000008002b20                incDecDemoCountr
 .text.getKeyOn
                0x0000000008002b8c       0x58 myCode/UMain.o
                0x0000000008002b8c                getKeyOn
 .text.setLed1  0x0000000008002be4       0x28 myCode/UMain.o
                0x0000000008002be4                setLed1
 .text.setLed2  0x0000000008002c0c       0x28 myCode/UMain.o
                0x0000000008002c0c                setLed2
 .text.HAL_UART_TxCpltCallback
                0x0000000008002c34       0x10 myCode/UMain.o
                0x0000000008002c34                HAL_UART_TxCpltCallback
 .text.sendPkt  0x0000000008002c44       0x28 myCode/UMain.o
                0x0000000008002c44                sendPkt
 .text.sendErrPkt
                0x0000000008002c6c       0x14 myCode/UMain.o
                0x0000000008002c6c                sendErrPkt
 .text.execNewQkt
                0x0000000008002c80       0x40 myCode/UMain.o
                0x0000000008002c80                execNewQkt
 .text.execNewRxPkt
                0x0000000008002cc0      0x1fc myCode/UMain.o
                0x0000000008002cc0                execNewRxPkt
 .text.setSygIrq
                0x0000000008002ebc       0x22 myCode/UMain.o
                0x0000000008002ebc                setSygIrq
 *fill*         0x0000000008002ede        0x2 
 .text.HAL_TIM_PeriodElapsedCallback
                0x0000000008002ee0       0x18 myCode/UMain.o
                0x0000000008002ee0                HAL_TIM_PeriodElapsedCallback
 .text.uMain    0x0000000008002ef8      0x124 myCode/UMain.o
                0x0000000008002ef8                uMain
 .text.__libc_init_array
                0x000000000800301c       0x48 c:/st/stm32cubeide_1.3.0/stm32cubeide/plugins/com.st.stm32cube.ide.mcu.externaltools.gnu-tools-for-stm32.7-2018-q2-update.win32_1.4.0.202007081208/tools/bin/../lib/gcc/arm-none-eabi/7.3.1/../../../../arm-none-eabi/lib/thumb/v6-m\libc_nano.a(lib_a-init.o)
                0x000000000800301c                __libc_init_array
 .text.memcpy   0x0000000008003064       0x12 c:/st/stm32cubeide_1.3.0/stm32cubeide/plugins/com.st.stm32cube.ide.mcu.externaltools.gnu-tools-for-stm32.7-2018-q2-update.win32_1.4.0.202007081208/tools/bin/../lib/gcc/arm-none-eabi/7.3.1/../../../../arm-none-eabi/lib/thumb/v6-m\libc_nano.a(lib_a-memcpy-stub.o)
                0x0000000008003064                memcpy
 .text.memset   0x0000000008003076       0x10 c:/st/stm32cubeide_1.3.0/stm32cubeide/plugins/com.st.stm32cube.ide.mcu.externaltools.gnu-tools-for-stm32.7-2018-q2-update.win32_1.4.0.202007081208/tools/bin/../lib/gcc/arm-none-eabi/7.3.1/../../../../arm-none-eabi/lib/thumb/v6-m\libc_nano.a(lib_a-memset.o)
                0x0000000008003076                memset
 *(.glue_7)
 .glue_7        0x0000000008003086        0x0 linker stubs
 *(.glue_7t)
 .glue_7t       0x0000000008003086        0x0 linker stubs
 *(.eh_frame)
 *fill*         0x0000000008003086        0x2 
 .eh_frame      0x0000000008003088        0x0 c:/st/stm32cubeide_1.3.0/stm32cubeide/plugins/com.st.stm32cube.ide.mcu.externaltools.gnu-tools-for-stm32.7-2018-q2-update.win32_1.4.0.202007081208/tools/bin/../lib/gcc/arm-none-eabi/7.3.1/thumb/v6-m/crtbegin.o
 *(.init)
 .init          0x0000000008003088        0x4 c:/st/stm32cubeide_1.3.0/stm32cubeide/plugins/com.st.stm32cube.ide.mcu.externaltools.gnu-tools-for-stm32.7-2018-q2-update.win32_1.4.0.202007081208/tools/bin/../lib/gcc/arm-none-eabi/7.3.1/thumb/v6-m/crti.o
                0x0000000008003088                _init
 .init          0x000000000800308c        0x8 c:/st/stm32cubeide_1.3.0/stm32cubeide/plugins/com.st.stm32cube.ide.mcu.externaltools.gnu-tools-for-stm32.7-2018-q2-update.win32_1.4.0.202007081208/tools/bin/../lib/gcc/arm-none-eabi/7.3.1/thumb/v6-m/crtn.o
 *(.fini)
 .fini          0x0000000008003094        0x4 c:/st/stm32cubeide_1.3.0/stm32cubeide/plugins/com.st.stm32cube.ide.mcu.externaltools.gnu-tools-for-stm32.7-2018-q2-update.win32_1.4.0.202007081208/tools/bin/../lib/gcc/arm-none-eabi/7.3.1/thumb/v6-m/crti.o
                0x0000000008003094                _fini
 .fini          0x0000000008003098        0x8 c:/st/stm32cubeide_1.3.0/stm32cubeide/plugins/com.st.stm32cube.ide.mcu.externaltools.gnu-tools-for-stm32.7-2018-q2-update.win32_1.4.0.202007081208/tools/bin/../lib/gcc/arm-none-eabi/7.3.1/thumb/v6-m/crtn.o
                0x00000000080030a0                . = ALIGN (0x4)
                0x00000000080030a0                _etext = .

.vfp11_veneer   0x00000000080030a0        0x0
 .vfp11_veneer  0x00000000080030a0        0x0 linker stubs

.v4_bx          0x00000000080030a0        0x0
 .v4_bx         0x00000000080030a0        0x0 linker stubs

.iplt           0x00000000080030a0        0x0
 .iplt          0x00000000080030a0        0x0 c:/st/stm32cubeide_1.3.0/stm32cubeide/plugins/com.st.stm32cube.ide.mcu.externaltools.gnu-tools-for-stm32.7-2018-q2-update.win32_1.4.0.202007081208/tools/bin/../lib/gcc/arm-none-eabi/7.3.1/thumb/v6-m/crtbegin.o

.rodata         0x00000000080030a0       0xd8
                0x00000000080030a0                . = ALIGN (0x4)
 *(.rodata)
 *(.rodata*)
 .rodata.AHBPrescTable
                0x00000000080030a0       0x10 Core/Src/system_stm32l0xx.o
                0x00000000080030a0                AHBPrescTable
 .rodata.APBPrescTable
                0x00000000080030b0        0x8 Core/Src/system_stm32l0xx.o
                0x00000000080030b0                APBPrescTable
 .rodata.PLLMulTable
                0x00000000080030b8        0x9 Core/Src/system_stm32l0xx.o
                0x00000000080030b8                PLLMulTable
 *fill*         0x00000000080030c1        0x3 
 .rodata.UART_SetConfig
                0x00000000080030c4       0x48 Drivers/STM32L0xx_HAL_Driver/Src/stm32l0xx_hal_uart.o
 .rodata.execNewRxPkt
                0x000000000800310c       0x4c myCode/UMain.o
 .rodata.Tx1    0x0000000008003158        0x7 myCode/UMain.o
                0x0000000008003158                Tx1
 *fill*         0x000000000800315f        0x1 
 .rodata.Tx2    0x0000000008003160        0x7 myCode/UMain.o
                0x0000000008003160                Tx2
 *fill*         0x0000000008003167        0x1 
 .rodata.Tx3    0x0000000008003168        0x5 myCode/UMain.o
                0x0000000008003168                Tx3
 *fill*         0x000000000800316d        0x3 
 .rodata.Tx4    0x0000000008003170        0x5 myCode/UMain.o
                0x0000000008003170                Tx4
                0x0000000008003178                . = ALIGN (0x4)
 *fill*         0x0000000008003175        0x3 

.ARM.extab      0x0000000008003178        0x0
                0x0000000008003178                . = ALIGN (0x4)
 *(.ARM.extab* .gnu.linkonce.armextab.*)
                0x0000000008003178                . = ALIGN (0x4)

.ARM            0x0000000008003178        0x8
                0x0000000008003178                . = ALIGN (0x4)
                0x0000000008003178                __exidx_start = .
 *(.ARM.exidx*)
 .ARM.exidx     0x0000000008003178        0x8 c:/st/stm32cubeide_1.3.0/stm32cubeide/plugins/com.st.stm32cube.ide.mcu.externaltools.gnu-tools-for-stm32.7-2018-q2-update.win32_1.4.0.202007081208/tools/bin/../lib/gcc/arm-none-eabi/7.3.1/thumb/v6-m\libgcc.a(_udivmoddi4.o)
                0x0000000008003180                __exidx_end = .
                0x0000000008003180                . = ALIGN (0x4)

.rel.dyn        0x0000000008003180        0x0
 .rel.iplt      0x0000000008003180        0x0 c:/st/stm32cubeide_1.3.0/stm32cubeide/plugins/com.st.stm32cube.ide.mcu.externaltools.gnu-tools-for-stm32.7-2018-q2-update.win32_1.4.0.202007081208/tools/bin/../lib/gcc/arm-none-eabi/7.3.1/thumb/v6-m/crtbegin.o

.preinit_array  0x0000000008003180        0x0
                0x0000000008003180                . = ALIGN (0x4)
                0x0000000008003180                PROVIDE (__preinit_array_start = .)
 *(.preinit_array*)
                0x0000000008003180                PROVIDE (__preinit_array_end = .)
                0x0000000008003180                . = ALIGN (0x4)

.init_array     0x0000000008003180        0x4
                0x0000000008003180                . = ALIGN (0x4)
                0x0000000008003180                PROVIDE (__init_array_start = .)
 *(SORT_BY_NAME(.init_array.*))
 *(.init_array*)
 .init_array    0x0000000008003180        0x4 c:/st/stm32cubeide_1.3.0/stm32cubeide/plugins/com.st.stm32cube.ide.mcu.externaltools.gnu-tools-for-stm32.7-2018-q2-update.win32_1.4.0.202007081208/tools/bin/../lib/gcc/arm-none-eabi/7.3.1/thumb/v6-m/crtbegin.o
                0x0000000008003184                PROVIDE (__init_array_end = .)
                0x0000000008003184                . = ALIGN (0x4)

.fini_array     0x0000000008003184        0x4
                0x0000000008003184                . = ALIGN (0x4)
                [!provide]                        PROVIDE (__fini_array_start = .)
 *(SORT_BY_NAME(.fini_array.*))
 *(.fini_array*)
 .fini_array    0x0000000008003184        0x4 c:/st/stm32cubeide_1.3.0/stm32cubeide/plugins/com.st.stm32cube.ide.mcu.externaltools.gnu-tools-for-stm32.7-2018-q2-update.win32_1.4.0.202007081208/tools/bin/../lib/gcc/arm-none-eabi/7.3.1/thumb/v6-m/crtbegin.o
                [!provide]                        PROVIDE (__fini_array_end = .)
                0x0000000008003188                . = ALIGN (0x4)
                0x0000000008003188                _sidata = LOADADDR (.data)

.data           0x0000000020000000       0x10 load address 0x0000000008003188
                0x0000000020000000                . = ALIGN (0x4)
                0x0000000020000000                _sdata = .
 *(.data)
 *(.data*)
 .data.SystemCoreClock
                0x0000000020000000        0x4 Core/Src/system_stm32l0xx.o
                0x0000000020000000                SystemCoreClock
 .data.uwTickFreq
                0x0000000020000004        0x1 Drivers/STM32L0xx_HAL_Driver/Src/stm32l0xx_hal.o
                0x0000000020000004                uwTickFreq
 *fill*         0x0000000020000005        0x3 
 .data.uwTickPrio
                0x0000000020000008        0x4 Drivers/STM32L0xx_HAL_Driver/Src/stm32l0xx_hal.o
                0x0000000020000008                uwTickPrio
 .data.eepDataDev
                0x000000002000000c        0x4 myCode/UMain.o
                0x000000002000000c                eepDataDev
                0x0000000020000010                . = ALIGN (0x4)
                0x0000000020000010                _edata = .

.igot.plt       0x0000000020000010        0x0 load address 0x0000000008003198
 .igot.plt      0x0000000020000010        0x0 c:/st/stm32cubeide_1.3.0/stm32cubeide/plugins/com.st.stm32cube.ide.mcu.externaltools.gnu-tools-for-stm32.7-2018-q2-update.win32_1.4.0.202007081208/tools/bin/../lib/gcc/arm-none-eabi/7.3.1/thumb/v6-m/crtbegin.o
                0x0000000020000010                . = ALIGN (0x4)

.bss            0x0000000020000010      0x20c load address 0x0000000008003198
                0x0000000020000010                _sbss = .
                0x0000000020000010                __bss_start__ = _sbss
 *(.bss)
 .bss           0x0000000020000010       0x1c c:/st/stm32cubeide_1.3.0/stm32cubeide/plugins/com.st.stm32cube.ide.mcu.externaltools.gnu-tools-for-stm32.7-2018-q2-update.win32_1.4.0.202007081208/tools/bin/../lib/gcc/arm-none-eabi/7.3.1/thumb/v6-m/crtbegin.o
 *(.bss*)
 .bss.mGlobError
                0x000000002000002c        0x1 myCode/UMain.o
                0x000000002000002c                mGlobError
 *fill*         0x000000002000002d        0x3 
 .bss.rxRec     0x0000000020000030       0x30 myCode/UMain.o
                0x0000000020000030                rxRec
 .bss.sPulse.6494
                0x0000000020000060        0x1 myCode/UMain.o
 *fill*         0x0000000020000061        0x3 
 .bss.txRec     0x0000000020000064       0x21 myCode/UMain.o
                0x0000000020000064                txRec
 *(COMMON)
 *fill*         0x0000000020000085        0x3 
 COMMON         0x0000000020000088       0xbc Core/Src/main.o
                0x0000000020000088                htim2
                0x00000000200000c4                huart2
 COMMON         0x0000000020000144        0x4 Drivers/STM32L0xx_HAL_Driver/Src/stm32l0xx_hal.o
                0x0000000020000144                uwTick
 COMMON         0x0000000020000148       0x18 Drivers/STM32L0xx_HAL_Driver/Src/stm32l0xx_hal_flash.o
                0x0000000020000148                pFlash
 COMMON         0x0000000020000160       0xbc myCode/UMain.o
                0x0000000020000160                mSoftVer
                0x000000002000016c                eepData
                0x000000002000021c                . = ALIGN (0x4)
                0x000000002000021c                _ebss = .
                0x000000002000021c                __bss_end__ = _ebss

._user_heap_stack
                0x000000002000021c      0x304 load address 0x0000000008003198
                0x0000000020000220                . = ALIGN (0x8)
 *fill*         0x000000002000021c        0x4 
                [!provide]                        PROVIDE (end = .)
                0x0000000020000220                PROVIDE (_end = .)
                0x0000000020000420                . = (. + _Min_Heap_Size)
 *fill*         0x0000000020000220      0x200 
                0x0000000020000520                . = (. + _Min_Stack_Size)
 *fill*         0x0000000020000420      0x100 
                0x0000000020000520                . = ALIGN (0x8)

/DISCARD/
 libc.a(*)
 libm.a(*)
 libgcc.a(*)

.ARM.attributes
                0x0000000000000000       0x28
 *(.ARM.attributes)
 .ARM.attributes
                0x0000000000000000       0x1e c:/st/stm32cubeide_1.3.0/stm32cubeide/plugins/com.st.stm32cube.ide.mcu.externaltools.gnu-tools-for-stm32.7-2018-q2-update.win32_1.4.0.202007081208/tools/bin/../lib/gcc/arm-none-eabi/7.3.1/thumb/v6-m/crti.o
 .ARM.attributes
                0x000000000000001e       0x2c c:/st/stm32cubeide_1.3.0/stm32cubeide/plugins/com.st.stm32cube.ide.mcu.externaltools.gnu-tools-for-stm32.7-2018-q2-update.win32_1.4.0.202007081208/tools/bin/../lib/gcc/arm-none-eabi/7.3.1/thumb/v6-m/crtbegin.o
 .ARM.attributes
                0x000000000000004a       0x32 Core/Src/main.o
 .ARM.attributes
                0x000000000000007c       0x32 Core/Src/stm32l0xx_hal_msp.o
 .ARM.attributes
                0x00000000000000ae       0x32 Core/Src/stm32l0xx_it.o
 .ARM.attributes
                0x00000000000000e0       0x32 Core/Src/system_stm32l0xx.o
 .ARM.attributes
                0x0000000000000112       0x22 Core/Startup/startup_stm32l011f4px.o
 .ARM.attributes
                0x0000000000000134       0x32 Drivers/STM32L0xx_HAL_Driver/Src/stm32l0xx_hal.o
 .ARM.attributes
                0x0000000000000166       0x32 Drivers/STM32L0xx_HAL_Driver/Src/stm32l0xx_hal_cortex.o
 .ARM.attributes
                0x0000000000000198       0x32 Drivers/STM32L0xx_HAL_Driver/Src/stm32l0xx_hal_dma.o
 .ARM.attributes
                0x00000000000001ca       0x32 Drivers/STM32L0xx_HAL_Driver/Src/stm32l0xx_hal_flash.o
 .ARM.attributes
                0x00000000000001fc       0x32 Drivers/STM32L0xx_HAL_Driver/Src/stm32l0xx_hal_flash_ex.o
 .ARM.attributes
                0x000000000000022e       0x32 Drivers/STM32L0xx_HAL_Driver/Src/stm32l0xx_hal_gpio.o
 .ARM.attributes
                0x0000000000000260       0x32 Drivers/STM32L0xx_HAL_Driver/Src/stm32l0xx_hal_rcc.o
 .ARM.attributes
                0x0000000000000292       0x32 Drivers/STM32L0xx_HAL_Driver/Src/stm32l0xx_hal_rcc_ex.o
 .ARM.attributes
                0x00000000000002c4       0x32 Drivers/STM32L0xx_HAL_Driver/Src/stm32l0xx_hal_tim.o
 .ARM.attributes
                0x00000000000002f6       0x32 Drivers/STM32L0xx_HAL_Driver/Src/stm32l0xx_hal_tim_ex.o
 .ARM.attributes
                0x0000000000000328       0x32 Drivers/STM32L0xx_HAL_Driver/Src/stm32l0xx_hal_uart.o
 .ARM.attributes
                0x000000000000035a       0x32 Drivers/STM32L0xx_HAL_Driver/Src/stm32l0xx_hal_uart_ex.o
 .ARM.attributes
                0x000000000000038c       0x32 KeyLogDef/KeyLogDef.o
 .ARM.attributes
                0x00000000000003be       0x32 myCode/CrcFunc.o
 .ARM.attributes
                0x00000000000003f0       0x32 myCode/UMain.o
 .ARM.attributes
                0x0000000000000422       0x2c c:/st/stm32cubeide_1.3.0/stm32cubeide/plugins/com.st.stm32cube.ide.mcu.externaltools.gnu-tools-for-stm32.7-2018-q2-update.win32_1.4.0.202007081208/tools/bin/../lib/gcc/arm-none-eabi/7.3.1/../../../../arm-none-eabi/lib/thumb/v6-m\libc_nano.a(lib_a-init.o)
 .ARM.attributes
                0x000000000000044e       0x2c c:/st/stm32cubeide_1.3.0/stm32cubeide/plugins/com.st.stm32cube.ide.mcu.externaltools.gnu-tools-for-stm32.7-2018-q2-update.win32_1.4.0.202007081208/tools/bin/../lib/gcc/arm-none-eabi/7.3.1/../../../../arm-none-eabi/lib/thumb/v6-m\libc_nano.a(lib_a-memcpy-stub.o)
 .ARM.attributes
                0x000000000000047a       0x2c c:/st/stm32cubeide_1.3.0/stm32cubeide/plugins/com.st.stm32cube.ide.mcu.externaltools.gnu-tools-for-stm32.7-2018-q2-update.win32_1.4.0.202007081208/tools/bin/../lib/gcc/arm-none-eabi/7.3.1/../../../../arm-none-eabi/lib/thumb/v6-m\libc_nano.a(lib_a-memset.o)
 .ARM.attributes
                0x00000000000004a6       0x1e c:/st/stm32cubeide_1.3.0/stm32cubeide/plugins/com.st.stm32cube.ide.mcu.externaltools.gnu-tools-for-stm32.7-2018-q2-update.win32_1.4.0.202007081208/tools/bin/../lib/gcc/arm-none-eabi/7.3.1/thumb/v6-m\libgcc.a(_udivsi3.o)
 .ARM.attributes
                0x00000000000004c4       0x1e c:/st/stm32cubeide_1.3.0/stm32cubeide/plugins/com.st.stm32cube.ide.mcu.externaltools.gnu-tools-for-stm32.7-2018-q2-update.win32_1.4.0.202007081208/tools/bin/../lib/gcc/arm-none-eabi/7.3.1/thumb/v6-m\libgcc.a(_dvmd_tls.o)
 .ARM.attributes
                0x00000000000004e2       0x1e c:/st/stm32cubeide_1.3.0/stm32cubeide/plugins/com.st.stm32cube.ide.mcu.externaltools.gnu-tools-for-stm32.7-2018-q2-update.win32_1.4.0.202007081208/tools/bin/../lib/gcc/arm-none-eabi/7.3.1/thumb/v6-m\libgcc.a(_aeabi_uldivmod.o)
 .ARM.attributes
                0x0000000000000500       0x2c c:/st/stm32cubeide_1.3.0/stm32cubeide/plugins/com.st.stm32cube.ide.mcu.externaltools.gnu-tools-for-stm32.7-2018-q2-update.win32_1.4.0.202007081208/tools/bin/../lib/gcc/arm-none-eabi/7.3.1/thumb/v6-m\libgcc.a(_udivmoddi4.o)
 .ARM.attributes
                0x000000000000052c       0x1e c:/st/stm32cubeide_1.3.0/stm32cubeide/plugins/com.st.stm32cube.ide.mcu.externaltools.gnu-tools-for-stm32.7-2018-q2-update.win32_1.4.0.202007081208/tools/bin/../lib/gcc/arm-none-eabi/7.3.1/thumb/v6-m\libgcc.a(_clzdi2.o)
 .ARM.attributes
                0x000000000000054a       0x1e c:/st/stm32cubeide_1.3.0/stm32cubeide/plugins/com.st.stm32cube.ide.mcu.externaltools.gnu-tools-for-stm32.7-2018-q2-update.win32_1.4.0.202007081208/tools/bin/../lib/gcc/arm-none-eabi/7.3.1/thumb/v6-m\libgcc.a(_clzsi2.o)
 .ARM.attributes
                0x0000000000000568       0x1e c:/st/stm32cubeide_1.3.0/stm32cubeide/plugins/com.st.stm32cube.ide.mcu.externaltools.gnu-tools-for-stm32.7-2018-q2-update.win32_1.4.0.202007081208/tools/bin/../lib/gcc/arm-none-eabi/7.3.1/thumb/v6-m/crtn.o
OUTPUT(LOCK_KEY.elf elf32-littlearm)

.debug_info     0x0000000000000000    0x1048a
 .debug_info    0x0000000000000000     0x1141 Core/Src/main.o
 .debug_info    0x0000000000001141      0xd87 Core/Src/stm32l0xx_hal_msp.o
 .debug_info    0x0000000000001ec8      0x99c Core/Src/stm32l0xx_it.o
 .debug_info    0x0000000000002864      0x3de Core/Src/system_stm32l0xx.o
 .debug_info    0x0000000000002c42       0x22 Core/Startup/startup_stm32l011f4px.o
 .debug_info    0x0000000000002c64      0x8bf Drivers/STM32L0xx_HAL_Driver/Src/stm32l0xx_hal.o
 .debug_info    0x0000000000003523      0x7fc Drivers/STM32L0xx_HAL_Driver/Src/stm32l0xx_hal_cortex.o
 .debug_info    0x0000000000003d1f      0x897 Drivers/STM32L0xx_HAL_Driver/Src/stm32l0xx_hal_dma.o
 .debug_info    0x00000000000045b6      0x6e0 Drivers/STM32L0xx_HAL_Driver/Src/stm32l0xx_hal_flash.o
 .debug_info    0x0000000000004c96      0xd42 Drivers/STM32L0xx_HAL_Driver/Src/stm32l0xx_hal_flash_ex.o
 .debug_info    0x00000000000059d8      0x726 Drivers/STM32L0xx_HAL_Driver/Src/stm32l0xx_hal_gpio.o
 .debug_info    0x00000000000060fe      0xb20 Drivers/STM32L0xx_HAL_Driver/Src/stm32l0xx_hal_rcc.o
 .debug_info    0x0000000000006c1e      0x5b7 Drivers/STM32L0xx_HAL_Driver/Src/stm32l0xx_hal_rcc_ex.o
 .debug_info    0x00000000000071d5     0x346f Drivers/STM32L0xx_HAL_Driver/Src/stm32l0xx_hal_tim.o
 .debug_info    0x000000000000a644      0x6d6 Drivers/STM32L0xx_HAL_Driver/Src/stm32l0xx_hal_tim_ex.o
 .debug_info    0x000000000000ad1a     0x1b6d Drivers/STM32L0xx_HAL_Driver/Src/stm32l0xx_hal_uart.o
 .debug_info    0x000000000000c887      0x9d6 Drivers/STM32L0xx_HAL_Driver/Src/stm32l0xx_hal_uart_ex.o
 .debug_info    0x000000000000d25d      0xb48 KeyLogDef/KeyLogDef.o
 .debug_info    0x000000000000dda5      0x200 myCode/CrcFunc.o
 .debug_info    0x000000000000dfa5     0x24e5 myCode/UMain.o

.debug_abbrev   0x0000000000000000     0x299a
 .debug_abbrev  0x0000000000000000      0x263 Core/Src/main.o
 .debug_abbrev  0x0000000000000263      0x1e5 Core/Src/stm32l0xx_hal_msp.o
 .debug_abbrev  0x0000000000000448      0x176 Core/Src/stm32l0xx_it.o
 .debug_abbrev  0x00000000000005be      0x12b Core/Src/system_stm32l0xx.o
 .debug_abbrev  0x00000000000006e9       0x12 Core/Startup/startup_stm32l011f4px.o
 .debug_abbrev  0x00000000000006fb      0x252 Drivers/STM32L0xx_HAL_Driver/Src/stm32l0xx_hal.o
 .debug_abbrev  0x000000000000094d      0x227 Drivers/STM32L0xx_HAL_Driver/Src/stm32l0xx_hal_cortex.o
 .debug_abbrev  0x0000000000000b74      0x1ff Drivers/STM32L0xx_HAL_Driver/Src/stm32l0xx_hal_dma.o
 .debug_abbrev  0x0000000000000d73      0x2b3 Drivers/STM32L0xx_HAL_Driver/Src/stm32l0xx_hal_flash.o
 .debug_abbrev  0x0000000000001026      0x304 Drivers/STM32L0xx_HAL_Driver/Src/stm32l0xx_hal_flash_ex.o
 .debug_abbrev  0x000000000000132a      0x1cf Drivers/STM32L0xx_HAL_Driver/Src/stm32l0xx_hal_gpio.o
 .debug_abbrev  0x00000000000014f9      0x286 Drivers/STM32L0xx_HAL_Driver/Src/stm32l0xx_hal_rcc.o
 .debug_abbrev  0x000000000000177f      0x1e3 Drivers/STM32L0xx_HAL_Driver/Src/stm32l0xx_hal_rcc_ex.o
 .debug_abbrev  0x0000000000001962      0x28a Drivers/STM32L0xx_HAL_Driver/Src/stm32l0xx_hal_tim.o
 .debug_abbrev  0x0000000000001bec      0x19c Drivers/STM32L0xx_HAL_Driver/Src/stm32l0xx_hal_tim_ex.o
 .debug_abbrev  0x0000000000001d88      0x29d Drivers/STM32L0xx_HAL_Driver/Src/stm32l0xx_hal_uart.o
 .debug_abbrev  0x0000000000002025      0x246 Drivers/STM32L0xx_HAL_Driver/Src/stm32l0xx_hal_uart_ex.o
 .debug_abbrev  0x000000000000226b      0x240 KeyLogDef/KeyLogDef.o
 .debug_abbrev  0x00000000000024ab       0xf9 myCode/CrcFunc.o
 .debug_abbrev  0x00000000000025a4      0x3f6 myCode/UMain.o

.debug_aranges  0x0000000000000000      0xc30
 .debug_aranges
                0x0000000000000000       0x30 Core/Src/main.o
 .debug_aranges
                0x0000000000000030       0x40 Core/Src/stm32l0xx_hal_msp.o
 .debug_aranges
                0x0000000000000070       0x50 Core/Src/stm32l0xx_it.o
 .debug_aranges
                0x00000000000000c0       0x28 Core/Src/system_stm32l0xx.o
 .debug_aranges
                0x00000000000000e8       0x28 Core/Startup/startup_stm32l011f4px.o
 .debug_aranges
                0x0000000000000110      0x110 Drivers/STM32L0xx_HAL_Driver/Src/stm32l0xx_hal.o
 .debug_aranges
                0x0000000000000220       0x78 Drivers/STM32L0xx_HAL_Driver/Src/stm32l0xx_hal_cortex.o
 .debug_aranges
                0x0000000000000298       0x78 Drivers/STM32L0xx_HAL_Driver/Src/stm32l0xx_hal_dma.o
 .debug_aranges
                0x0000000000000310       0x80 Drivers/STM32L0xx_HAL_Driver/Src/stm32l0xx_hal_flash.o
 .debug_aranges
                0x0000000000000390       0x98 Drivers/STM32L0xx_HAL_Driver/Src/stm32l0xx_hal_flash_ex.o
 .debug_aranges
                0x0000000000000428       0x58 Drivers/STM32L0xx_HAL_Driver/Src/stm32l0xx_hal_gpio.o
 .debug_aranges
                0x0000000000000480       0x68 Drivers/STM32L0xx_HAL_Driver/Src/stm32l0xx_hal_rcc.o
 .debug_aranges
                0x00000000000004e8       0x58 Drivers/STM32L0xx_HAL_Driver/Src/stm32l0xx_hal_rcc_ex.o
 .debug_aranges
                0x0000000000000540      0x360 Drivers/STM32L0xx_HAL_Driver/Src/stm32l0xx_hal_tim.o
 .debug_aranges
                0x00000000000008a0       0x28 Drivers/STM32L0xx_HAL_Driver/Src/stm32l0xx_hal_tim_ex.o
 .debug_aranges
                0x00000000000008c8      0x1e8 Drivers/STM32L0xx_HAL_Driver/Src/stm32l0xx_hal_uart.o
 .debug_aranges
                0x0000000000000ab0       0x58 Drivers/STM32L0xx_HAL_Driver/Src/stm32l0xx_hal_uart_ex.o
 .debug_aranges
                0x0000000000000b08       0x30 KeyLogDef/KeyLogDef.o
 .debug_aranges
                0x0000000000000b38       0x38 myCode/CrcFunc.o
 .debug_aranges
                0x0000000000000b70       0xc0 myCode/UMain.o

.debug_ranges   0x0000000000000000      0xc48
 .debug_ranges  0x0000000000000000       0x20 Core/Src/main.o
 .debug_ranges  0x0000000000000020       0x30 Core/Src/stm32l0xx_hal_msp.o
 .debug_ranges  0x0000000000000050       0x40 Core/Src/stm32l0xx_it.o
 .debug_ranges  0x0000000000000090       0x18 Core/Src/system_stm32l0xx.o
 .debug_ranges  0x00000000000000a8       0x20 Core/Startup/startup_stm32l011f4px.o
 .debug_ranges  0x00000000000000c8      0x100 Drivers/STM32L0xx_HAL_Driver/Src/stm32l0xx_hal.o
 .debug_ranges  0x00000000000001c8       0x98 Drivers/STM32L0xx_HAL_Driver/Src/stm32l0xx_hal_cortex.o
 .debug_ranges  0x0000000000000260       0x98 Drivers/STM32L0xx_HAL_Driver/Src/stm32l0xx_hal_dma.o
 .debug_ranges  0x00000000000002f8       0x70 Drivers/STM32L0xx_HAL_Driver/Src/stm32l0xx_hal_flash.o
 .debug_ranges  0x0000000000000368       0xe8 Drivers/STM32L0xx_HAL_Driver/Src/stm32l0xx_hal_flash_ex.o
 .debug_ranges  0x0000000000000450       0x48 Drivers/STM32L0xx_HAL_Driver/Src/stm32l0xx_hal_gpio.o
 .debug_ranges  0x0000000000000498       0x88 Drivers/STM32L0xx_HAL_Driver/Src/stm32l0xx_hal_rcc.o
 .debug_ranges  0x0000000000000520       0x60 Drivers/STM32L0xx_HAL_Driver/Src/stm32l0xx_hal_rcc_ex.o
 .debug_ranges  0x0000000000000580      0x350 Drivers/STM32L0xx_HAL_Driver/Src/stm32l0xx_hal_tim.o
 .debug_ranges  0x00000000000008d0       0x18 Drivers/STM32L0xx_HAL_Driver/Src/stm32l0xx_hal_tim_ex.o
 .debug_ranges  0x00000000000008e8      0x1d8 Drivers/STM32L0xx_HAL_Driver/Src/stm32l0xx_hal_uart.o
 .debug_ranges  0x0000000000000ac0       0x48 Drivers/STM32L0xx_HAL_Driver/Src/stm32l0xx_hal_uart_ex.o
 .debug_ranges  0x0000000000000b08       0x20 KeyLogDef/KeyLogDef.o
 .debug_ranges  0x0000000000000b28       0x40 myCode/CrcFunc.o
 .debug_ranges  0x0000000000000b68       0xe0 myCode/UMain.o

.debug_macro    0x0000000000000000    0x111d4
 .debug_macro   0x0000000000000000      0x1d1 Core/Src/main.o
 .debug_macro   0x00000000000001d1      0xa48 Core/Src/main.o
 .debug_macro   0x0000000000000c19      0x11f Core/Src/main.o
 .debug_macro   0x0000000000000d38       0x2e Core/Src/main.o
 .debug_macro   0x0000000000000d66       0x28 Core/Src/main.o
 .debug_macro   0x0000000000000d8e       0x22 Core/Src/main.o
 .debug_macro   0x0000000000000db0       0x8e Core/Src/main.o
 .debug_macro   0x0000000000000e3e       0x51 Core/Src/main.o
 .debug_macro   0x0000000000000e8f       0xef Core/Src/main.o
 .debug_macro   0x0000000000000f7e       0x6a Core/Src/main.o
 .debug_macro   0x0000000000000fe8      0x1df Core/Src/main.o
 .debug_macro   0x00000000000011c7       0x34 Core/Src/main.o
 .debug_macro   0x00000000000011fb       0x26 Core/Src/main.o
 .debug_macro   0x0000000000001221      0x329 Core/Src/main.o
 .debug_macro   0x000000000000154a     0x7ba3 Core/Src/main.o
 .debug_macro   0x00000000000090ed       0x3c Core/Src/main.o
 .debug_macro   0x0000000000009129     0x352c Core/Src/main.o
 .debug_macro   0x000000000000c655      0x174 Core/Src/main.o
 .debug_macro   0x000000000000c7c9       0x5b Core/Src/main.o
 .debug_macro   0x000000000000c824      0x899 Core/Src/main.o
 .debug_macro   0x000000000000d0bd      0x42e Core/Src/main.o
 .debug_macro   0x000000000000d4eb      0x13f Core/Src/main.o
 .debug_macro   0x000000000000d62a       0xf1 Core/Src/main.o
 .debug_macro   0x000000000000d71b      0x28e Core/Src/main.o
 .debug_macro   0x000000000000d9a9       0x28 Core/Src/main.o
 .debug_macro   0x000000000000d9d1      0x129 Core/Src/main.o
 .debug_macro   0x000000000000dafa      0x244 Core/Src/main.o
 .debug_macro   0x000000000000dd3e      0x22c Core/Src/main.o
 .debug_macro   0x000000000000df6a       0x5b Core/Src/main.o
 .debug_macro   0x000000000000dfc5       0xa5 Core/Src/main.o
 .debug_macro   0x000000000000e06a      0x187 Core/Src/main.o
 .debug_macro   0x000000000000e1f1       0x16 Core/Src/main.o
 .debug_macro   0x000000000000e207      0x734 Core/Src/main.o
 .debug_macro   0x000000000000e93b       0x9c Core/Src/main.o
 .debug_macro   0x000000000000e9d7      0x57b Core/Src/main.o
 .debug_macro   0x000000000000ef52       0x44 Core/Src/main.o
 .debug_macro   0x000000000000ef96      0x11c Core/Src/main.o
 .debug_macro   0x000000000000f0b2       0x28 Core/Src/main.o
 .debug_macro   0x000000000000f0da      0x1c7 Core/Src/stm32l0xx_hal_msp.o
 .debug_macro   0x000000000000f2a1      0x1d1 Core/Src/stm32l0xx_it.o
 .debug_macro   0x000000000000f472      0x1be Core/Src/system_stm32l0xx.o
 .debug_macro   0x000000000000f630      0x1dc Drivers/STM32L0xx_HAL_Driver/Src/stm32l0xx_hal.o
 .debug_macro   0x000000000000f80c      0x1b8 Drivers/STM32L0xx_HAL_Driver/Src/stm32l0xx_hal_cortex.o
 .debug_macro   0x000000000000f9c4      0x1b8 Drivers/STM32L0xx_HAL_Driver/Src/stm32l0xx_hal_dma.o
 .debug_macro   0x000000000000fb7c      0x1b9 Drivers/STM32L0xx_HAL_Driver/Src/stm32l0xx_hal_flash.o
 .debug_macro   0x000000000000fd35      0x1b8 Drivers/STM32L0xx_HAL_Driver/Src/stm32l0xx_hal_flash_ex.o
 .debug_macro   0x000000000000feed      0x1f0 Drivers/STM32L0xx_HAL_Driver/Src/stm32l0xx_hal_gpio.o
 .debug_macro   0x00000000000100dd      0x1dc Drivers/STM32L0xx_HAL_Driver/Src/stm32l0xx_hal_rcc.o
 .debug_macro   0x00000000000102b9      0x1b8 Drivers/STM32L0xx_HAL_Driver/Src/stm32l0xx_hal_rcc_ex.o
 .debug_macro   0x0000000000010471      0x1b9 Drivers/STM32L0xx_HAL_Driver/Src/stm32l0xx_hal_tim.o
 .debug_macro   0x000000000001062a      0x1b8 Drivers/STM32L0xx_HAL_Driver/Src/stm32l0xx_hal_tim_ex.o
 .debug_macro   0x00000000000107e2      0x1e3 Drivers/STM32L0xx_HAL_Driver/Src/stm32l0xx_hal_uart.o
 .debug_macro   0x00000000000109c5      0x1b8 Drivers/STM32L0xx_HAL_Driver/Src/stm32l0xx_hal_uart_ex.o
 .debug_macro   0x0000000000010b7d      0x138 KeyLogDef/KeyLogDef.o
 .debug_macro   0x0000000000010cb5       0x46 KeyLogDef/KeyLogDef.o
 .debug_macro   0x0000000000010cfb       0x76 KeyLogDef/KeyLogDef.o
 .debug_macro   0x0000000000010d71       0x10 KeyLogDef/KeyLogDef.o
 .debug_macro   0x0000000000010d81       0x20 KeyLogDef/KeyLogDef.o
 .debug_macro   0x0000000000010da1       0x6d myCode/CrcFunc.o
 .debug_macro   0x0000000000010e0e      0x2bb myCode/UMain.o
 .debug_macro   0x00000000000110c9       0x3a myCode/UMain.o
 .debug_macro   0x0000000000011103       0x55 myCode/UMain.o
 .debug_macro   0x0000000000011158       0x7c myCode/UMain.o

.debug_line     0x0000000000000000     0xb06e
 .debug_line    0x0000000000000000      0x74b Core/Src/main.o
 .debug_line    0x000000000000074b      0x74d Core/Src/stm32l0xx_hal_msp.o
 .debug_line    0x0000000000000e98      0x73f Core/Src/stm32l0xx_it.o
 .debug_line    0x00000000000015d7      0x6f9 Core/Src/system_stm32l0xx.o
 .debug_line    0x0000000000001cd0       0x9e Core/Startup/startup_stm32l011f4px.o
 .debug_line    0x0000000000001d6e      0x915 Drivers/STM32L0xx_HAL_Driver/Src/stm32l0xx_hal.o
 .debug_line    0x0000000000002683      0x828 Drivers/STM32L0xx_HAL_Driver/Src/stm32l0xx_hal_cortex.o
 .debug_line    0x0000000000002eab      0x92d Drivers/STM32L0xx_HAL_Driver/Src/stm32l0xx_hal_dma.o
 .debug_line    0x00000000000037d8      0x8e7 Drivers/STM32L0xx_HAL_Driver/Src/stm32l0xx_hal_flash.o
 .debug_line    0x00000000000040bf      0x99e Drivers/STM32L0xx_HAL_Driver/Src/stm32l0xx_hal_flash_ex.o
 .debug_line    0x0000000000004a5d      0x80f Drivers/STM32L0xx_HAL_Driver/Src/stm32l0xx_hal_gpio.o
 .debug_line    0x000000000000526c      0x9a1 Drivers/STM32L0xx_HAL_Driver/Src/stm32l0xx_hal_rcc.o
 .debug_line    0x0000000000005c0d      0x86b Drivers/STM32L0xx_HAL_Driver/Src/stm32l0xx_hal_rcc_ex.o
 .debug_line    0x0000000000006478     0x1696 Drivers/STM32L0xx_HAL_Driver/Src/stm32l0xx_hal_tim.o
 .debug_line    0x0000000000007b0e      0x748 Drivers/STM32L0xx_HAL_Driver/Src/stm32l0xx_hal_tim_ex.o
 .debug_line    0x0000000000008256     0x1208 Drivers/STM32L0xx_HAL_Driver/Src/stm32l0xx_hal_uart.o
 .debug_line    0x000000000000945e      0x811 Drivers/STM32L0xx_HAL_Driver/Src/stm32l0xx_hal_uart_ex.o
 .debug_line    0x0000000000009c6f      0x561 KeyLogDef/KeyLogDef.o
 .debug_line    0x000000000000a1d0      0x3db myCode/CrcFunc.o
 .debug_line    0x000000000000a5ab      0xac3 myCode/UMain.o

.debug_str      0x0000000000000000    0x69a2b
 .debug_str     0x0000000000000000    0x6386a Core/Src/main.o
                                      0x63c09 (size before relaxing)
 .debug_str     0x000000000006386a      0x1d5 Core/Src/stm32l0xx_hal_msp.o
                                      0x63a0f (size before relaxing)
 .debug_str     0x0000000000063a3f       0xcb Core/Src/stm32l0xx_it.o
                                      0x637ab (size before relaxing)
 .debug_str     0x0000000000063b0a       0xa6 Core/Src/system_stm32l0xx.o
                                      0x631db (size before relaxing)
 .debug_str     0x0000000000063bb0       0x36 Core/Startup/startup_stm32l011f4px.o
                                         0x55 (size before relaxing)
 .debug_str     0x0000000000063be6      0x423 Drivers/STM32L0xx_HAL_Driver/Src/stm32l0xx_hal.o
                                      0x637e4 (size before relaxing)
 .debug_str     0x0000000000064009      0x18b Drivers/STM32L0xx_HAL_Driver/Src/stm32l0xx_hal_cortex.o
                                      0x634ba (size before relaxing)
 .debug_str     0x0000000000064194      0x267 Drivers/STM32L0xx_HAL_Driver/Src/stm32l0xx_hal_dma.o
                                      0x63554 (size before relaxing)
 .debug_str     0x00000000000643fb      0x254 Drivers/STM32L0xx_HAL_Driver/Src/stm32l0xx_hal_flash.o
                                      0x633da (size before relaxing)
 .debug_str     0x000000000006464f      0x3a6 Drivers/STM32L0xx_HAL_Driver/Src/stm32l0xx_hal_flash_ex.o
                                      0x636b8 (size before relaxing)
 .debug_str     0x00000000000649f5      0x212 Drivers/STM32L0xx_HAL_Driver/Src/stm32l0xx_hal_gpio.o
                                      0x6348b (size before relaxing)
 .debug_str     0x0000000000064c07      0x22a Drivers/STM32L0xx_HAL_Driver/Src/stm32l0xx_hal_rcc.o
                                      0x6360e (size before relaxing)
 .debug_str     0x0000000000064e31      0x120 Drivers/STM32L0xx_HAL_Driver/Src/stm32l0xx_hal_rcc_ex.o
                                      0x633d2 (size before relaxing)
 .debug_str     0x0000000000064f51      0xc9b Drivers/STM32L0xx_HAL_Driver/Src/stm32l0xx_hal_tim.o
                                      0x64300 (size before relaxing)
 .debug_str     0x0000000000065bec       0x57 Drivers/STM32L0xx_HAL_Driver/Src/stm32l0xx_hal_tim_ex.o
                                      0x63569 (size before relaxing)
 .debug_str     0x0000000000065c43      0x7c0 Drivers/STM32L0xx_HAL_Driver/Src/stm32l0xx_hal_uart.o
                                      0x63e49 (size before relaxing)
 .debug_str     0x0000000000066403      0x185 Drivers/STM32L0xx_HAL_Driver/Src/stm32l0xx_hal_uart_ex.o
                                      0x636e8 (size before relaxing)
 .debug_str     0x0000000000066588     0x3187 KeyLogDef/KeyLogDef.o
                                       0x706c (size before relaxing)
 .debug_str     0x000000000006970f       0x4b myCode/CrcFunc.o
                                       0x3b91 (size before relaxing)
 .debug_str     0x000000000006975a      0x2d1 myCode/UMain.o
                                      0x66df4 (size before relaxing)

.comment        0x0000000000000000       0x7b
 .comment       0x0000000000000000       0x7b Core/Src/main.o
                                         0x7c (size before relaxing)
 .comment       0x000000000000007b       0x7c Core/Src/stm32l0xx_hal_msp.o
 .comment       0x000000000000007b       0x7c Core/Src/stm32l0xx_it.o
 .comment       0x000000000000007b       0x7c Core/Src/system_stm32l0xx.o
 .comment       0x000000000000007b       0x7c Drivers/STM32L0xx_HAL_Driver/Src/stm32l0xx_hal.o
 .comment       0x000000000000007b       0x7c Drivers/STM32L0xx_HAL_Driver/Src/stm32l0xx_hal_cortex.o
 .comment       0x000000000000007b       0x7c Drivers/STM32L0xx_HAL_Driver/Src/stm32l0xx_hal_dma.o
 .comment       0x000000000000007b       0x7c Drivers/STM32L0xx_HAL_Driver/Src/stm32l0xx_hal_flash.o
 .comment       0x000000000000007b       0x7c Drivers/STM32L0xx_HAL_Driver/Src/stm32l0xx_hal_flash_ex.o
 .comment       0x000000000000007b       0x7c Drivers/STM32L0xx_HAL_Driver/Src/stm32l0xx_hal_gpio.o
 .comment       0x000000000000007b       0x7c Drivers/STM32L0xx_HAL_Driver/Src/stm32l0xx_hal_rcc.o
 .comment       0x000000000000007b       0x7c Drivers/STM32L0xx_HAL_Driver/Src/stm32l0xx_hal_rcc_ex.o
 .comment       0x000000000000007b       0x7c Drivers/STM32L0xx_HAL_Driver/Src/stm32l0xx_hal_tim.o
 .comment       0x000000000000007b       0x7c Drivers/STM32L0xx_HAL_Driver/Src/stm32l0xx_hal_tim_ex.o
 .comment       0x000000000000007b       0x7c Drivers/STM32L0xx_HAL_Driver/Src/stm32l0xx_hal_uart.o
 .comment       0x000000000000007b       0x7c Drivers/STM32L0xx_HAL_Driver/Src/stm32l0xx_hal_uart_ex.o
 .comment       0x000000000000007b       0x7c KeyLogDef/KeyLogDef.o
 .comment       0x000000000000007b       0x7c myCode/CrcFunc.o
 .comment       0x000000000000007b       0x7c myCode/UMain.o

.debug_frame    0x0000000000000000     0x1ea4
 .debug_frame   0x0000000000000000       0x5c Core/Src/main.o
 .debug_frame   0x000000000000005c       0x88 Core/Src/stm32l0xx_hal_msp.o
 .debug_frame   0x00000000000000e4       0x98 Core/Src/stm32l0xx_it.o
 .debug_frame   0x000000000000017c       0x38 Core/Src/system_stm32l0xx.o
 .debug_frame   0x00000000000001b4      0x22c Drivers/STM32L0xx_HAL_Driver/Src/stm32l0xx_hal.o
 .debug_frame   0x00000000000003e0       0xe4 Drivers/STM32L0xx_HAL_Driver/Src/stm32l0xx_hal_cortex.o
 .debug_frame   0x00000000000004c4      0x144 Drivers/STM32L0xx_HAL_Driver/Src/stm32l0xx_hal_dma.o
 .debug_frame   0x0000000000000608      0x118 Drivers/STM32L0xx_HAL_Driver/Src/stm32l0xx_hal_flash.o
 .debug_frame   0x0000000000000720      0x17c Drivers/STM32L0xx_HAL_Driver/Src/stm32l0xx_hal_flash_ex.o
 .debug_frame   0x000000000000089c       0xd4 Drivers/STM32L0xx_HAL_Driver/Src/stm32l0xx_hal_gpio.o
 .debug_frame   0x0000000000000970      0x118 Drivers/STM32L0xx_HAL_Driver/Src/stm32l0xx_hal_rcc.o
 .debug_frame   0x0000000000000a88       0xb8 Drivers/STM32L0xx_HAL_Driver/Src/stm32l0xx_hal_rcc_ex.o
 .debug_frame   0x0000000000000b40      0x94c Drivers/STM32L0xx_HAL_Driver/Src/stm32l0xx_hal_tim.o
 .debug_frame   0x000000000000148c       0x44 Drivers/STM32L0xx_HAL_Driver/Src/stm32l0xx_hal_tim_ex.o
 .debug_frame   0x00000000000014d0      0x544 Drivers/STM32L0xx_HAL_Driver/Src/stm32l0xx_hal_uart.o
 .debug_frame   0x0000000000001a14       0xd8 Drivers/STM32L0xx_HAL_Driver/Src/stm32l0xx_hal_uart_ex.o
 .debug_frame   0x0000000000001aec       0x64 KeyLogDef/KeyLogDef.o
 .debug_frame   0x0000000000001b50       0x78 myCode/CrcFunc.o
 .debug_frame   0x0000000000001bc8      0x20c myCode/UMain.o
 .debug_frame   0x0000000000001dd4       0x2c c:/st/stm32cubeide_1.3.0/stm32cubeide/plugins/com.st.stm32cube.ide.mcu.externaltools.gnu-tools-for-stm32.7-2018-q2-update.win32_1.4.0.202007081208/tools/bin/../lib/gcc/arm-none-eabi/7.3.1/../../../../arm-none-eabi/lib/thumb/v6-m\libc_nano.a(lib_a-init.o)
 .debug_frame   0x0000000000001e00       0x28 c:/st/stm32cubeide_1.3.0/stm32cubeide/plugins/com.st.stm32cube.ide.mcu.externaltools.gnu-tools-for-stm32.7-2018-q2-update.win32_1.4.0.202007081208/tools/bin/../lib/gcc/arm-none-eabi/7.3.1/../../../../arm-none-eabi/lib/thumb/v6-m\libc_nano.a(lib_a-memcpy-stub.o)
 .debug_frame   0x0000000000001e28       0x20 c:/st/stm32cubeide_1.3.0/stm32cubeide/plugins/com.st.stm32cube.ide.mcu.externaltools.gnu-tools-for-stm32.7-2018-q2-update.win32_1.4.0.202007081208/tools/bin/../lib/gcc/arm-none-eabi/7.3.1/../../../../arm-none-eabi/lib/thumb/v6-m\libc_nano.a(lib_a-memset.o)
 .debug_frame   0x0000000000001e48       0x20 c:/st/stm32cubeide_1.3.0/stm32cubeide/plugins/com.st.stm32cube.ide.mcu.externaltools.gnu-tools-for-stm32.7-2018-q2-update.win32_1.4.0.202007081208/tools/bin/../lib/gcc/arm-none-eabi/7.3.1/thumb/v6-m\libgcc.a(_udivsi3.o)
 .debug_frame   0x0000000000001e68       0x3c c:/st/stm32cubeide_1.3.0/stm32cubeide/plugins/com.st.stm32cube.ide.mcu.externaltools.gnu-tools-for-stm32.7-2018-q2-update.win32_1.4.0.202007081208/tools/bin/../lib/gcc/arm-none-eabi/7.3.1/thumb/v6-m\libgcc.a(_udivmoddi4.o)

.debug_loc      0x0000000000000000     0x97f4
 .debug_loc     0x0000000000000000       0xf3 Core/Src/stm32l0xx_hal_msp.o
 .debug_loc     0x00000000000000f3      0x1c6 Core/Src/system_stm32l0xx.o
 .debug_loc     0x00000000000002b9      0x16e Drivers/STM32L0xx_HAL_Driver/Src/stm32l0xx_hal.o
 .debug_loc     0x0000000000000427      0x38d Drivers/STM32L0xx_HAL_Driver/Src/stm32l0xx_hal_cortex.o
 .debug_loc     0x00000000000007b4      0x9ba Drivers/STM32L0xx_HAL_Driver/Src/stm32l0xx_hal_dma.o
 .debug_loc     0x000000000000116e      0x224 Drivers/STM32L0xx_HAL_Driver/Src/stm32l0xx_hal_flash.o
 .debug_loc     0x0000000000001392      0xc0f Drivers/STM32L0xx_HAL_Driver/Src/stm32l0xx_hal_flash_ex.o
 .debug_loc     0x0000000000001fa1      0x411 Drivers/STM32L0xx_HAL_Driver/Src/stm32l0xx_hal_gpio.o
 .debug_loc     0x00000000000023b2      0x645 Drivers/STM32L0xx_HAL_Driver/Src/stm32l0xx_hal_rcc.o
 .debug_loc     0x00000000000029f7      0x43f Drivers/STM32L0xx_HAL_Driver/Src/stm32l0xx_hal_rcc_ex.o
 .debug_loc     0x0000000000002e36     0x3fce Drivers/STM32L0xx_HAL_Driver/Src/stm32l0xx_hal_tim.o
 .debug_loc     0x0000000000006e04      0x111 Drivers/STM32L0xx_HAL_Driver/Src/stm32l0xx_hal_tim_ex.o
 .debug_loc     0x0000000000006f15     0x17e4 Drivers/STM32L0xx_HAL_Driver/Src/stm32l0xx_hal_uart.o
 .debug_loc     0x00000000000086f9      0x403 Drivers/STM32L0xx_HAL_Driver/Src/stm32l0xx_hal_uart_ex.o
 .debug_loc     0x0000000000008afc      0x1a0 KeyLogDef/KeyLogDef.o
 .debug_loc     0x0000000000008c9c      0x247 myCode/CrcFunc.o
 .debug_loc     0x0000000000008ee3      0x911 myCode/UMain.o
