ARM Linker, 4.1 [Build 791] [Standard][RL-ARM]

==============================================================================

Section Cross References

    hw_config.o(i.ADC_Configuration) refers to stm32f10x_rcc.o(i.RCC_AHBPeriphClockCmd) for RCC_AHBPeriphClockCmd
    hw_config.o(i.ADC_Configuration) refers to stm32f10x_rcc.o(i.RCC_APB2PeriphClockCmd) for RCC_APB2PeriphClockCmd
    hw_config.o(i.ADC_Configuration) refers to stm32f10x_dma.o(i.DMA_DeInit) for DMA_DeInit
    hw_config.o(i.ADC_Configuration) refers to stm32f10x_dma.o(i.DMA_Init) for DMA_Init
    hw_config.o(i.ADC_Configuration) refers to stm32f10x_dma.o(i.DMA_Cmd) for DMA_Cmd
    hw_config.o(i.ADC_Configuration) refers to stm32f10x_dma.o(i.DMA_ITConfig) for DMA_ITConfig
    hw_config.o(i.ADC_Configuration) refers to stm32f10x_adc.o(i.ADC_Init) for ADC_Init
    hw_config.o(i.ADC_Configuration) refers to stm32f10x_adc.o(i.ADC_RegularChannelConfig) for ADC_RegularChannelConfig
    hw_config.o(i.ADC_Configuration) refers to stm32f10x_adc.o(i.ADC_DMACmd) for ADC_DMACmd
    hw_config.o(i.ADC_Configuration) refers to stm32f10x_adc.o(i.ADC_Cmd) for ADC_Cmd
    hw_config.o(i.ADC_Configuration) refers to stm32f10x_adc.o(i.ADC_ResetCalibration) for ADC_ResetCalibration
    hw_config.o(i.ADC_Configuration) refers to stm32f10x_adc.o(i.ADC_GetResetCalibrationStatus) for ADC_GetResetCalibrationStatus
    hw_config.o(i.ADC_Configuration) refers to stm32f10x_adc.o(i.ADC_StartCalibration) for ADC_StartCalibration
    hw_config.o(i.ADC_Configuration) refers to stm32f10x_adc.o(i.ADC_GetCalibrationStatus) for ADC_GetCalibrationStatus
    hw_config.o(i.ADC_Configuration) refers to hw_config.o(.data) for .data
    hw_config.o(i.EXTI_Configuration) refers to stm32f10x_exti.o(i.EXTI_Init) for EXTI_Init
    hw_config.o(i.EXTI_Configuration) refers to stm32f10x_exti.o(i.EXTI_ClearITPendingBit) for EXTI_ClearITPendingBit
    hw_config.o(i.Enter_LowPowerMode) refers to usb_pwr.o(.data) for bDeviceState
    hw_config.o(i.GPIO_Configuration) refers to stm32f10x_rcc.o(i.RCC_APB2PeriphClockCmd) for RCC_APB2PeriphClockCmd
    hw_config.o(i.GPIO_Configuration) refers to stm32f10x_gpio.o(i.GPIO_Init) for GPIO_Init
    hw_config.o(i.Get_SerialNum) refers to hw_config.o(i.IntToUnicode) for IntToUnicode
    hw_config.o(i.Get_SerialNum) refers to usb_desc.o(.data) for CustomHID_StringSerial
    hw_config.o(i.Leave_LowPowerMode) refers to usb_init.o(.bss) for Device_Info
    hw_config.o(i.Leave_LowPowerMode) refers to usb_pwr.o(.data) for bDeviceState
    hw_config.o(i.Set_System) refers to stm32f10x_rcc.o(i.RCC_ADCCLKConfig) for RCC_ADCCLKConfig
    hw_config.o(i.Set_System) refers to hw_config.o(i.GPIO_Configuration) for GPIO_Configuration
    hw_config.o(i.Set_System) refers to stm32_eval.o(i.STM_EVAL_PBInit) for STM_EVAL_PBInit
    hw_config.o(i.Set_System) refers to hw_config.o(i.EXTI_Configuration) for EXTI_Configuration
    hw_config.o(i.Set_System) refers to stm32_eval.o(i.STM_EVAL_LEDInit) for STM_EVAL_LEDInit
    hw_config.o(i.Set_System) refers to hw_config.o(i.ADC_Configuration) for ADC_Configuration
    hw_config.o(i.Set_USBClock) refers to stm32f10x_rcc.o(i.RCC_OTGFSCLKConfig) for RCC_OTGFSCLKConfig
    hw_config.o(i.Set_USBClock) refers to stm32f10x_rcc.o(i.RCC_AHBPeriphClockCmd) for RCC_AHBPeriphClockCmd
    hw_config.o(i.USB_Cable_Config) refers to otgd_fs_dev.o(i.USB_DevConnect) for USB_DevConnect
    hw_config.o(i.USB_Cable_Config) refers to otgd_fs_dev.o(i.USB_DevDisconnect) for USB_DevDisconnect
    hw_config.o(i.USB_Interrupts_Config) refers to misc.o(i.NVIC_PriorityGroupConfig) for NVIC_PriorityGroupConfig
    hw_config.o(i.USB_Interrupts_Config) refers to misc.o(i.NVIC_Init) for NVIC_Init
    hw_config.o(i.USB_OTG_BSP_uDelay) refers to misc.o(i.SysTick_CLKSourceConfig) for SysTick_CLKSourceConfig
    hw_config.o(i.USB_OTG_BSP_uDelay) refers to stm32f10x_rcc.o(i.RCC_GetClocksFreq) for RCC_GetClocksFreq
    main.o(i.main) refers to hw_config.o(i.Set_System) for Set_System
    main.o(i.main) refers to hw_config.o(i.USB_Interrupts_Config) for USB_Interrupts_Config
    main.o(i.main) refers to hw_config.o(i.Set_USBClock) for Set_USBClock
    main.o(i.main) refers to usb_init.o(i.USB_Init) for USB_Init
    stm32f10x_it.o(i.DMA1_Channel1_IRQHandler) refers to usb_sil.o(i.USB_SIL_Write) for USB_SIL_Write
    stm32f10x_it.o(i.DMA1_Channel1_IRQHandler) refers to stm32f10x_dma.o(i.DMA_ClearFlag) for DMA_ClearFlag
    stm32f10x_it.o(i.DMA1_Channel1_IRQHandler) refers to stm32f10x_it.o(.data) for .data
    stm32f10x_it.o(i.DMA1_Channel1_IRQHandler) refers to hw_config.o(.data) for ADC_ConvertedValueX
    stm32f10x_it.o(i.DMA1_Channel1_IRQHandler) refers to hw_config.o(.data) for ADC_ConvertedValueX_1
    stm32f10x_it.o(i.DMA1_Channel1_IRQHandler) refers to main.o(.data) for PrevXferComplete
    stm32f10x_it.o(i.EXTI15_10_IRQHandler) refers to stm32f10x_exti.o(i.EXTI_GetITStatus) for EXTI_GetITStatus
[...]
    Removing stm32f10x_flash.o(i.FLASH_HalfCycleAccessCmd), (24 bytes).
    Removing stm32f10x_flash.o(i.FLASH_ITConfig), (24 bytes).
    Removing stm32f10x_flash.o(i.FLASH_Lock), (16 bytes).
    Removing stm32f10x_flash.o(i.FLASH_LockBank1), (16 bytes).
    Removing stm32f10x_flash.o(i.FLASH_PrefetchBufferCmd), (24 bytes).
    Removing stm32f10x_flash.o(i.FLASH_ProgramHalfWord), (52 bytes).
    Removing stm32f10x_flash.o(i.FLASH_ProgramOptionByteData), (76 bytes).
    Removing stm32f10x_flash.o(i.FLASH_ProgramWord), (72 bytes).
    Removing stm32f10x_flash.o(i.FLASH_ReadOutProtection), (136 bytes).
    Removing stm32f10x_flash.o(i.FLASH_SetLatency), (20 bytes).
    Removing stm32f10x_flash.o(i.FLASH_Unlock), (24 bytes).
    Removing stm32f10x_flash.o(i.FLASH_UnlockBank1), (24 bytes).
    Removing stm32f10x_flash.o(i.FLASH_UserOptionByteConfig), (96 bytes).
    Removing stm32f10x_flash.o(i.FLASH_WaitForLastBank1Operation), (36 bytes).
    Removing stm32f10x_flash.o(i.FLASH_WaitForLastOperation), (36 bytes).
    Removing stm32f10x_usart.o(i.USART_ClearFlag), (6 bytes).
    Removing stm32f10x_usart.o(i.USART_ClearITPendingBit), (12 bytes).
    Removing stm32f10x_usart.o(i.USART_ClockInit), (30 bytes).
    Removing stm32f10x_usart.o(i.USART_ClockStructInit), (12 bytes).
    Removing stm32f10x_usart.o(i.USART_Cmd), (20 bytes).
    Removing stm32f10x_usart.o(i.USART_DMACmd), (16 bytes).
    Removing stm32f10x_usart.o(i.USART_DeInit), (116 bytes).
    Removing stm32f10x_usart.o(i.USART_GetFlagStatus), (14 bytes).
    Removing stm32f10x_usart.o(i.USART_GetITStatus), (62 bytes).
    Removing stm32f10x_usart.o(i.USART_HalfDuplexCmd), (20 bytes).
    Removing stm32f10x_usart.o(i.USART_ITConfig), (48 bytes).
    Removing stm32f10x_usart.o(i.USART_Init), (180 bytes).
    Removing stm32f10x_usart.o(i.USART_IrDACmd), (20 bytes).
    Removing stm32f10x_usart.o(i.USART_IrDAConfig), (16 bytes).
    Removing stm32f10x_usart.o(i.USART_LINBreakDetectLengthConfig), (16 bytes).
    Removing stm32f10x_usart.o(i.USART_LINCmd), (20 bytes).
    Removing stm32f10x_usart.o(i.USART_OneBitMethodCmd), (20 bytes).
    Removing stm32f10x_usart.o(i.USART_OverSampling8Cmd), (20 bytes).
    Removing stm32f10x_usart.o(i.USART_ReceiveData), (8 bytes).
    Removing stm32f10x_usart.o(i.USART_ReceiverWakeUpCmd), (20 bytes).
    Removing stm32f10x_usart.o(i.USART_SendBreak), (10 bytes).
    Removing stm32f10x_usart.o(i.USART_SendData), (8 bytes).
    Removing stm32f10x_usart.o(i.USART_SetAddress), (16 bytes).
    Removing stm32f10x_usart.o(i.USART_SetGuardTime), (16 bytes).
    Removing stm32f10x_usart.o(i.USART_SetPrescaler), (16 bytes).
    Removing stm32f10x_usart.o(i.USART_SmartCardCmd), (20 bytes).
    Removing stm32f10x_usart.o(i.USART_SmartCardNACKCmd), (20 bytes).
    Removing stm32f10x_usart.o(i.USART_StructInit), (22 bytes).
    Removing stm32f10x_usart.o(i.USART_WakeUpConfig), (16 bytes).
    Removing stm32f10x_i2c.o(i.I2C_ARPCmd), (20 bytes).
    Removing stm32f10x_i2c.o(i.I2C_AcknowledgeConfig), (20 bytes).
    Removing stm32f10x_i2c.o(i.I2C_CalculatePEC), (20 bytes).
    Removing stm32f10x_i2c.o(i.I2C_CheckEvent), (24 bytes).
    Removing stm32f10x_i2c.o(i.I2C_ClearFlag), (6 bytes).
    Removing stm32f10x_i2c.o(i.I2C_ClearITPendingBit), (6 bytes).
    Removing stm32f10x_i2c.o(i.I2C_Cmd), (20 bytes).
    Removing stm32f10x_i2c.o(i.I2C_DMACmd), (20 bytes).
    Removing stm32f10x_i2c.o(i.I2C_DMALastTransferCmd), (20 bytes).
    Removing stm32f10x_i2c.o(i.I2C_DeInit), (44 bytes).
    Removing stm32f10x_i2c.o(i.I2C_DualAddressCmd), (20 bytes).
    Removing stm32f10x_i2c.o(i.I2C_FastModeDutyCycleConfig), (22 bytes).
    Removing stm32f10x_i2c.o(i.I2C_GeneralCallCmd), (20 bytes).
    Removing stm32f10x_i2c.o(i.I2C_GenerateSTART), (20 bytes).
    Removing stm32f10x_i2c.o(i.I2C_GenerateSTOP), (20 bytes).
    Removing stm32f10x_i2c.o(i.I2C_GetFlagStatus), (30 bytes).
    Removing stm32f10x_i2c.o(i.I2C_GetITStatus), (32 bytes).
    Removing stm32f10x_i2c.o(i.I2C_GetLastEvent), (14 bytes).
    Removing stm32f10x_i2c.o(i.I2C_GetPEC), (6 bytes).
    Removing stm32f10x_i2c.o(i.I2C_ITConfig), (16 bytes).
    Removing stm32f10x_i2c.o(i.I2C_Init), (184 bytes).
    Removing stm32f10x_i2c.o(i.I2C_NACKPositionConfig), (22 bytes).
    Removing stm32f10x_i2c.o(i.I2C_OwnAddress2Config), (16 bytes).
    Removing stm32f10x_i2c.o(i.I2C_PECPositionConfig), (22 bytes).
    Removing stm32f10x_i2c.o(i.I2C_ReadRegister), (4 bytes).
    Removing stm32f10x_i2c.o(i.I2C_ReceiveData), (6 bytes).
    Removing stm32f10x_i2c.o(i.I2C_SMBusAlertConfig), (22 bytes).
    Removing stm32f10x_i2c.o(i.I2C_Send7bitAddress), (16 bytes).
    Removing stm32f10x_i2c.o(i.I2C_SendData), (4 bytes).
    Removing stm32f10x_i2c.o(i.I2C_SoftwareResetCmd), (20 bytes).
    Removing stm32f10x_i2c.o(i.I2C_StretchClockCmd), (20 bytes).
    Removing stm32f10x_i2c.o(i.I2C_StructInit), (28 bytes).
    Removing stm32f10x_i2c.o(i.I2C_TransmitPEC), (20 bytes).
    Removing stm32f10x_spi.o(i.I2S_Cmd), (20 bytes).
    Removing stm32f10x_spi.o(i.I2S_Init), (224 bytes).
    Removing stm32f10x_spi.o(i.I2S_StructInit), (18 bytes).
    Removing stm32f10x_spi.o(i.SPI_BiDirectionalLineConfig), (22 bytes).
    Removing stm32f10x_spi.o(i.SPI_CalculateCRC), (20 bytes).
    Removing stm32f10x_spi.o(i.SPI_Cmd), (20 bytes).
    Removing stm32f10x_spi.o(i.SPI_DataSizeConfig), (16 bytes).
    Removing stm32f10x_spi.o(i.SPI_GetCRC), (12 bytes).
    Removing stm32f10x_spi.o(i.SPI_GetCRCPolynomial), (4 bytes).
    Removing stm32f10x_spi.o(i.SPI_I2S_ClearFlag), (6 bytes).
    Removing stm32f10x_spi.o(i.SPI_I2S_ClearITPendingBit), (14 bytes).
    Removing stm32f10x_spi.o(i.SPI_I2S_DMACmd), (16 bytes).
    Removing stm32f10x_spi.o(i.SPI_I2S_DeInit), (84 bytes).
    Removing stm32f10x_spi.o(i.SPI_I2S_GetFlagStatus), (14 bytes).
    Removing stm32f10x_spi.o(i.SPI_I2S_GetITStatus), (40 bytes).
    Removing stm32f10x_spi.o(i.SPI_I2S_ITConfig), (24 bytes).
    Removing stm32f10x_spi.o(i.SPI_I2S_ReceiveData), (4 bytes).
    Removing stm32f10x_spi.o(i.SPI_I2S_SendData), (4 bytes).
    Removing stm32f10x_spi.o(i.SPI_Init), (56 bytes).
    Removing stm32f10x_spi.o(i.SPI_NSSInternalSoftwareConfig), (24 bytes).
    Removing stm32f10x_spi.o(i.SPI_SSOutputCmd), (20 bytes).
    Removing stm32f10x_spi.o(i.SPI_StructInit), (24 bytes).
    Removing stm32f10x_spi.o(i.SPI_TransmitCRC), (10 bytes).
    Removing stm32f10x_sdio.o(i.SDIO_CEATAITCmd), (16 bytes).
    Removing stm32f10x_sdio.o(i.SDIO_ClearFlag), (12 bytes).
    Removing stm32f10x_sdio.o(i.SDIO_ClearITPendingBit), (12 bytes).
    Removing stm32f10x_sdio.o(i.SDIO_ClockCmd), (12 bytes).
    Removing stm32f10x_sdio.o(i.SDIO_CmdStructInit), (14 bytes).
    Removing stm32f10x_sdio.o(i.SDIO_CommandCompletionCmd), (12 bytes).
    Removing stm32f10x_sdio.o(i.SDIO_DMACmd), (12 bytes).
    Removing stm32f10x_sdio.o(i.SDIO_DataConfig), (44 bytes).
    Removing stm32f10x_sdio.o(i.SDIO_DataStructInit), (20 bytes).
    Removing stm32f10x_sdio.o(i.SDIO_DeInit), (36 bytes).
    Removing stm32f10x_sdio.o(i.SDIO_GetCommandResponse), (12 bytes).
    Removing stm32f10x_sdio.o(i.SDIO_GetDataCounter), (12 bytes).
    Removing stm32f10x_sdio.o(i.SDIO_GetFIFOCount), (12 bytes).
    Removing stm32f10x_sdio.o(i.SDIO_GetFlagStatus), (20 bytes).
    Removing stm32f10x_sdio.o(i.SDIO_GetITStatus), (20 bytes).
    Removing stm32f10x_sdio.o(i.SDIO_GetPowerState), (16 bytes).
    Removing stm32f10x_sdio.o(i.SDIO_GetResponse), (12 bytes).
    Removing stm32f10x_sdio.o(i.SDIO_ITConfig), (24 bytes).
    Removing stm32f10x_sdio.o(i.SDIO_Init), (44 bytes).
    Removing stm32f10x_sdio.o(i.SDIO_ReadData), (12 bytes).
    Removing stm32f10x_sdio.o(i.SDIO_SendCEATACmd), (12 bytes).
    Removing stm32f10x_sdio.o(i.SDIO_SendCommand), (40 bytes).
    Removing stm32f10x_sdio.o(i.SDIO_SendSDIOSuspendCmd), (12 bytes).
    Removing stm32f10x_sdio.o(i.SDIO_SetPowerState), (24 bytes).
    Removing stm32f10x_sdio.o(i.SDIO_SetSDIOOperation), (12 bytes).
    Removing stm32f10x_sdio.o(i.SDIO_SetSDIOReadWaitMode), (12 bytes).
    Removing stm32f10x_sdio.o(i.SDIO_StartSDIOReadWait), (12 bytes).
    Removing stm32f10x_sdio.o(i.SDIO_StopSDIOReadWait), (12 bytes).
    Removing stm32f10x_sdio.o(i.SDIO_StructInit), (16 bytes).
    Removing stm32f10x_sdio.o(i.SDIO_WriteData), (12 bytes).
    Removing startup_stm32f10x_cl.o(HEAP), (512 bytes).
    Removing core_cm3.o(.emb_text), (32 bytes).
    Removing system_stm32f10x.o(i.SystemCoreClockUpdate), (156 bytes).
    Removing system_stm32f10x.o(.data), (20 bytes).
    Removing stm32_eval.o(i.SD_LowLevel_DeInit), (136 bytes).
    Removing stm32_eval.o(i.SD_LowLevel_Init), (228 bytes).
    Removing stm32_eval.o(i.STM_EVAL_COMInit), (156 bytes).
    Removing stm32_eval.o(i.STM_EVAL_LEDToggle), (28 bytes).
    Removing stm32_eval.o(i.sEE_LowLevel_DMAConfig), (44 bytes).
    Removing stm32_eval.o(i.sEE_LowLevel_DeInit), (160 bytes).
    Removing stm32_eval.o(i.sEE_LowLevel_Init), (224 bytes).
    Removing stm32_eval.o(.bss), (44 bytes).

282 unused section(s) (total 8423 bytes) removed from the image.

==============================================================================

Image Symbol Table

    Local Symbols

    Symbol Name                              Value     Ov Type        Size  Object(Section)

    ../../../cmprslib/zerorunl2.c            0x00000000   Number         0  __dczerorl2.o ABSOLUTE
    ../../microlib/init/entry.s              0x00000000   Number         0  entry8.o ABSOLUTE
    ../../microlib/init/entry.s              0x00000000   Number         0  entry7b.o ABSOLUTE
    ../../microlib/init/entry.s              0x00000000   Number         0  entry7a.o ABSOLUTE
    ../../microlib/init/entry.s              0x00000000   Number         0  entry5.o ABSOLUTE
    ../../microlib/init/entry.s              0x00000000   Number         0  entry.o ABSOLUTE
    ../../microlib/init/entry.s              0x00000000   Number         0  entry2.o ABSOLUTE
    ..\..\..\Libraries\CMSIS\CM3\CoreSupport\core_cm3.c 0x00000000   Number         0  core_cm3.o ABSOLUTE
    ..\..\..\Libraries\CMSIS\CM3\DeviceSupport\ST\STM32F10x\startup\arm\startup_stm32f10x_cl.s 0x00000000   Number         0  startup_stm32f10x_cl.o ABSOLUTE
    ..\..\..\Libraries\STM32F10x_StdPeriph_Driver\src\misc.c 0x00000000   Number         0  misc.o ABSOLUTE
    ..\..\..\Libraries\STM32F10x_StdPeriph_Driver\src\stm32f10x_adc.c 0x00000000   Number         0  stm32f10x_adc.o ABSOLUTE
    ..\..\..\Libraries\STM32F10x_StdPeriph_Driver\src\stm32f10x_dma.c 0x00000000   Number         0  stm32f10x_dma.o ABSOLUTE
    ..\..\..\Libraries\STM32F10x_StdPeriph_Driver\src\stm32f10x_exti.c 0x00000000   Number         0  stm32f10x_exti.o ABSOLUTE
    ..\..\..\Libraries\STM32F10x_StdPeriph_Driver\src\stm32f10x_flash.c 0x00000000   Number         0  stm32f10x_flash.o ABSOLUTE
    ..\..\..\Libraries\STM32F10x_StdPeriph_Driver\src\stm32f10x_gpio.c 0x00000000   Number         0  stm32f10x_gpio.o ABSOLUTE
    ..\..\..\Libraries\STM32F10x_StdPeriph_Driver\src\stm32f10x_i2c.c 0x00000000   Number         0  stm32f10x_i2c.o ABSOLUTE
    ..\..\..\Libraries\STM32F10x_StdPeriph_Driver\src\stm32f10x_rcc.c 0x00000000   Number         0  stm32f10x_rcc.o ABSOLUTE
    ..\..\..\Libraries\STM32F10x_StdPeriph_Driver\src\stm32f10x_sdio.c 0x00000000   Number         0  stm32f10x_sdio.o ABSOLUTE
    ..\..\..\Libraries\STM32F10x_StdPeriph_Driver\src\stm32f10x_spi.c 0x00000000   Number         0  stm32f10x_spi.o ABSOLUTE
    ..\..\..\Libraries\STM32F10x_StdPeriph_Driver\src\stm32f10x_usart.c 0x00000000   Number         0  stm32f10x_usart.o ABSOLUTE
    ..\..\..\Libraries\STM32_USB-FS-Device_Driver\src\otgd_fs_cal.c 0x00000000   Number         0  otgd_fs_cal.o ABSOLUTE
    ..\..\..\Libraries\STM32_USB-FS-Device_Driver\src\otgd_fs_dev.c 0x00000000   Number         0  otgd_fs_dev.o ABSOLUTE
    ..\..\..\Libraries\STM32_USB-FS-Device_Driver\src\otgd_fs_int.c 0x00000000   Number         0  otgd_fs_int.o ABSOLUTE
    ..\..\..\Libraries\STM32_USB-FS-Device_Driver\src\otgd_fs_pcd.c 0x00000000   Number         0  otgd_fs_pcd.o ABSOLUTE
    ..\..\..\Libraries\STM32_USB-FS-Device_Driver\src\usb_core.c 0x00000000   Number         0  usb_core.o ABSOLUTE
    ..\..\..\Libraries\STM32_USB-FS-Device_Driver\src\usb_init.c 0x00000000   Number         0  usb_init.o ABSOLUTE
    ..\..\..\Libraries\STM32_USB-FS-Device_Driver\src\usb_int.c 0x00000000   Number         0  usb_int.o ABSOLUTE
    ..\..\..\Libraries\STM32_USB-FS-Device_Driver\src\usb_mem.c 0x00000000   Number         0  usb_mem.o ABSOLUTE
    ..\..\..\Libraries\STM32_USB-FS-Device_Driver\src\usb_regs.c 0x00000000   Number         0  usb_regs.o ABSOLUTE
    ..\..\..\Libraries\STM32_USB-FS-Device_Driver\src\usb_sil.c 0x00000000   Number         0  usb_sil.o ABSOLUTE
    ..\..\..\Utilities\STM32_EVAL\stm32_eval.c 0x00000000   Number         0  stm32_eval.o ABSOLUTE
    ..\\..\\..\\Libraries\\CMSIS\\CM3\\CoreSupport\\core_cm3.c 0x00000000   Number         0  core_cm3.o ABSOLUTE
    ..\src\hw_config.c                       0x00000000   Number         0  hw_config.o ABSOLUTE
    ..\src\main.c                            0x00000000   Number         0  main.o ABSOLUTE
    ..\src\stm32f10x_it.c                    0x00000000   Number         0  stm32f10x_it.o ABSOLUTE
    ..\src\system_stm32f10x.c                0x00000000   Number         0  system_stm32f10x.o ABSOLUTE
    ..\src\usb_desc.c                        0x00000000   Number         0  usb_desc.o ABSOLUTE
    ..\src\usb_endp.c                        0x00000000   Number         0  usb_endp.o ABSOLUTE
    ..\src\usb_istr.c                        0x00000000   Number         0  usb_istr.o ABSOLUTE
    ..\src\usb_prop.c                        0x00000000   Number         0  usb_prop.o ABSOLUTE
    ..\src\usb_pwr.c                         0x00000000   Number         0  usb_pwr.o ABSOLUTE
    dc.s                                     0x00000000   Number         0  dc.o ABSOLUTE
    handlers.s                               0x00000000   Number         0  handlers.o ABSOLUTE
    init.s                                   0x00000000   Number         0  init.o ABSOLUTE
    RESET                                    0x08000000   Section      336  startup_stm32f10x_cl.o(RESET)
    .ARM.Collect$$$$00000000                 0x08000150   Section        0  entry.o(.ARM.Collect$$$$00000000)
    .ARM.Collect$$$$00000001                 0x08000150   Section        4  entry2.o(.ARM.Collect$$$$00000001)
    .ARM.Collect$$$$00000004                 0x08000154   Section        4  entry5.o(.ARM.Collect$$$$00000004)
    .ARM.Collect$$$$00000008                 0x08000158   Section        0  entry7b.o(.ARM.Collect$$$$00000008)
    .ARM.Collect$$$$00000009                 0x08000158   Section        8  entry8.o(.ARM.Collect$$$$00000009)
    .ARM.Collect$$$$00002712                 0x08000160   Section        4  entry2.o(.ARM.Collect$$$$00002712)
    __lit__00000000                          0x08000160   Data           4  entry2.o(.ARM.Collect$$$$00002712)
    .text                                    0x08000164   Section       36  startup_stm32f10x_cl.o(.text)
    .text                                    0x08000188   Section       36  init.o(.text)
    .text                                    0x080001ac   Section        0  __dczerorl2.o(.text)
    i.ADC_Cmd                                0x08000208   Section        0  stm32f10x_adc.o(i.ADC_Cmd)
    i.ADC_Configuration                      0x0800021c   Section        0  hw_config.o(i.ADC_Configuration)
    i.ADC_DMACmd                             0x080002e4   Section        0  stm32f10x_adc.o(i.ADC_DMACmd)
    i.ADC_GetCalibrationStatus               0x080002f8   Section        0  stm32f10x_adc.o(i.ADC_GetCalibrationStatus)
    i.ADC_GetResetCalibrationStatus          0x08000306   Section        0  stm32f10x_adc.o(i.ADC_GetResetCalibrationStatus)
    i.ADC_Init                               0x08000314   Section        0  stm32f10x_adc.o(i.ADC_Init)
    i.ADC_RegularChannelConfig               0x0800035c   Section        0  stm32f10x_adc.o(i.ADC_RegularChannelConfig)
    i.ADC_ResetCalibration                   0x080003d0   Section        0  stm32f10x_adc.o(i.ADC_ResetCalibration)
    i.ADC_SoftwareStartConvCmd               0x080003da   Section        0  stm32f10x_adc.o(i.ADC_SoftwareStartConvCmd)
    i.ADC_StartCalibration                   0x080003ee   Section        0  stm32f10x_adc.o(i.ADC_StartCalibration)
    i.BusFault_Handler                       0x080003f8   Section        0  stm32f10x_it.o(i.BusFault_Handler)
    i.ByteSwap                               0x080003fa   Section        0  otgd_fs_dev.o(i.ByteSwap)
    i.CustomHID_Data_Setup                   0x08000404   Section        0  usb_prop.o(i.CustomHID_Data_Setup)
    i.CustomHID_GetCompatIDDescriptor        0x08000480   Section        0  usb_prop.o(i.CustomHID_GetCompatIDDescriptor)
    i.CustomHID_GetConfigDescriptor          0x0800048c   Section        0  usb_prop.o(i.CustomHID_GetConfigDescriptor)
    i.CustomHID_GetDeviceDescriptor          0x08000498   Section        0  usb_prop.o(i.CustomHID_GetDeviceDescriptor)
    i.CustomHID_GetExtPropDescriptor         0x080004a4   Section        0  usb_prop.o(i.CustomHID_GetExtPropDescriptor)
    i.CustomHID_GetHIDDescriptor             0x080004b0   Section        0  usb_prop.o(i.CustomHID_GetHIDDescriptor)
    i.CustomHID_GetProtocolValue             0x080004b4   Section        0  usb_prop.o(i.CustomHID_GetProtocolValue)
    i.CustomHID_GetReportDescriptor          0x080004d0   Section        0  usb_prop.o(i.CustomHID_GetReportDescriptor)
    i.CustomHID_GetStringDescriptor          0x080004dc   Section        0  usb_prop.o(i.CustomHID_GetStringDescriptor)
    i.CustomHID_Get_Interface_Setting        0x08000508   Section        0  usb_prop.o(i.CustomHID_Get_Interface_Setting)
    i.CustomHID_NoData_Setup                 0x08000514   Section        0  usb_prop.o(i.CustomHID_NoData_Setup)
    i.CustomHID_Reset                        0x08000534   Section        0  usb_prop.o(i.CustomHID_Reset)
    i.CustomHID_SetConfiguration             0x08000570   Section        0  usb_prop.o(i.CustomHID_SetConfiguration)
    i.CustomHID_SetDeviceAddress             0x08000598   Section        0  usb_prop.o(i.CustomHID_SetDeviceAddress)
    i.CustomHID_SetProtocol                  0x080005a4   Section        0  usb_prop.o(i.CustomHID_SetProtocol)
    i.CustomHID_Status_In                    0x080005bc   Section        0  usb_prop.o(i.CustomHID_Status_In)
    i.CustomHID_Status_Out                   0x080005be   Section        0  usb_prop.o(i.CustomHID_Status_Out)
    i.CustomHID_init                         0x080005c0   Section        0  usb_prop.o(i.CustomHID_init)
    i.DMA1_Channel1_IRQHandler               0x080005e4   Section        0  stm32f10x_it.o(i.DMA1_Channel1_IRQHandler)
    i.DMA_ClearFlag                          0x08000630   Section        0  stm32f10x_dma.o(i.DMA_ClearFlag)
    i.DMA_Cmd                                0x08000648   Section        0  stm32f10x_dma.o(i.DMA_Cmd)
    i.DMA_DeInit                             0x08000660   Section        0  stm32f10x_dma.o(i.DMA_DeInit)
    i.DMA_ITConfig                           0x08000744   Section        0  stm32f10x_dma.o(i.DMA_ITConfig)
    i.DMA_Init                               0x08000754   Section        0  stm32f10x_dma.o(i.DMA_Init)
    i.DataStageIn                            0x08000790   Section        0  usb_core.o(i.DataStageIn)
    DataStageIn                              0x08000791   Thumb Code   154  usb_core.o(i.DataStageIn)
    i.DataStageOut                           0x0800083c   Section        0  usb_core.o(i.DataStageOut)
    DataStageOut                             0x0800083d   Thumb Code   128  usb_core.o(i.DataStageOut)
    i.Data_Setup0                            0x080008c8   Section        0  usb_core.o(i.Data_Setup0)
    Data_Setup0                              0x080008c9   Thumb Code   370  usb_core.o(i.Data_Setup0)
    i.DebugMon_Handler                       0x08000a5c   Section        0  stm32f10x_it.o(i.DebugMon_Handler)
    i.EP1_IN_Callback                        0x08000a60   Section        0  usb_endp.o(i.EP1_IN_Callback)
    i.EP1_OUT_Callback                       0x08000a6c   Section        0  usb_endp.o(i.EP1_OUT_Callback)
    i.EXTI15_10_IRQHandler                   0x08000ad8   Section        0  stm32f10x_it.o(i.EXTI15_10_IRQHandler)
    i.EXTI9_5_IRQHandler                     0x08000b2c   Section        0  stm32f10x_it.o(i.EXTI9_5_IRQHandler)
    i.EXTI_ClearITPendingBit                 0x08000b80   Section        0  stm32f10x_exti.o(i.EXTI_ClearITPendingBit)
    i.EXTI_Configuration                     0x08000b8c   Section        0  hw_config.o(i.EXTI_Configuration)
    i.EXTI_GetITStatus                       0x08000bd4   Section        0  stm32f10x_exti.o(i.EXTI_GetITStatus)
    i.EXTI_Init                              0x08000bf4   Section        0  stm32f10x_exti.o(i.EXTI_Init)
    i.Enter_LowPowerMode                     0x08000c64   Section        0  hw_config.o(i.Enter_LowPowerMode)
    i.GPIO_Configuration                     0x08000c70   Section        0  hw_config.o(i.GPIO_Configuration)
    i.GPIO_EXTILineConfig                    0x08000c94   Section        0  stm32f10x_gpio.o(i.GPIO_EXTILineConfig)
    i.GPIO_Init                              0x08000cbc   Section        0  stm32f10x_gpio.o(i.GPIO_Init)
    i.GPIO_ReadInputDataBit                  0x08000d60   Section        0  stm32f10x_gpio.o(i.GPIO_ReadInputDataBit)
    i.Get_SerialNum                          0x08000d70   Section        0  hw_config.o(i.Get_SerialNum)
    i.HardFault_Handler                      0x08000da4   Section        0  stm32f10x_it.o(i.HardFault_Handler)
    i.In0_Process                            0x08000da8   Section        0  usb_core.o(i.In0_Process)
    i.IntToUnicode                           0x08000e04   Section        0  hw_config.o(i.IntToUnicode)
    IntToUnicode                             0x08000e05   Thumb Code    54  hw_config.o(i.IntToUnicode)
    i.Leave_LowPowerMode                     0x08000e3c   Section        0  hw_config.o(i.Leave_LowPowerMode)
    i.MemManage_Handler                      0x08000e58   Section        0  stm32f10x_it.o(i.MemManage_Handler)
    i.NMI_Handler                            0x08000e5a   Section        0  stm32f10x_it.o(i.NMI_Handler)
    i.NOP_Process                            0x08000e5c   Section        0  usb_core.o(i.NOP_Process)
    i.NVIC_Init                              0x08000e60   Section        0  misc.o(i.NVIC_Init)
    i.NVIC_PriorityGroupConfig               0x08000ec4   Section        0  misc.o(i.NVIC_PriorityGroupConfig)
    i.NoData_Setup0                          0x08000ed8   Section        0  usb_core.o(i.NoData_Setup0)
    NoData_Setup0                            0x08000ed9   Thumb Code   190  usb_core.o(i.NoData_Setup0)
    i.OTGD_FS_CoreInit                       0x08000fa4   Section        0  otgd_fs_cal.o(i.OTGD_FS_CoreInit)
    i.OTGD_FS_CoreInitDev                    0x08001028   Section        0  otgd_fs_cal.o(i.OTGD_FS_CoreInitDev)
    i.OTGD_FS_DisableGlobalInt               0x080010f8   Section        0  otgd_fs_cal.o(i.OTGD_FS_DisableGlobalInt)
    i.OTGD_FS_EP0Activate                    0x0800110c   Section        0  otgd_fs_cal.o(i.OTGD_FS_EP0Activate)
    i.OTGD_FS_EP0StartXfer                   0x0800112c   Section        0  otgd_fs_cal.o(i.OTGD_FS_EP0StartXfer)
    i.OTGD_FS_EPActivate                     0x080011c0   Section        0  otgd_fs_cal.o(i.OTGD_FS_EPActivate)
    i.OTGD_FS_EPClearStall                   0x08001218   Section        0  otgd_fs_cal.o(i.OTGD_FS_EPClearStall)
    i.OTGD_FS_EPSetStall                     0x08001250   Section        0  otgd_fs_cal.o(i.OTGD_FS_EPSetStall)
    i.OTGD_FS_EPStartXfer                    0x08001288   Section        0  otgd_fs_cal.o(i.OTGD_FS_EPStartXfer)
    i.OTGD_FS_EnableDevInt                   0x080013b0   Section        0  otgd_fs_cal.o(i.OTGD_FS_EnableDevInt)
    i.OTGD_FS_EnableGlobalInt                0x080013d0   Section        0  otgd_fs_cal.o(i.OTGD_FS_EnableGlobalInt)
    i.OTGD_FS_FlushRxFifo                    0x080013e4   Section        0  otgd_fs_cal.o(i.OTGD_FS_FlushRxFifo)
    i.OTGD_FS_FlushTxFifo                    0x08001420   Section        0  otgd_fs_cal.o(i.OTGD_FS_FlushTxFifo)
    i.OTGD_FS_GetEPStatus                    0x08001464   Section        0  otgd_fs_cal.o(i.OTGD_FS_GetEPStatus)
    i.OTGD_FS_Handle_EnumDone_ISR            0x080014b4   Section        0  otgd_fs_int.o(i.OTGD_FS_Handle_EnumDone_ISR)
    i.OTGD_FS_Handle_InEP_ISR                0x080014e0   Section        0  otgd_fs_int.o(i.OTGD_FS_Handle_InEP_ISR)
    i.OTGD_FS_Handle_OutEP_ISR               0x080015dc   Section        0  otgd_fs_int.o(i.OTGD_FS_Handle_OutEP_ISR)
    i.OTGD_FS_Handle_RxStatusQueueLevel_ISR  0x08001684   Section        0  otgd_fs_int.o(i.OTGD_FS_Handle_RxStatusQueueLevel_ISR)
    i.OTGD_FS_Handle_Sof_ISR                 0x08001754   Section        0  otgd_fs_int.o(i.OTGD_FS_Handle_Sof_ISR)
    i.OTGD_FS_Handle_USBSuspend_ISR          0x0800176c   Section        0  otgd_fs_int.o(i.OTGD_FS_Handle_USBSuspend_ISR)
    i.OTGD_FS_Handle_UsbReset_ISR            0x08001784   Section        0  otgd_fs_int.o(i.OTGD_FS_Handle_UsbReset_ISR)
    i.OTGD_FS_Handle_Wakeup_ISR              0x08001804   Section        0  otgd_fs_int.o(i.OTGD_FS_Handle_Wakeup_ISR)
    i.OTGD_FS_ReadCoreItr                    0x0800181c   Section        0  otgd_fs_cal.o(i.OTGD_FS_ReadCoreItr)
    i.OTGD_FS_ReadDevAllInEPItr              0x0800182c   Section        0  otgd_fs_cal.o(i.OTGD_FS_ReadDevAllInEPItr)
    i.OTGD_FS_ReadDevAllOutEp_itr            0x08001840   Section        0  otgd_fs_cal.o(i.OTGD_FS_ReadDevAllOutEp_itr)
    i.OTGD_FS_ReadDevOutEP_itr               0x08001854   Section        0  otgd_fs_cal.o(i.OTGD_FS_ReadDevOutEP_itr)
    i.OTGD_FS_ReadPacket                     0x0800186c   Section        0  otgd_fs_cal.o(i.OTGD_FS_ReadPacket)
    i.OTGD_FS_ResetRemoteWakeup              0x0800188c   Section        0  otgd_fs_cal.o(i.OTGD_FS_ResetRemoteWakeup)
    i.OTGD_FS_SetAddress                     0x080018a0   Section        0  otgd_fs_cal.o(i.OTGD_FS_SetAddress)
    i.OTGD_FS_SetEPStatus                    0x080018f0   Section        0  otgd_fs_cal.o(i.OTGD_FS_SetEPStatus)
    i.OTGD_FS_SetRemoteWakeup                0x08001968   Section        0  otgd_fs_cal.o(i.OTGD_FS_SetRemoteWakeup)
    i.OTGD_FS_WritePacket                    0x0800197c   Section        0  otgd_fs_cal.o(i.OTGD_FS_WritePacket)
    i.OTG_DEV_EP_Init                        0x080019a4   Section        0  otgd_fs_dev.o(i.OTG_DEV_EP_Init)
    i.OTG_DEV_GetEPRxStatus                  0x080019e2   Section        0  otgd_fs_dev.o(i.OTG_DEV_GetEPRxStatus)
    i.OTG_DEV_GetEPTxStatus                  0x080019f4   Section        0  otgd_fs_dev.o(i.OTG_DEV_GetEPTxStatus)
    i.OTG_DEV_Init                           0x08001a06   Section        0  otgd_fs_dev.o(i.OTG_DEV_Init)
    i.OTG_DEV_SetEPRxStatus                  0x08001a42   Section        0  otgd_fs_dev.o(i.OTG_DEV_SetEPRxStatus)
    i.OTG_DEV_SetEPTxStatus                  0x08001a58   Section        0  otgd_fs_dev.o(i.OTG_DEV_SetEPTxStatus)
    i.OTG_FS_IRQHandler                      0x08001a7c   Section        0  stm32f10x_it.o(i.OTG_FS_IRQHandler)
    i.Out0_Process                           0x08001a80   Section        0  usb_core.o(i.Out0_Process)
    i.PCD_EP0_OutStart                       0x08001ac8   Section        0  otgd_fs_pcd.o(i.PCD_EP0_OutStart)
    i.PCD_EP_ClrStall                        0x08001adc   Section        0  otgd_fs_pcd.o(i.PCD_EP_ClrStall)
    i.PCD_EP_Flush                           0x08001b02   Section        0  otgd_fs_pcd.o(i.PCD_EP_Flush)
    i.PCD_EP_Open                            0x08001b28   Section        0  otgd_fs_pcd.o(i.PCD_EP_Open)
    i.PCD_EP_Read                            0x08001b68   Section        0  otgd_fs_pcd.o(i.PCD_EP_Read)
    i.PCD_EP_SetAddress                      0x08001ba4   Section        0  otgd_fs_pcd.o(i.PCD_EP_SetAddress)
    i.PCD_EP_Write                           0x08001bbc   Section        0  otgd_fs_pcd.o(i.PCD_EP_Write)
    i.PCD_GetInEP                            0x08001be8   Section        0  otgd_fs_pcd.o(i.PCD_GetInEP)
    i.PCD_GetOutEP                           0x08001bfc   Section        0  otgd_fs_pcd.o(i.PCD_GetOutEP)
    i.PCD_Init                               0x08001c10   Section        0  otgd_fs_pcd.o(i.PCD_Init)
    i.PCD_WriteEmptyTxFifo                   0x08001c84   Section        0  otgd_fs_int.o(i.PCD_WriteEmptyTxFifo)
    PCD_WriteEmptyTxFifo                     0x08001c85   Thumb Code   132  otgd_fs_int.o(i.PCD_WriteEmptyTxFifo)
    i.PendSV_Handler                         0x08001d0c   Section        0  stm32f10x_it.o(i.PendSV_Handler)
    i.Post0_Process                          0x08001d10   Section        0  usb_core.o(i.Post0_Process)
    i.PowerOn                                0x08001d8c   Section        0  usb_pwr.o(i.PowerOn)
    i.RCC_ADCCLKConfig                       0x08001d90   Section        0  stm32f10x_rcc.o(i.RCC_ADCCLKConfig)
    i.RCC_AHBPeriphClockCmd                  0x08001da4   Section        0  stm32f10x_rcc.o(i.RCC_AHBPeriphClockCmd)
    i.RCC_APB2PeriphClockCmd                 0x08001dbc   Section        0  stm32f10x_rcc.o(i.RCC_APB2PeriphClockCmd)
    i.RCC_GetClocksFreq                      0x08001dd4   Section        0  stm32f10x_rcc.o(i.RCC_GetClocksFreq)
    i.RCC_OTGFSCLKConfig                     0x08001ea0   Section        0  stm32f10x_rcc.o(i.RCC_OTGFSCLKConfig)
    i.Resume                                 0x08001eac   Section        0  usb_pwr.o(i.Resume)
    i.STM32_PCD_OTG_ISR_Handler              0x08001f0c   Section        0  usb_istr.o(i.STM32_PCD_OTG_ISR_Handler)
    i.STM_EVAL_LEDInit                       0x08001f94   Section        0  stm32_eval.o(i.STM_EVAL_LEDInit)
    i.STM_EVAL_LEDOff                        0x08001fd4   Section        0  stm32_eval.o(i.STM_EVAL_LEDOff)
    i.STM_EVAL_LEDOn                         0x08001fec   Section        0  stm32_eval.o(i.STM_EVAL_LEDOn)
    i.STM_EVAL_PBGetState                    0x08002004   Section        0  stm32_eval.o(i.STM_EVAL_PBGetState)
    i.STM_EVAL_PBInit                        0x0800201c   Section        0  stm32_eval.o(i.STM_EVAL_PBInit)
    i.SVC_Handler                            0x080020c0   Section        0  stm32f10x_it.o(i.SVC_Handler)
    i.SetEPRxCount                           0x080020c2   Section        0  otgd_fs_dev.o(i.SetEPRxCount)
    i.SetEPTxCount                           0x080020c4   Section        0  otgd_fs_dev.o(i.SetEPTxCount)
    i.SetEPTxStatus                          0x080020c6   Section        0  otgd_fs_dev.o(i.SetEPTxStatus)
    i.SetSysClockTo48                        0x080020cc   Section        0  system_stm32f10x.o(i.SetSysClockTo48)
    SetSysClockTo48                          0x080020cd   Thumb Code   168  system_stm32f10x.o(i.SetSysClockTo48)
    i.Set_System                             0x08002184   Section        0  hw_config.o(i.Set_System)
    i.Set_USBClock                           0x080021c6   Section        0  hw_config.o(i.Set_USBClock)
    i.Setup0_Process                         0x080021dc   Section        0  usb_core.o(i.Setup0_Process)
    i.Standard_ClearFeature                  0x08002230   Section        0  usb_core.o(i.Standard_ClearFeature)
    i.Standard_GetConfiguration              0x080022f0   Section        0  usb_core.o(i.Standard_GetConfiguration)
    i.Standard_GetDescriptorData             0x08002318   Section        0  usb_core.o(i.Standard_GetDescriptorData)
    i.Standard_GetInterface                  0x08002334   Section        0  usb_core.o(i.Standard_GetInterface)
    i.Standard_GetStatus                     0x0800235c   Section        0  usb_core.o(i.Standard_GetStatus)
    i.Standard_SetConfiguration              0x080023e8   Section        0  usb_core.o(i.Standard_SetConfiguration)
    i.Standard_SetDeviceFeature              0x08002420   Section        0  usb_core.o(i.Standard_SetDeviceFeature)
    i.Standard_SetEndPointFeature            0x08002444   Section        0  usb_core.o(i.Standard_SetEndPointFeature)
    i.Standard_SetInterface                  0x080024ac   Section        0  usb_core.o(i.Standard_SetInterface)
    i.Suspend                                0x080024f4   Section        0  usb_pwr.o(i.Suspend)
    i.SysTick_CLKSourceConfig                0x080024f8   Section        0  misc.o(i.SysTick_CLKSourceConfig)
    i.SysTick_Handler                        0x08002510   Section        0  stm32f10x_it.o(i.SysTick_Handler)
    i.SystemInit                             0x08002514   Section        0  system_stm32f10x.o(i.SystemInit)
    i.USBD_FS_IsDeviceMode                   0x08002570   Section        0  otgd_fs_cal.o(i.USBD_FS_IsDeviceMode)
    i.USB_Init                               0x08002584   Section        0  usb_init.o(i.USB_Init)
    i.USB_Interrupts_Config                  0x080025ac   Section        0  hw_config.o(i.USB_Interrupts_Config)
    i.USB_OTG_BSP_uDelay                     0x08002608   Section        0  hw_config.o(i.USB_OTG_BSP_uDelay)
    i.USB_SIL_Init                           0x08002668   Section        0  usb_sil.o(i.USB_SIL_Init)
    i.USB_SIL_Read                           0x08002672   Section        0  usb_sil.o(i.USB_SIL_Read)
    i.USB_SIL_Write                          0x0800268c   Section        0  usb_sil.o(i.USB_SIL_Write)
    i.UsageFault_Handler                     0x08002696   Section        0  stm32f10x_it.o(i.UsageFault_Handler)
    i.__scatterload_copy                     0x08002698   Section       14  handlers.o(i.__scatterload_copy)
    i.__scatterload_null                     0x080026a6   Section        2  handlers.o(i.__scatterload_null)
    i.__scatterload_zeroinit                 0x080026a8   Section       14  handlers.o(i.__scatterload_zeroinit)
    i.main                                   0x080026b6   Section        0  main.o(i.main)
    .constdata                               0x080026c8   Section       18  usb_desc.o(.constdata)
    .constdata                               0x080026da   Section       41  usb_desc.o(.constdata)
    .constdata                               0x08002703   Section      163  usb_desc.o(.constdata)
    .constdata                               0x080027a6   Section        4  usb_desc.o(.constdata)
    .constdata                               0x080027aa   Section       38  usb_desc.o(.constdata)
    .constdata                               0x080027d0   Section       32  usb_desc.o(.constdata)
    .constdata                               0x080027f0   Section       84  stm32_eval.o(.constdata)
    .data                                    0x20000000   Section        4  hw_config.o(.data)
    .data                                    0x20000004   Section        4  hw_config.o(.data)
    .data                                    0x20000008   Section        1  main.o(.data)
    .data                                    0x20000009   Section        2  stm32f10x_it.o(.data)
    .data                                    0x2000000b   Section       26  usb_desc.o(.data)
    .data                                    0x20000025   Section       18  usb_desc.o(.data)
    .data                                    0x20000038   Section       40  usb_desc.o(.data)
    .data                                    0x20000060   Section      148  usb_desc.o(.data)
    .data                                    0x200000f4   Section        2  usb_endp.o(.data)
    .data                                    0x200000f6   Section        1  usb_istr.o(.data)
    .data                                    0x200000f8   Section       28  usb_istr.o(.data)
    .data                                    0x20000114   Section       28  usb_istr.o(.data)
    .data                                    0x20000130   Section        2  usb_prop.o(.data)
    .data                                    0x20000134   Section       48  usb_prop.o(.data)
    .data                                    0x20000164   Section       36  usb_prop.o(.data)
    .data                                    0x20000188   Section       84  usb_prop.o(.data)
    .data                                    0x200001dc   Section        4  usb_pwr.o(.data)
    .data                                    0x200001e0   Section        1  usb_pwr.o(.data)
    .data                                    0x200001e1   Section        2  usb_pwr.o(.data)
    .data                                    0x200001e4   Section       12  usb_init.o(.data)
    .data                                    0x200001f0   Section       12  otgd_fs_int.o(.data)
    .data                                    0x200001fc   Section        4  usb_core.o(.data)
    .data                                    0x20000200   Section       20  stm32f10x_rcc.o(.data)
    ADCPrescTable                            0x20000200   Data           4  stm32f10x_rcc.o(.data)
    APBAHBPrescTable                         0x20000204   Data          16  stm32f10x_rcc.o(.data)
    .data                                    0x20000214   Section       40  stm32_eval.o(.data)
    .bss                                     0x2000023c   Section       28  usb_init.o(.bss)
    .bss                                     0x20000258   Section       60  otgd_fs_cal.o(.bss)
    .bss                                     0x20000294   Section      128  otgd_fs_int.o(.bss)
    .bss                                     0x20000314   Section      224  otgd_fs_pcd.o(.bss)
    STACK                                    0x200003f8   Section     1024  startup_stm32f10x_cl.o(STACK)

    Global Symbols

    Symbol Name                              Value     Ov Type        Size  Object(Section)

    BuildAttributes$$THM_ISAv4$P$D$K$B$S$PE$A:L22UL41UL21$X:L11$S22US41US21$IEEE1$IW$USESV6$~STKCKD$USESV7$~SHL$OSPACE$EBA8$MICROLIB$REQ8$PRES8$EABIv2 0x00000000   Number         0  anon$$obj.o ABSOLUTE
    __ARM_use_no_argv                        0x00000000   Number         0  main.o ABSOLUTE
    _clock_init                               - Undefined Weak Reference
    __Vectors_Size                           0x00000150   Number         0  startup_stm32f10x_cl.o ABSOLUTE
    __Vectors                                0x08000000   Data           4  startup_stm32f10x_cl.o(RESET)
    __Vectors_End                            0x08000150   Data           0  startup_stm32f10x_cl.o(RESET)
    __main                                   0x08000151   Thumb Code     0  entry.o(.ARM.Collect$$$$00000000)
    _main_stk                                0x08000151   Thumb Code     0  entry2.o(.ARM.Collect$$$$00000001)
    _main_scatterload                        0x08000155   Thumb Code     0  entry5.o(.ARM.Collect$$$$00000004)
    __main_after_scatterload                 0x08000159   Thumb Code     0  entry5.o(.ARM.Collect$$$$00000004)
    _main_clock                              0x08000159   Thumb Code     0  entry7b.o(.ARM.Collect$$$$00000008)
    _main_init                               0x08000159   Thumb Code     0  entry8.o(.ARM.Collect$$$$00000009)
    Reset_Handler                            0x08000165   Thumb Code     8  startup_stm32f10x_cl.o(.text)
    ADC1_2_IRQHandler                        0x0800017f   Thumb Code     0  startup_stm32f10x_cl.o(.text)
    CAN1_RX0_IRQHandler                      0x0800017f   Thumb Code     0  startup_stm32f10x_cl.o(.text)
    CAN1_RX1_IRQHandler                      0x0800017f   Thumb Code     0  startup_stm32f10x_cl.o(.text)
    CAN1_SCE_IRQHandler                      0x0800017f   Thumb Code     0  startup_stm32f10x_cl.o(.text)
    CAN1_TX_IRQHandler                       0x0800017f   Thumb Code     0  startup_stm32f10x_cl.o(.text)
    CAN2_RX0_IRQHandler                      0x0800017f   Thumb Code     0  startup_stm32f10x_cl.o(.text)
    CAN2_RX1_IRQHandler                      0x0800017f   Thumb Code     0  startup_stm32f10x_cl.o(.text)
    CAN2_SCE_IRQHandler                      0x0800017f   Thumb Code     0  startup_stm32f10x_cl.o(.text)
    CAN2_TX_IRQHandler                       0x0800017f   Thumb Code     0  startup_stm32f10x_cl.o(.text)
    DMA1_Channel2_IRQHandler                 0x0800017f   Thumb Code     0  startup_stm32f10x_cl.o(.text)
    DMA1_Channel3_IRQHandler                 0x0800017f   Thumb Code     0  startup_stm32f10x_cl.o(.text)
    DMA1_Channel4_IRQHandler                 0x0800017f   Thumb Code     0  startup_stm32f10x_cl.o(.text)
    DMA1_Channel5_IRQHandler                 0x0800017f   Thumb Code     0  startup_stm32f10x_cl.o(.text)
    DMA1_Channel6_IRQHandler                 0x0800017f   Thumb Code     0  startup_stm32f10x_cl.o(.text)
    DMA1_Channel7_IRQHandler                 0x0800017f   Thumb Code     0  startup_stm32f10x_cl.o(.text)
    DMA2_Channel1_IRQHandler                 0x0800017f   Thumb Code     0  startup_stm32f10x_cl.o(.text)
    DMA2_Channel2_IRQHandler                 0x0800017f   Thumb Code     0  startup_stm32f10x_cl.o(.text)
    DMA2_Channel3_IRQHandler                 0x0800017f   Thumb Code     0  startup_stm32f10x_cl.o(.text)
    DMA2_Channel4_IRQHandler                 0x0800017f   Thumb Code     0  startup_stm32f10x_cl.o(.text)
    DMA2_Channel5_IRQHandler                 0x0800017f   Thumb Code     0  startup_stm32f10x_cl.o(.text)
    ETH_IRQHandler                           0x0800017f   Thumb Code     0  startup_stm32f10x_cl.o(.text)
    ETH_WKUP_IRQHandler                      0x0800017f   Thumb Code     0  startup_stm32f10x_cl.o(.text)
    EXTI0_IRQHandler                         0x0800017f   Thumb Code     0  startup_stm32f10x_cl.o(.text)
    EXTI1_IRQHandler                         0x0800017f   Thumb Code     0  startup_stm32f10x_cl.o(.text)
    EXTI2_IRQHandler                         0x0800017f   Thumb Code     0  startup_stm32f10x_cl.o(.text)
    EXTI3_IRQHandler                         0x0800017f   Thumb Code     0  startup_stm32f10x_cl.o(.text)
    EXTI4_IRQHandler                         0x0800017f   Thumb Code     0  startup_stm32f10x_cl.o(.text)
    FLASH_IRQHandler                         0x0800017f   Thumb Code     0  startup_stm32f10x_cl.o(.text)
    I2C1_ER_IRQHandler                       0x0800017f   Thumb Code     0  startup_stm32f10x_cl.o(.text)
    I2C1_EV_IRQHandler                       0x0800017f   Thumb Code     0  startup_stm32f10x_cl.o(.text)
    I2C2_ER_IRQHandler                       0x0800017f   Thumb Code     0  startup_stm32f10x_cl.o(.text)
    I2C2_EV_IRQHandler                       0x0800017f   Thumb Code     0  startup_stm32f10x_cl.o(.text)
    OTG_FS_WKUP_IRQHandler                   0x0800017f   Thumb Code     0  startup_stm32f10x_cl.o(.text)
    PVD_IRQHandler                           0x0800017f   Thumb Code     0  startup_stm32f10x_cl.o(.text)
    RCC_IRQHandler                           0x0800017f   Thumb Code     0  startup_stm32f10x_cl.o(.text)
    RTCAlarm_IRQHandler                      0x0800017f   Thumb Code     0  startup_stm32f10x_cl.o(.text)
    RTC_IRQHandler                           0x0800017f   Thumb Code     0  startup_stm32f10x_cl.o(.text)
    SPI1_IRQHandler                          0x0800017f   Thumb Code     0  startup_stm32f10x_cl.o(.text)
    SPI2_IRQHandler                          0x0800017f   Thumb Code     0  startup_stm32f10x_cl.o(.text)
    SPI3_IRQHandler                          0x0800017f   Thumb Code     0  startup_stm32f10x_cl.o(.text)
    TAMPER_IRQHandler                        0x0800017f   Thumb Code     0  startup_stm32f10x_cl.o(.text)
    TIM1_BRK_IRQHandler                      0x0800017f   Thumb Code     0  startup_stm32f10x_cl.o(.text)
    TIM1_CC_IRQHandler                       0x0800017f   Thumb Code     0  startup_stm32f10x_cl.o(.text)
    TIM1_TRG_COM_IRQHandler                  0x0800017f   Thumb Code     0  startup_stm32f10x_cl.o(.text)
    TIM1_UP_IRQHandler                       0x0800017f   Thumb Code     0  startup_stm32f10x_cl.o(.text)
    TIM2_IRQHandler                          0x0800017f   Thumb Code     0  startup_stm32f10x_cl.o(.text)
    TIM3_IRQHandler                          0x0800017f   Thumb Code     0  startup_stm32f10x_cl.o(.text)
    TIM4_IRQHandler                          0x0800017f   Thumb Code     0  startup_stm32f10x_cl.o(.text)
    TIM5_IRQHandler                          0x0800017f   Thumb Code     0  startup_stm32f10x_cl.o(.text)
    TIM6_IRQHandler                          0x0800017f   Thumb Code     0  startup_stm32f10x_cl.o(.text)
    TIM7_IRQHandler                          0x0800017f   Thumb Code     0  startup_stm32f10x_cl.o(.text)
    UART4_IRQHandler                         0x0800017f   Thumb Code     0  startup_stm32f10x_cl.o(.text)
    UART5_IRQHandler                         0x0800017f   Thumb Code     0  startup_stm32f10x_cl.o(.text)
    USART1_IRQHandler                        0x0800017f   Thumb Code     0  startup_stm32f10x_cl.o(.text)
    USART2_IRQHandler                        0x0800017f   Thumb Code     0  startup_stm32f10x_cl.o(.text)
    USART3_IRQHandler                        0x0800017f   Thumb Code     0  startup_stm32f10x_cl.o(.text)
    WWDG_IRQHandler                          0x0800017f   Thumb Code     0  startup_stm32f10x_cl.o(.text)
    __scatterload                            0x08000189   Thumb Code    28  init.o(.text)
    __scatterload_rt2                        0x08000189   Thumb Code     0  init.o(.text)
    __decompress                             0x080001ad   Thumb Code     0  __dczerorl2.o(.text)
    __decompress1                            0x080001ad   Thumb Code    92  __dczerorl2.o(.text)
    ADC_Cmd                                  0x08000209   Thumb Code    20  stm32f10x_adc.o(i.ADC_Cmd)
    ADC_Configuration                        0x0800021d   Thumb Code   188  hw_config.o(i.ADC_Configuration)
    ADC_DMACmd                               0x080002e5   Thumb Code    20  stm32f10x_adc.o(i.ADC_DMACmd)
    ADC_GetCalibrationStatus                 0x080002f9   Thumb Code    14  stm32f10x_adc.o(i.ADC_GetCalibrationStatus)
    ADC_GetResetCalibrationStatus            0x08000307   Thumb Code    14  stm32f10x_adc.o(i.ADC_GetResetCalibrationStatus)
    ADC_Init                                 0x08000315   Thumb Code    62  stm32f10x_adc.o(i.ADC_Init)
    ADC_RegularChannelConfig                 0x0800035d   Thumb Code   116  stm32f10x_adc.o(i.ADC_RegularChannelConfig)
    ADC_ResetCalibration                     0x080003d1   Thumb Code    10  stm32f10x_adc.o(i.ADC_ResetCalibration)
    ADC_SoftwareStartConvCmd                 0x080003db   Thumb Code    20  stm32f10x_adc.o(i.ADC_SoftwareStartConvCmd)
    ADC_StartCalibration                     0x080003ef   Thumb Code    10  stm32f10x_adc.o(i.ADC_StartCalibration)
    BusFault_Handler                         0x080003f9   Thumb Code     2  stm32f10x_it.o(i.BusFault_Handler)
    ByteSwap                                 0x080003fb   Thumb Code    10  otgd_fs_dev.o(i.ByteSwap)
    CustomHID_Data_Setup                     0x08000405   Thumb Code   100  usb_prop.o(i.CustomHID_Data_Setup)
    CustomHID_GetCompatIDDescriptor          0x08000481   Thumb Code     6  usb_prop.o(i.CustomHID_GetCompatIDDescriptor)
    CustomHID_GetConfigDescriptor            0x0800048d   Thumb Code     6  usb_prop.o(i.CustomHID_GetConfigDescriptor)
    CustomHID_GetDeviceDescriptor            0x08000499   Thumb Code     6  usb_prop.o(i.CustomHID_GetDeviceDescriptor)
    CustomHID_GetExtPropDescriptor           0x080004a5   Thumb Code     6  usb_prop.o(i.CustomHID_GetExtPropDescriptor)
    CustomHID_GetHIDDescriptor               0x080004b1   Thumb Code     2  usb_prop.o(i.CustomHID_GetHIDDescriptor)
    CustomHID_GetProtocolValue               0x080004b5   Thumb Code    18  usb_prop.o(i.CustomHID_GetProtocolValue)
    CustomHID_GetReportDescriptor            0x080004d1   Thumb Code     6  usb_prop.o(i.CustomHID_GetReportDescriptor)
    CustomHID_GetStringDescriptor            0x080004dd   Thumb Code    34  usb_prop.o(i.CustomHID_GetStringDescriptor)
    CustomHID_Get_Interface_Setting          0x08000509   Thumb Code    10  usb_prop.o(i.CustomHID_Get_Interface_Setting)
    CustomHID_NoData_Setup                   0x08000515   Thumb Code    26  usb_prop.o(i.CustomHID_NoData_Setup)
    CustomHID_Reset                          0x08000535   Thumb Code    46  usb_prop.o(i.CustomHID_Reset)
    CustomHID_SetConfiguration               0x08000571   Thumb Code    26  usb_prop.o(i.CustomHID_SetConfiguration)
    CustomHID_SetDeviceAddress               0x08000599   Thumb Code     8  usb_prop.o(i.CustomHID_SetDeviceAddress)
    CustomHID_SetProtocol                    0x080005a5   Thumb Code    14  usb_prop.o(i.CustomHID_SetProtocol)
    CustomHID_Status_In                      0x080005bd   Thumb Code     2  usb_prop.o(i.CustomHID_Status_In)
    CustomHID_Status_Out                     0x080005bf   Thumb Code     2  usb_prop.o(i.CustomHID_Status_Out)
    CustomHID_init                           0x080005c1   Thumb Code    28  usb_prop.o(i.CustomHID_init)
    DMA1_Channel1_IRQHandler                 0x080005e5   Thumb Code    60  stm32f10x_it.o(i.DMA1_Channel1_IRQHandler)
    DMA_ClearFlag                            0x08000631   Thumb Code    16  stm32f10x_dma.o(i.DMA_ClearFlag)
    DMA_Cmd                                  0x08000649   Thumb Code    22  stm32f10x_dma.o(i.DMA_Cmd)
    DMA_DeInit                               0x08000661   Thumb Code   218  stm32f10x_dma.o(i.DMA_DeInit)
    DMA_ITConfig                             0x08000745   Thumb Code    16  stm32f10x_dma.o(i.DMA_ITConfig)
    DMA_Init                                 0x08000755   Thumb Code    58  stm32f10x_dma.o(i.DMA_Init)
    DebugMon_Handler                         0x08000a5d   Thumb Code     2  stm32f10x_it.o(i.DebugMon_Handler)
    EP1_IN_Callback                          0x08000a61   Thumb Code     8  usb_endp.o(i.EP1_IN_Callback)
    EP1_OUT_Callback                         0x08000a6d   Thumb Code   104  usb_endp.o(i.EP1_OUT_Callback)
    EXTI15_10_IRQHandler                     0x08000ad9   Thumb Code    74  stm32f10x_it.o(i.EXTI15_10_IRQHandler)
    EXTI9_5_IRQHandler                       0x08000b2d   Thumb Code    74  stm32f10x_it.o(i.EXTI9_5_IRQHandler)
    EXTI_ClearITPendingBit                   0x08000b81   Thumb Code     6  stm32f10x_exti.o(i.EXTI_ClearITPendingBit)
    EXTI_Configuration                       0x08000b8d   Thumb Code    72  hw_config.o(i.EXTI_Configuration)
    EXTI_GetITStatus                         0x08000bd5   Thumb Code    28  stm32f10x_exti.o(i.EXTI_GetITStatus)
    EXTI_Init                                0x08000bf5   Thumb Code   108  stm32f10x_exti.o(i.EXTI_Init)
    Enter_LowPowerMode                       0x08000c65   Thumb Code     8  hw_config.o(i.Enter_LowPowerMode)
    GPIO_Configuration                       0x08000c71   Thumb Code    32  hw_config.o(i.GPIO_Configuration)
    GPIO_EXTILineConfig                      0x08000c95   Thumb Code    34  stm32f10x_gpio.o(i.GPIO_EXTILineConfig)
    GPIO_Init                                0x08000cbd   Thumb Code   164  stm32f10x_gpio.o(i.GPIO_Init)
    GPIO_ReadInputDataBit                    0x08000d61   Thumb Code    14  stm32f10x_gpio.o(i.GPIO_ReadInputDataBit)
    Get_SerialNum                            0x08000d71   Thumb Code    44  hw_config.o(i.Get_SerialNum)
    HardFault_Handler                        0x08000da5   Thumb Code     2  stm32f10x_it.o(i.HardFault_Handler)
    In0_Process                              0x08000da9   Thumb Code    80  usb_core.o(i.In0_Process)
    Leave_LowPowerMode                       0x08000e3d   Thumb Code    18  hw_config.o(i.Leave_LowPowerMode)
    MemManage_Handler                        0x08000e59   Thumb Code     2  stm32f10x_it.o(i.MemManage_Handler)
    NMI_Handler                              0x08000e5b   Thumb Code     2  stm32f10x_it.o(i.NMI_Handler)
    NOP_Process                              0x08000e5d   Thumb Code     2  usb_core.o(i.NOP_Process)
    NVIC_Init                                0x08000e61   Thumb Code    90  misc.o(i.NVIC_Init)
    NVIC_PriorityGroupConfig                 0x08000ec5   Thumb Code    10  misc.o(i.NVIC_PriorityGroupConfig)
    OTGD_FS_CoreInit                         0x08000fa5   Thumb Code   126  otgd_fs_cal.o(i.OTGD_FS_CoreInit)
    OTGD_FS_CoreInitDev                      0x08001029   Thumb Code   204  otgd_fs_cal.o(i.OTGD_FS_CoreInitDev)
    OTGD_FS_DisableGlobalInt                 0x080010f9   Thumb Code    16  otgd_fs_cal.o(i.OTGD_FS_DisableGlobalInt)
    OTGD_FS_EP0Activate                      0x0800110d   Thumb Code    26  otgd_fs_cal.o(i.OTGD_FS_EP0Activate)
    OTGD_FS_EP0StartXfer                     0x0800112d   Thumb Code   144  otgd_fs_cal.o(i.OTGD_FS_EP0StartXfer)
    OTGD_FS_EPActivate                       0x080011c1   Thumb Code    84  otgd_fs_cal.o(i.OTGD_FS_EPActivate)
    OTGD_FS_EPClearStall                     0x08001219   Thumb Code    52  otgd_fs_cal.o(i.OTGD_FS_EPClearStall)
    OTGD_FS_EPSetStall                       0x08001251   Thumb Code    50  otgd_fs_cal.o(i.OTGD_FS_EPSetStall)
    OTGD_FS_EPStartXfer                      0x08001289   Thumb Code   290  otgd_fs_cal.o(i.OTGD_FS_EPStartXfer)
    OTGD_FS_EnableDevInt                     0x080013b1   Thumb Code    24  otgd_fs_cal.o(i.OTGD_FS_EnableDevInt)
    OTGD_FS_EnableGlobalInt                  0x080013d1   Thumb Code    16  otgd_fs_cal.o(i.OTGD_FS_EnableGlobalInt)
    OTGD_FS_FlushRxFifo                      0x080013e5   Thumb Code    52  otgd_fs_cal.o(i.OTGD_FS_FlushRxFifo)
    OTGD_FS_FlushTxFifo                      0x08001421   Thumb Code    60  otgd_fs_cal.o(i.OTGD_FS_FlushTxFifo)
    OTGD_FS_GetEPStatus                      0x08001465   Thumb Code    74  otgd_fs_cal.o(i.OTGD_FS_GetEPStatus)
    OTGD_FS_Handle_EnumDone_ISR              0x080014b5   Thumb Code    38  otgd_fs_int.o(i.OTGD_FS_Handle_EnumDone_ISR)
    OTGD_FS_Handle_InEP_ISR                  0x080014e1   Thumb Code   240  otgd_fs_int.o(i.OTGD_FS_Handle_InEP_ISR)
    OTGD_FS_Handle_OutEP_ISR                 0x080015dd   Thumb Code   154  otgd_fs_int.o(i.OTGD_FS_Handle_OutEP_ISR)
    OTGD_FS_Handle_RxStatusQueueLevel_ISR    0x08001685   Thumb Code   194  otgd_fs_int.o(i.OTGD_FS_Handle_RxStatusQueueLevel_ISR)
    OTGD_FS_Handle_Sof_ISR                   0x08001755   Thumb Code    18  otgd_fs_int.o(i.OTGD_FS_Handle_Sof_ISR)
    OTGD_FS_Handle_USBSuspend_ISR            0x0800176d   Thumb Code    20  otgd_fs_int.o(i.OTGD_FS_Handle_USBSuspend_ISR)
    OTGD_FS_Handle_UsbReset_ISR              0x08001785   Thumb Code   118  otgd_fs_int.o(i.OTGD_FS_Handle_UsbReset_ISR)
    OTGD_FS_Handle_Wakeup_ISR                0x08001805   Thumb Code    20  otgd_fs_int.o(i.OTGD_FS_Handle_Wakeup_ISR)
    OTGD_FS_ReadCoreItr                      0x0800181d   Thumb Code    12  otgd_fs_cal.o(i.OTGD_FS_ReadCoreItr)
    OTGD_FS_ReadDevAllInEPItr                0x0800182d   Thumb Code    14  otgd_fs_cal.o(i.OTGD_FS_ReadDevAllInEPItr)
    OTGD_FS_ReadDevAllOutEp_itr              0x08001841   Thumb Code    14  otgd_fs_cal.o(i.OTGD_FS_ReadDevAllOutEp_itr)
    OTGD_FS_ReadDevOutEP_itr                 0x08001855   Thumb Code    20  otgd_fs_cal.o(i.OTGD_FS_ReadDevOutEP_itr)
    OTGD_FS_ReadPacket                       0x0800186d   Thumb Code    26  otgd_fs_cal.o(i.OTGD_FS_ReadPacket)
    OTGD_FS_ResetRemoteWakeup                0x0800188d   Thumb Code    14  otgd_fs_cal.o(i.OTGD_FS_ResetRemoteWakeup)
    OTGD_FS_SetAddress                       0x080018a1   Thumb Code    74  otgd_fs_cal.o(i.OTGD_FS_SetAddress)
    OTGD_FS_SetEPStatus                      0x080018f1   Thumb Code   114  otgd_fs_cal.o(i.OTGD_FS_SetEPStatus)
    OTGD_FS_SetRemoteWakeup                  0x08001969   Thumb Code    14  otgd_fs_cal.o(i.OTGD_FS_SetRemoteWakeup)
    OTGD_FS_WritePacket                      0x0800197d   Thumb Code    36  otgd_fs_cal.o(i.OTGD_FS_WritePacket)
    OTG_DEV_EP_Init                          0x080019a5   Thumb Code    62  otgd_fs_dev.o(i.OTG_DEV_EP_Init)
    OTG_DEV_GetEPRxStatus                    0x080019e3   Thumb Code    18  otgd_fs_dev.o(i.OTG_DEV_GetEPRxStatus)
    OTG_DEV_GetEPTxStatus                    0x080019f5   Thumb Code    18  otgd_fs_dev.o(i.OTG_DEV_GetEPTxStatus)
    OTG_DEV_Init                             0x08001a07   Thumb Code    60  otgd_fs_dev.o(i.OTG_DEV_Init)
    OTG_DEV_SetEPRxStatus                    0x08001a43   Thumb Code    22  otgd_fs_dev.o(i.OTG_DEV_SetEPRxStatus)
    OTG_DEV_SetEPTxStatus                    0x08001a59   Thumb Code    36  otgd_fs_dev.o(i.OTG_DEV_SetEPTxStatus)
    OTG_FS_IRQHandler                        0x08001a7d   Thumb Code     4  stm32f10x_it.o(i.OTG_FS_IRQHandler)
    Out0_Process                             0x08001a81   Thumb Code    62  usb_core.o(i.Out0_Process)
    PCD_EP0_OutStart                         0x08001ac9   Thumb Code    10  otgd_fs_pcd.o(i.PCD_EP0_OutStart)
    PCD_EP_ClrStall                          0x08001add   Thumb Code    38  otgd_fs_pcd.o(i.PCD_EP_ClrStall)
    PCD_EP_Flush                             0x08001b03   Thumb Code    38  otgd_fs_pcd.o(i.PCD_EP_Flush)
    PCD_EP_Open                              0x08001b29   Thumb Code    64  otgd_fs_pcd.o(i.PCD_EP_Open)
    PCD_EP_Read                              0x08001b69   Thumb Code    58  otgd_fs_pcd.o(i.PCD_EP_Read)
    PCD_EP_SetAddress                        0x08001ba5   Thumb Code    18  otgd_fs_pcd.o(i.PCD_EP_SetAddress)
    PCD_EP_Write                             0x08001bbd   Thumb Code    44  otgd_fs_pcd.o(i.PCD_EP_Write)
    PCD_GetInEP                              0x08001be9   Thumb Code    14  otgd_fs_pcd.o(i.PCD_GetInEP)
    PCD_GetOutEP                             0x08001bfd   Thumb Code    16  otgd_fs_pcd.o(i.PCD_GetOutEP)
    PCD_Init                                 0x08001c11   Thumb Code   112  otgd_fs_pcd.o(i.PCD_Init)
    PendSV_Handler                           0x08001d0d   Thumb Code     2  stm32f10x_it.o(i.PendSV_Handler)
    Post0_Process                            0x08001d11   Thumb Code   108  usb_core.o(i.Post0_Process)
    PowerOn                                  0x08001d8d   Thumb Code     4  usb_pwr.o(i.PowerOn)
    RCC_ADCCLKConfig                         0x08001d91   Thumb Code    14  stm32f10x_rcc.o(i.RCC_ADCCLKConfig)
    RCC_AHBPeriphClockCmd                    0x08001da5   Thumb Code    18  stm32f10x_rcc.o(i.RCC_AHBPeriphClockCmd)
    RCC_APB2PeriphClockCmd                   0x08001dbd   Thumb Code    18  stm32f10x_rcc.o(i.RCC_APB2PeriphClockCmd)
    RCC_GetClocksFreq                        0x08001dd5   Thumb Code   182  stm32f10x_rcc.o(i.RCC_GetClocksFreq)
    RCC_OTGFSCLKConfig                       0x08001ea1   Thumb Code     6  stm32f10x_rcc.o(i.RCC_OTGFSCLKConfig)
    Resume                                   0x08001ead   Thumb Code    90  usb_pwr.o(i.Resume)
    STM32_PCD_OTG_ISR_Handler                0x08001f0d   Thumb Code   126  usb_istr.o(i.STM32_PCD_OTG_ISR_Handler)
    STM_EVAL_LEDInit                         0x08001f95   Thumb Code    54  stm32_eval.o(i.STM_EVAL_LEDInit)
    STM_EVAL_LEDOff                          0x08001fd5   Thumb Code    16  stm32_eval.o(i.STM_EVAL_LEDOff)
    STM_EVAL_LEDOn                           0x08001fed   Thumb Code    16  stm32_eval.o(i.STM_EVAL_LEDOn)
    STM_EVAL_PBGetState                      0x08002005   Thumb Code    16  stm32_eval.o(i.STM_EVAL_PBGetState)
    STM_EVAL_PBInit                          0x0800201d   Thumb Code   154  stm32_eval.o(i.STM_EVAL_PBInit)
    SVC_Handler                              0x080020c1   Thumb Code     2  stm32f10x_it.o(i.SVC_Handler)
    SetEPRxCount                             0x080020c3   Thumb Code     2  otgd_fs_dev.o(i.SetEPRxCount)
    SetEPTxCount                             0x080020c5   Thumb Code     2  otgd_fs_dev.o(i.SetEPTxCount)
    SetEPTxStatus                            0x080020c7   Thumb Code     4  otgd_fs_dev.o(i.SetEPTxStatus)
    Set_System                               0x08002185   Thumb Code    66  hw_config.o(i.Set_System)
    Set_USBClock                             0x080021c7   Thumb Code    20  hw_config.o(i.Set_USBClock)
    Setup0_Process                           0x080021dd   Thumb Code    80  usb_core.o(i.Setup0_Process)
    Standard_ClearFeature                    0x08002231   Thumb Code   176  usb_core.o(i.Standard_ClearFeature)
    Standard_GetConfiguration                0x080022f1   Thumb Code    30  usb_core.o(i.Standard_GetConfiguration)
    Standard_GetDescriptorData               0x08002319   Thumb Code    24  usb_core.o(i.Standard_GetDescriptorData)
    Standard_GetInterface                    0x08002335   Thumb Code    30  usb_core.o(i.Standard_GetInterface)
    Standard_GetStatus                       0x0800235d   Thumb Code   126  usb_core.o(i.Standard_GetStatus)
    Standard_SetConfiguration                0x080023e9   Thumb Code    42  usb_core.o(i.Standard_SetConfiguration)
    Standard_SetDeviceFeature                0x08002421   Thumb Code    26  usb_core.o(i.Standard_SetDeviceFeature)
    Standard_SetEndPointFeature              0x08002445   Thumb Code    92  usb_core.o(i.Standard_SetEndPointFeature)
    Standard_SetInterface                    0x080024ad   Thumb Code    60  usb_core.o(i.Standard_SetInterface)
    Suspend                                  0x080024f5   Thumb Code     4  usb_pwr.o(i.Suspend)
    SysTick_CLKSourceConfig                  0x080024f9   Thumb Code    24  misc.o(i.SysTick_CLKSourceConfig)
    SysTick_Handler                          0x08002511   Thumb Code     2  stm32f10x_it.o(i.SysTick_Handler)
    SystemInit                               0x08002515   Thumb Code    76  system_stm32f10x.o(i.SystemInit)
    USBD_FS_IsDeviceMode                     0x08002571   Thumb Code    14  otgd_fs_cal.o(i.USBD_FS_IsDeviceMode)
    USB_Init                                 0x08002585   Thumb Code    22  usb_init.o(i.USB_Init)
    USB_Interrupts_Config                    0x080025ad   Thumb Code    90  hw_config.o(i.USB_Interrupts_Config)
    USB_OTG_BSP_uDelay                       0x08002609   Thumb Code    86  hw_config.o(i.USB_OTG_BSP_uDelay)
    USB_SIL_Init                             0x08002669   Thumb Code    10  usb_sil.o(i.USB_SIL_Init)
    USB_SIL_Read                             0x08002673   Thumb Code    26  usb_sil.o(i.USB_SIL_Read)
    USB_SIL_Write                            0x0800268d   Thumb Code    10  usb_sil.o(i.USB_SIL_Write)
    UsageFault_Handler                       0x08002697   Thumb Code     2  stm32f10x_it.o(i.UsageFault_Handler)
    __scatterload_copy                       0x08002699   Thumb Code    14  handlers.o(i.__scatterload_copy)
    __scatterload_null                       0x080026a7   Thumb Code     2  handlers.o(i.__scatterload_null)
    __scatterload_zeroinit                   0x080026a9   Thumb Code    14  handlers.o(i.__scatterload_zeroinit)
    main                                     0x080026b7   Thumb Code    18  main.o(i.main)
    CustomHID_DeviceDescriptor               0x080026c8   Data          18  usb_desc.o(.constdata)
    CustomHID_ConfigDescriptor               0x080026da   Data          41  usb_desc.o(.constdata)
    CustomHID_ReportDescriptor               0x08002703   Data         163  usb_desc.o(.constdata)
    CustomHID_StringLangID                   0x080027a6   Data           4  usb_desc.o(.constdata)
    CustomHID_StringVendor                   0x080027aa   Data          38  usb_desc.o(.constdata)
    CustomHID_StringProduct                  0x080027d0   Data          32  usb_desc.o(.constdata)
    COM_TX_PIN                               0x080027f0   Data           2  stm32_eval.o(.constdata)
    COM_RX_PIN                               0x080027f2   Data           2  stm32_eval.o(.constdata)
    COM_USART_CLK                            0x080027f4   Data           4  stm32_eval.o(.constdata)
    COM_TX_PORT_CLK                          0x080027f8   Data           4  stm32_eval.o(.constdata)
    COM_RX_PORT_CLK                          0x080027fc   Data           4  stm32_eval.o(.constdata)
    BUTTON_PIN                               0x08002800   Data           6  stm32_eval.o(.constdata)
    BUTTON_EXTI_LINE                         0x08002806   Data           6  stm32_eval.o(.constdata)
    BUTTON_PORT_SOURCE                       0x0800280c   Data           6  stm32_eval.o(.constdata)
    BUTTON_PIN_SOURCE                        0x08002812   Data           6  stm32_eval.o(.constdata)
    BUTTON_IRQn                              0x08002818   Data           6  stm32_eval.o(.constdata)
    GPIO_PIN                                 0x0800281e   Data           8  stm32_eval.o(.constdata)
    GPIO_CLK                                 0x08002828   Data          16  stm32_eval.o(.constdata)
    BUTTON_CLK                               0x08002838   Data          12  stm32_eval.o(.constdata)
    Region$$Table$$Base                      0x08002844   Number         0  anon$$obj.o(Region$$Table)
    Region$$Table$$Limit                     0x08002864   Number         0  anon$$obj.o(Region$$Table)
    ADC_ConvertedValueX                      0x20000000   Data           4  hw_config.o(.data)
    ADC_ConvertedValueX_1                    0x20000004   Data           4  hw_config.o(.data)
    PrevXferComplete                         0x20000008   Data           1  main.o(.data)
    Send_Buffer                              0x20000009   Data           2  stm32f10x_it.o(.data)
    CustomHID_StringSerial                   0x2000000b   Data          26  usb_desc.o(.data)
    CustomHID_StringWinUSB                   0x20000025   Data          18  usb_desc.o(.data)
    USBD_CompatIDDesc                        0x20000038   Data          40  usb_desc.o(.data)
    USBD_ExtPropertiesDesc                   0x20000060   Data         148  usb_desc.o(.data)
    Receive_Buffer                           0x200000f4   Data           2  usb_endp.o(.data)
    bIntPackSOF                              0x200000f6   Data           1  usb_istr.o(.data)
    pEpInt_IN                                0x200000f8   Data          28  usb_istr.o(.data)
    pEpInt_OUT                               0x20000114   Data          28  usb_istr.o(.data)
    Device_Table                             0x20000130   Data           2  usb_prop.o(.data)
    Device_Property                          0x20000134   Data          48  usb_prop.o(.data)
    User_Standard_Requests                   0x20000164   Data          36  usb_prop.o(.data)
    ProtocolValue                            0x20000188   Data           4  usb_prop.o(.data)
    Device_Descriptor                        0x2000018c   Data           8  usb_prop.o(.data)
    Config_Descriptor                        0x20000194   Data           8  usb_prop.o(.data)
    CustomHID_Report_Descriptor              0x2000019c   Data           8  usb_prop.o(.data)
    CustomHID_CompatID_Descriptor            0x200001a4   Data           8  usb_prop.o(.data)
    CustomHID_ExtProperties_Descriptor       0x200001ac   Data           8  usb_prop.o(.data)
    String_Descriptor                        0x200001b4   Data          40  usb_prop.o(.data)
    bDeviceState                             0x200001dc   Data           4  usb_pwr.o(.data)
    fSuspendEnabled                          0x200001e0   Data           1  usb_pwr.o(.data)
    ResumeS                                  0x200001e1   Data           2  usb_pwr.o(.data)
    pInformation                             0x200001e4   Data           4  usb_init.o(.data)
    pProperty                                0x200001e8   Data           4  usb_init.o(.data)
    pUser_Standard_Requests                  0x200001ec   Data           4  usb_init.o(.data)
    IsocBuff                                 0x200001f0   Data           2  otgd_fs_int.o(.data)
    SaveRState                               0x200001f2   Data           2  otgd_fs_int.o(.data)
    SaveTState                               0x200001f4   Data           2  otgd_fs_int.o(.data)
    IsocBufferIdx                            0x200001f8   Data           4  otgd_fs_int.o(.data)
    Data_Mul_MaxPacketSize                   0x200001fc   Data           1  usb_core.o(.data)
    StatusInfo                               0x200001fe   Data           2  usb_core.o(.data)
    COM_USART                                0x20000214   Data           4  stm32_eval.o(.data)
    COM_TX_PORT                              0x20000218   Data           4  stm32_eval.o(.data)
    COM_RX_PORT                              0x2000021c   Data           4  stm32_eval.o(.data)
    GPIO_PORT                                0x20000220   Data          16  stm32_eval.o(.data)
    BUTTON_PORT                              0x20000230   Data          12  stm32_eval.o(.data)
    Device_Info                              0x2000023c   Data          28  usb_init.o(.bss)
    USB_OTG_FS_regs                          0x20000258   Data          60  otgd_fs_cal.o(.bss)
    USBD_Data_Buffer                         0x20000294   Data         128  otgd_fs_int.o(.bss)
    USB_OTG_PCD_dev                          0x20000314   Data         224  otgd_fs_pcd.o(.bss)
    __initial_sp                             0x200007f8   Data           0  startup_stm32f10x_cl.o(STACK)



==============================================================================

Memory Map of the image

  Image Entry point : 0x08000151

  Load Region LR_IROM1 (Base: 0x08000000, Size: 0x00002aa0, Max: 0x00040000, ABSOLUTE, COMPRESSED[0x00002998])

    Execution Region ER_IROM1 (Base: 0x08000000, Size: 0x00002864, Max: 0x00040000, ABSOLUTE)

    Base Addr    Size         Type   Attr      Idx    E Section Name        Object

    0x08000000   0x00000150   Data   RO         2909    RESET               startup_stm32f10x_cl.o
    0x08000150   0x00000000   Code   RO         3040  * .ARM.Collect$$$$00000000  mc_w.l(entry.o)
    0x08000150   0x00000004   Code   RO         3043    .ARM.Collect$$$$00000001  mc_w.l(entry2.o)
    0x08000154   0x00000004   Code   RO         3046    .ARM.Collect$$$$00000004  mc_w.l(entry5.o)
    0x08000158   0x00000000   Code   RO         3048    .ARM.Collect$$$$00000008  mc_w.l(entry7b.o)
    0x08000158   0x00000008   Code   RO         3049    .ARM.Collect$$$$00000009  mc_w.l(entry8.o)
    0x08000160   0x00000004   Code   RO         3044    .ARM.Collect$$$$00002712  mc_w.l(entry2.o)
    0x08000164   0x00000024   Code   RO         2910    .text               startup_stm32f10x_cl.o
    0x08000188   0x00000024   Code   RO         3050    .text               mc_w.l(init.o)
    0x080001ac   0x0000005c   Code   RO         3060    .text               mc_w.l(__dczerorl2.o)
    0x08000208   0x00000014   Code   RO         1679    i.ADC_Cmd           stm32f10x_adc.o
    0x0800021c   0x000000c8   Code   RO          122    i.ADC_Configuration  hw_config.o
    0x080002e4   0x00000014   Code   RO         1680    i.ADC_DMACmd        stm32f10x_adc.o
    0x080002f8   0x0000000e   Code   RO         1687    i.ADC_GetCalibrationStatus  stm32f10x_adc.o
    0x08000306   0x0000000e   Code   RO         1693    i.ADC_GetResetCalibrationStatus  stm32f10x_adc.o
    0x08000314   0x00000048   Code   RO         1697    i.ADC_Init          stm32f10x_adc.o
    0x0800035c   0x00000074   Code   RO         1701    i.ADC_RegularChannelConfig  stm32f10x_adc.o
    0x080003d0   0x0000000a   Code   RO         1702    i.ADC_ResetCalibration  stm32f10x_adc.o
    0x080003da   0x00000014   Code   RO         1704    i.ADC_SoftwareStartConvCmd  stm32f10x_adc.o
    0x080003ee   0x0000000a   Code   RO         1706    i.ADC_StartCalibration  stm32f10x_adc.o
    0x080003f8   0x00000002   Code   RO          290    i.BusFault_Handler  stm32f10x_it.o
    0x080003fa   0x0000000a   Code   RO          834    i.ByteSwap          otgd_fs_dev.o
    0x08000404   0x0000007c   Code   RO          448    i.CustomHID_Data_Setup  usb_prop.o
    0x08000480   0x0000000c   Code   RO          449    i.CustomHID_GetCompatIDDescriptor  usb_prop.o
    0x0800048c   0x0000000c   Code   RO          450    i.CustomHID_GetConfigDescriptor  usb_prop.o
    0x08000498   0x0000000c   Code   RO          451    i.CustomHID_GetDeviceDescriptor  usb_prop.o
    0x080004a4   0x0000000c   Code   RO          453    i.CustomHID_GetExtPropDescriptor  usb_prop.o
    0x080004b0   0x00000002   Code   RO          454    i.CustomHID_GetHIDDescriptor  usb_prop.o
    0x080004b2   0x00000002   PAD
    0x080004b4   0x0000001c   Code   RO          455    i.CustomHID_GetProtocolValue  usb_prop.o
    0x080004d0   0x0000000c   Code   RO          456    i.CustomHID_GetReportDescriptor  usb_prop.o
    0x080004dc   0x0000002c   Code   RO          457    i.CustomHID_GetStringDescriptor  usb_prop.o
    0x08000508   0x0000000a   Code   RO          458    i.CustomHID_Get_Interface_Setting  usb_prop.o
    0x08000512   0x00000002   PAD
    0x08000514   0x00000020   Code   RO          459    i.CustomHID_NoData_Setup  usb_prop.o
    0x08000534   0x0000003c   Code   RO          460    i.CustomHID_Reset   usb_prop.o
    0x08000570   0x00000028   Code   RO          461    i.CustomHID_SetConfiguration  usb_prop.o
    0x08000598   0x0000000c   Code   RO          462    i.CustomHID_SetDeviceAddress  usb_prop.o
    0x080005a4   0x00000018   Code   RO          463    i.CustomHID_SetProtocol  usb_prop.o
    0x080005bc   0x00000002   Code   RO          464    i.CustomHID_Status_In  usb_prop.o
    0x080005be   0x00000002   Code   RO          465    i.CustomHID_Status_Out  usb_prop.o
    0x080005c0   0x00000024   Code   RO          466    i.CustomHID_init    usb_prop.o
    0x080005e4   0x0000004c   Code   RO          291    i.DMA1_Channel1_IRQHandler  stm32f10x_it.o
    0x08000630   0x00000018   Code   RO         1895    i.DMA_ClearFlag     stm32f10x_dma.o
    0x08000648   0x00000016   Code   RO         1897    i.DMA_Cmd           stm32f10x_dma.o
    0x0800065e   0x00000002   PAD
    0x08000660   0x000000e4   Code   RO         1898    i.DMA_DeInit        stm32f10x_dma.o
    0x08000744   0x00000010   Code   RO         1902    i.DMA_ITConfig      stm32f10x_dma.o
    0x08000754   0x0000003a   Code   RO         1903    i.DMA_Init          stm32f10x_dma.o
    0x0800078e   0x00000002   PAD
    0x08000790   0x000000ac   Code   RO         1163    i.DataStageIn       usb_core.o
    0x0800083c   0x0000008c   Code   RO         1164    i.DataStageOut      usb_core.o
    0x080008c8   0x00000194   Code   RO         1165    i.Data_Setup0       usb_core.o
    0x08000a5c   0x00000002   Code   RO          292    i.DebugMon_Handler  stm32f10x_it.o
    0x08000a5e   0x00000002   PAD
    0x08000a60   0x0000000c   Code   RO          405    i.EP1_IN_Callback   usb_endp.o
    0x08000a6c   0x0000006c   Code   RO          406    i.EP1_OUT_Callback  usb_endp.o
    0x08000ad8   0x00000054   Code   RO          293    i.EXTI15_10_IRQHandler  stm32f10x_it.o
    0x08000b2c   0x00000054   Code   RO          294    i.EXTI9_5_IRQHandler  stm32f10x_it.o
    0x08000b80   0x0000000c   Code   RO         1968    i.EXTI_ClearITPendingBit  stm32f10x_exti.o
    0x08000b8c   0x00000048   Code   RO          123    i.EXTI_Configuration  hw_config.o
    0x08000bd4   0x00000020   Code   RO         1972    i.EXTI_GetITStatus  stm32f10x_exti.o
    0x08000bf4   0x00000070   Code   RO         1973    i.EXTI_Init         stm32f10x_exti.o
    0x08000c64   0x0000000c   Code   RO          124    i.Enter_LowPowerMode  hw_config.o
    0x08000c70   0x00000024   Code   RO          125    i.GPIO_Configuration  hw_config.o
    0x08000c94   0x00000028   Code   RO         1562    i.GPIO_EXTILineConfig  stm32f10x_gpio.o
    0x08000cbc   0x000000a4   Code   RO         1565    i.GPIO_Init         stm32f10x_gpio.o
    0x08000d60   0x0000000e   Code   RO         1569    i.GPIO_ReadInputDataBit  stm32f10x_gpio.o
    0x08000d6e   0x00000002   PAD
    0x08000d70   0x00000034   Code   RO          126    i.Get_SerialNum     hw_config.o
    0x08000da4   0x00000002   Code   RO          295    i.HardFault_Handler  stm32f10x_it.o
    0x08000da6   0x00000002   PAD
    0x08000da8   0x0000005c   Code   RO         1166    i.In0_Process       usb_core.o
    0x08000e04   0x00000036   Code   RO          127    i.IntToUnicode      hw_config.o
    0x08000e3a   0x00000002   PAD
    0x08000e3c   0x0000001c   Code   RO          128    i.Leave_LowPowerMode  hw_config.o
    0x08000e58   0x00000002   Code   RO          296    i.MemManage_Handler  stm32f10x_it.o
    0x08000e5a   0x00000002   Code   RO          297    i.NMI_Handler       stm32f10x_it.o
    0x08000e5c   0x00000002   Code   RO         1167    i.NOP_Process       usb_core.o
    0x08000e5e   0x00000002   PAD
    0x08000e60   0x00000064   Code   RO            1    i.NVIC_Init         misc.o
    0x08000ec4   0x00000014   Code   RO            2    i.NVIC_PriorityGroupConfig  misc.o
    0x08000ed8   0x000000cc   Code   RO         1168    i.NoData_Setup0     usb_core.o
    0x08000fa4   0x00000084   Code   RO          663    i.OTGD_FS_CoreInit  otgd_fs_cal.o
    0x08001028   0x000000d0   Code   RO          664    i.OTGD_FS_CoreInitDev  otgd_fs_cal.o
    0x080010f8   0x00000014   Code   RO          665    i.OTGD_FS_DisableGlobalInt  otgd_fs_cal.o
    0x0800110c   0x00000020   Code   RO          666    i.OTGD_FS_EP0Activate  otgd_fs_cal.o
    0x0800112c   0x00000094   Code   RO          667    i.OTGD_FS_EP0StartXfer  otgd_fs_cal.o
    0x080011c0   0x00000058   Code   RO          668    i.OTGD_FS_EPActivate  otgd_fs_cal.o
    0x08001218   0x00000038   Code   RO          669    i.OTGD_FS_EPClearStall  otgd_fs_cal.o
    0x08001250   0x00000038   Code   RO          671    i.OTGD_FS_EPSetStall  otgd_fs_cal.o
    0x08001288   0x00000128   Code   RO          672    i.OTGD_FS_EPStartXfer  otgd_fs_cal.o
    0x080013b0   0x00000020   Code   RO          673    i.OTGD_FS_EnableDevInt  otgd_fs_cal.o
    0x080013d0   0x00000014   Code   RO          674    i.OTGD_FS_EnableGlobalInt  otgd_fs_cal.o
    0x080013e4   0x0000003c   Code   RO          675    i.OTGD_FS_FlushRxFifo  otgd_fs_cal.o
    0x08001420   0x00000044   Code   RO          676    i.OTGD_FS_FlushTxFifo  otgd_fs_cal.o
    0x08001464   0x00000050   Code   RO          677    i.OTGD_FS_GetEPStatus  otgd_fs_cal.o
    0x080014b4   0x0000002c   Code   RO          959    i.OTGD_FS_Handle_EnumDone_ISR  otgd_fs_int.o
    0x080014e0   0x000000fc   Code   RO          962    i.OTGD_FS_Handle_InEP_ISR  otgd_fs_int.o
    0x080015dc   0x000000a8   Code   RO          966    i.OTGD_FS_Handle_OutEP_ISR  otgd_fs_int.o
    0x08001684   0x000000d0   Code   RO          967    i.OTGD_FS_Handle_RxStatusQueueLevel_ISR  otgd_fs_int.o
    0x08001754   0x00000018   Code   RO          968    i.OTGD_FS_Handle_Sof_ISR  otgd_fs_int.o
    0x0800176c   0x00000018   Code   RO          969    i.OTGD_FS_Handle_USBSuspend_ISR  otgd_fs_int.o
    0x08001784   0x00000080   Code   RO          970    i.OTGD_FS_Handle_UsbReset_ISR  otgd_fs_int.o
    0x08001804   0x00000018   Code   RO          971    i.OTGD_FS_Handle_Wakeup_ISR  otgd_fs_int.o
    0x0800181c   0x00000010   Code   RO          678    i.OTGD_FS_ReadCoreItr  otgd_fs_cal.o
    0x0800182c   0x00000014   Code   RO          679    i.OTGD_FS_ReadDevAllInEPItr  otgd_fs_cal.o
    0x08001840   0x00000014   Code   RO          680    i.OTGD_FS_ReadDevAllOutEp_itr  otgd_fs_cal.o
    0x08001854   0x00000018   Code   RO          681    i.OTGD_FS_ReadDevOutEP_itr  otgd_fs_cal.o
    0x0800186c   0x00000020   Code   RO          683    i.OTGD_FS_ReadPacket  otgd_fs_cal.o
    0x0800188c   0x00000014   Code   RO          684    i.OTGD_FS_ResetRemoteWakeup  otgd_fs_cal.o
    0x080018a0   0x00000050   Code   RO          685    i.OTGD_FS_SetAddress  otgd_fs_cal.o
    0x080018f0   0x00000078   Code   RO          686    i.OTGD_FS_SetEPStatus  otgd_fs_cal.o
    0x08001968   0x00000014   Code   RO          687    i.OTGD_FS_SetRemoteWakeup  otgd_fs_cal.o
    0x0800197c   0x00000028   Code   RO          688    i.OTGD_FS_WritePacket  otgd_fs_cal.o
    0x080019a4   0x0000003e   Code   RO          839    i.OTG_DEV_EP_Init   otgd_fs_dev.o
    0x080019e2   0x00000012   Code   RO          840    i.OTG_DEV_GetEPRxStatus  otgd_fs_dev.o
    0x080019f4   0x00000012   Code   RO          841    i.OTG_DEV_GetEPTxStatus  otgd_fs_dev.o
    0x08001a06   0x0000003c   Code   RO          842    i.OTG_DEV_Init      otgd_fs_dev.o
    0x08001a42   0x00000016   Code   RO          843    i.OTG_DEV_SetEPRxStatus  otgd_fs_dev.o
    0x08001a58   0x00000024   Code   RO          844    i.OTG_DEV_SetEPTxStatus  otgd_fs_dev.o
    0x08001a7c   0x00000004   Code   RO          298    i.OTG_FS_IRQHandler  stm32f10x_it.o
    0x08001a80   0x00000048   Code   RO         1169    i.Out0_Process      usb_core.o
    0x08001ac8   0x00000014   Code   RO         1073    i.PCD_EP0_OutStart  otgd_fs_pcd.o
    0x08001adc   0x00000026   Code   RO         1075    i.PCD_EP_ClrStall   otgd_fs_pcd.o
    0x08001b02   0x00000026   Code   RO         1076    i.PCD_EP_Flush      otgd_fs_pcd.o
    0x08001b28   0x00000040   Code   RO         1077    i.PCD_EP_Open       otgd_fs_pcd.o
    0x08001b68   0x0000003a   Code   RO         1078    i.PCD_EP_Read       otgd_fs_pcd.o
    0x08001ba2   0x00000002   PAD
    0x08001ba4   0x00000018   Code   RO         1079    i.PCD_EP_SetAddress  otgd_fs_pcd.o
    0x08001bbc   0x0000002c   Code   RO         1081    i.PCD_EP_Write      otgd_fs_pcd.o
    0x08001be8   0x00000014   Code   RO         1082    i.PCD_GetInEP       otgd_fs_pcd.o
    0x08001bfc   0x00000014   Code   RO         1083    i.PCD_GetOutEP      otgd_fs_pcd.o
    0x08001c10   0x00000074   Code   RO         1084    i.PCD_Init          otgd_fs_pcd.o
    0x08001c84   0x00000088   Code   RO          972    i.PCD_WriteEmptyTxFifo  otgd_fs_int.o
    0x08001d0c   0x00000002   Code   RO          299    i.PendSV_Handler    stm32f10x_it.o
    0x08001d0e   0x00000002   PAD
    0x08001d10   0x0000007c   Code   RO         1170    i.Post0_Process     usb_core.o
    0x08001d8c   0x00000004   Code   RO          585    i.PowerOn           usb_pwr.o
    0x08001d90   0x00000014   Code   RO         1305    i.RCC_ADCCLKConfig  stm32f10x_rcc.o
    0x08001da4   0x00000018   Code   RO         1306    i.RCC_AHBPeriphClockCmd  stm32f10x_rcc.o
    0x08001dbc   0x00000018   Code   RO         1310    i.RCC_APB2PeriphClockCmd  stm32f10x_rcc.o
    0x08001dd4   0x000000cc   Code   RO         1318    i.RCC_GetClocksFreq  stm32f10x_rcc.o
    0x08001ea0   0x0000000c   Code   RO         1331    i.RCC_OTGFSCLKConfig  stm32f10x_rcc.o
    0x08001eac   0x00000060   Code   RO          586    i.Resume            usb_pwr.o
    0x08001f0c   0x00000088   Code   RO          427    i.STM32_PCD_OTG_ISR_Handler  usb_istr.o
    0x08001f94   0x00000040   Code   RO         2957    i.STM_EVAL_LEDInit  stm32_eval.o
    0x08001fd4   0x00000018   Code   RO         2958    i.STM_EVAL_LEDOff   stm32_eval.o
    0x08001fec   0x00000018   Code   RO         2959    i.STM_EVAL_LEDOn    stm32_eval.o
    0x08002004   0x00000018   Code   RO         2961    i.STM_EVAL_PBGetState  stm32_eval.o
    0x0800201c   0x000000a4   Code   RO         2962    i.STM_EVAL_PBInit   stm32_eval.o
    0x080020c0   0x00000002   Code   RO          300    i.SVC_Handler       stm32f10x_it.o
    0x080020c2   0x00000002   Code   RO          845    i.SetEPRxCount      otgd_fs_dev.o
    0x080020c4   0x00000002   Code   RO          848    i.SetEPTxCount      otgd_fs_dev.o
    0x080020c6   0x00000004   Code   RO          849    i.SetEPTxStatus     otgd_fs_dev.o
    0x080020ca   0x00000002   PAD
    0x080020cc   0x000000b8   Code   RO         2925    i.SetSysClockTo48   system_stm32f10x.o
    0x08002184   0x00000042   Code   RO          129    i.Set_System        hw_config.o
    0x080021c6   0x00000014   Code   RO          130    i.Set_USBClock      hw_config.o
    0x080021da   0x00000002   PAD
    0x080021dc   0x00000054   Code   RO         1172    i.Setup0_Process    usb_core.o
    0x08002230   0x000000c0   Code   RO         1173    i.Standard_ClearFeature  usb_core.o
    0x080022f0   0x00000028   Code   RO         1174    i.Standard_GetConfiguration  usb_core.o
    0x08002318   0x0000001c   Code   RO         1175    i.Standard_GetDescriptorData  usb_core.o
    0x08002334   0x00000028   Code   RO         1176    i.Standard_GetInterface  usb_core.o
    0x0800235c   0x0000008c   Code   RO         1177    i.Standard_GetStatus  usb_core.o
    0x080023e8   0x00000038   Code   RO         1178    i.Standard_SetConfiguration  usb_core.o
    0x08002420   0x00000024   Code   RO         1179    i.Standard_SetDeviceFeature  usb_core.o
    0x08002444   0x00000068   Code   RO         1180    i.Standard_SetEndPointFeature  usb_core.o
    0x080024ac   0x00000048   Code   RO         1181    i.Standard_SetInterface  usb_core.o
    0x080024f4   0x00000004   Code   RO          588    i.Suspend           usb_pwr.o
    0x080024f8   0x00000018   Code   RO            5    i.SysTick_CLKSourceConfig  misc.o
    0x08002510   0x00000002   Code   RO          301    i.SysTick_Handler   stm32f10x_it.o
    0x08002512   0x00000002   PAD
    0x08002514   0x0000005c   Code   RO         2927    i.SystemInit        system_stm32f10x.o
    0x08002570   0x00000014   Code   RO          689    i.USBD_FS_IsDeviceMode  otgd_fs_cal.o
    0x08002584   0x00000028   Code   RO          628    i.USB_Init          usb_init.o
    0x080025ac   0x0000005a   Code   RO          132    i.USB_Interrupts_Config  hw_config.o
    0x08002606   0x00000002   PAD
    0x08002608   0x00000060   Code   RO          133    i.USB_OTG_BSP_uDelay  hw_config.o
    0x08002668   0x0000000a   Code   RO         1281    i.USB_SIL_Init      usb_sil.o
    0x08002672   0x0000001a   Code   RO         1282    i.USB_SIL_Read      usb_sil.o
    0x0800268c   0x0000000a   Code   RO         1283    i.USB_SIL_Write     usb_sil.o
    0x08002696   0x00000002   Code   RO          302    i.UsageFault_Handler  stm32f10x_it.o
    0x08002698   0x0000000e   Code   RO         3054    i.__scatterload_copy  mc_w.l(handlers.o)
    0x080026a6   0x00000002   Code   RO         3055    i.__scatterload_null  mc_w.l(handlers.o)
    0x080026a8   0x0000000e   Code   RO         3056    i.__scatterload_zeroinit  mc_w.l(handlers.o)
    0x080026b6   0x00000012   Code   RO          270    i.main              main.o
    0x080026c8   0x00000012   Data   RO          384    .constdata          usb_desc.o
    0x080026da   0x00000029   Data   RO          385    .constdata          usb_desc.o
    0x08002703   0x000000a3   Data   RO          386    .constdata          usb_desc.o
    0x080027a6   0x00000004   Data   RO          387    .constdata          usb_desc.o
    0x080027aa   0x00000026   Data   RO          388    .constdata          usb_desc.o
    0x080027d0   0x00000020   Data   RO          389    .constdata          usb_desc.o
    0x080027f0   0x00000054   Data   RO         2967    .constdata          stm32_eval.o
    0x08002844   0x00000020   Data   RO         3052    Region$$Table       anon$$obj.o


    Execution Region RW_IRAM1 (Base: 0x20000000, Size: 0x000007f8, Max: 0x00010000, ABSOLUTE, COMPRESSED[0x00000134])

    Base Addr    Size         Type   Attr      Idx    E Section Name        Object

    0x20000000   0x00000004   Data   RW          134    .data               hw_config.o
    0x20000004   0x00000004   Data   RW          135    .data               hw_config.o
    0x20000008   0x00000001   Data   RW          271    .data               main.o
    0x20000009   0x00000002   Data   RW          303    .data               stm32f10x_it.o
    0x2000000b   0x0000001a   Data   RW          390    .data               usb_desc.o
    0x20000025   0x00000012   Data   RW          391    .data               usb_desc.o
    0x20000037   0x00000001   PAD
    0x20000038   0x00000028   Data   RW          392    .data               usb_desc.o
    0x20000060   0x00000094   Data   RW          393    .data               usb_desc.o
    0x200000f4   0x00000002   Data   RW          407    .data               usb_endp.o
    0x200000f6   0x00000001   Data   RW          428    .data               usb_istr.o
    0x200000f7   0x00000001   PAD
    0x200000f8   0x0000001c   Data   RW          429    .data               usb_istr.o
    0x20000114   0x0000001c   Data   RW          430    .data               usb_istr.o
    0x20000130   0x00000002   Data   RW          467    .data               usb_prop.o
    0x20000132   0x00000002   PAD
    0x20000134   0x00000030   Data   RW          468    .data               usb_prop.o
    0x20000164   0x00000024   Data   RW          469    .data               usb_prop.o
    0x20000188   0x00000054   Data   RW          470    .data               usb_prop.o
    0x200001dc   0x00000004   Data   RW          589    .data               usb_pwr.o
    0x200001e0   0x00000001   Data   RW          590    .data               usb_pwr.o
    0x200001e1   0x00000002   Data   RW          591    .data               usb_pwr.o
    0x200001e3   0x00000001   PAD
    0x200001e4   0x0000000c   Data   RW          631    .data               usb_init.o
    0x200001f0   0x0000000c   Data   RW          974    .data               otgd_fs_int.o
    0x200001fc   0x00000004   Data   RW         1182    .data               usb_core.o
    0x20000200   0x00000014   Data   RW         1346    .data               stm32f10x_rcc.o
    0x20000214   0x00000028   Data   RW         2968    .data               stm32_eval.o
    0x2000023c   0x0000001c   Zero   RW          629    .bss                usb_init.o
    0x20000258   0x0000003c   Zero   RW          690    .bss                otgd_fs_cal.o
    0x20000294   0x00000080   Zero   RW          973    .bss                otgd_fs_int.o
    0x20000314   0x000000e0   Zero   RW         1085    .bss                otgd_fs_pcd.o
    0x200003f4   0x00000004   PAD
    0x200003f8   0x00000400   Zero   RW         2907    STACK               startup_stm32f10x_cl.o


==============================================================================

Image component sizes


      Code (inc. data)   RO Data    RW Data    ZI Data      Debug   Object Name

       726         48          0          8          0      40081   hw_config.o
        18          0          0          1          0       1074   main.o
       144         20          0          0          0     277261   misc.o
      1708        138          0          0         60      18643   otgd_fs_cal.o
       234          0          0          0          0       6696   otgd_fs_dev.o
      1008         82          0         12        128       7985   otgd_fs_int.o
       442         30          0          0        224       7359   otgd_fs_pcd.o
        36          8        336          0       1024        936   startup_stm32f10x_cl.o
       300         44         84         40          0       4715   stm32_eval.o
       296         10          0          0          0       7933   stm32f10x_adc.o
       348         18          0          0          0       5009   stm32f10x_dma.o
       156         14          0          0          0       2384   stm32f10x_exti.o
       218          6          0          0          0       3338   stm32f10x_gpio.o
       266         36          0          2          0       6716   stm32f10x_it.o
       284         46          0         20          0       6709   stm32f10x_rcc.o
       276         32          0          0          0       1553   system_stm32f10x.o
      2002        222          0          4          0      15053   usb_core.o
         0          0        296        232          0       2680   usb_desc.o
       120          8          0          2          0       1817   usb_endp.o
        40         18          0         12         28       4230   usb_init.o
       136         10          0         57          0       1429   usb_istr.o
       476        130          0        170          0      13217   usb_prop.o
       104         12          0          7          0       2846   usb_pwr.o
        46          0          0          0          0       2306   usb_sil.o

    ----------------------------------------------------------------------
      9414        932        748        572       1468     441970   Object Totals
         0          0         32          0          0          0   (incl. Generated)
        30          0          0          5          4          0   (incl. Padding)

    ----------------------------------------------------------------------

      Code (inc. data)   RO Data    RW Data    ZI Data      Debug   Library Member Name

        92          0          0          0          0          0   __dczerorl2.o
         0          0          0          0          0          0   entry.o
         8          4          0          0          0          0   entry2.o
         4          0          0          0          0          0   entry5.o
         0          0          0          0          0          0   entry7b.o
         8          4          0          0          0          0   entry8.o
        30          0          0          0          0          0   handlers.o
        36          8          0          0          0         68   init.o

    ----------------------------------------------------------------------
       178         16          0          0          0         68   Library Totals
         0          0          0          0          0          0   (incl. Padding)

    ----------------------------------------------------------------------

      Code (inc. data)   RO Data    RW Data    ZI Data      Debug   Library Name

       178         16          0          0          0         68   mc_w.l

    ----------------------------------------------------------------------
       178         16          0          0          0         68   Library Totals

    ----------------------------------------------------------------------

==============================================================================


      Code (inc. data)   RO Data    RW Data    ZI Data      Debug   

      9592        948        748        572       1468     434030   Grand Totals
      9592        948        748        308       1468     434030   ELF Image Totals (compressed)
      9592        948        748        308          0          0   ROM Totals

==============================================================================

    Total RO  Size (Code + RO Data)                10340 (  10.10kB)
    Total RW  Size (RW Data + ZI Data)              2040 (   1.99kB)
    Total ROM Size (Code + RO Data + RW Data)      10648 (  10.40kB)

==============================================================================

