Build target 'STM3210C-EVAL'
compiling hw_config.c...
compiling stm32f10x_it.c...
compiling usb_endp.c...
compiling stm32_eval.c...
linking...
Program Size: Code=9532 RO-data=748 RW-data=348 ZI-data=1468  
".\STM3210C-EVAL\STM3210C-EVAL.axf" - 0 Error(s), 0 Warning(s).
Build target 'STM3210C-EVAL'
linking...
Program Size: Code=9532 RO-data=748 RW-data=348 ZI-data=1468  
".\STM3210C-EVAL\STM3210C-EVAL.axf" - 0 Error(s), 0 Warning(s).
Load "C:\\Users\\dkattan\\Documents\\Keil Projects\\STM32F1XX V3.3.0 (WinUSB)\\Project\\Custom_HID\\MDK-ARM\\STM3210C-EVAL\\STM3210C-EVAL.AXF" 
Build target 'STM3210C-EVAL'
linking...
Program Size: Code=9532 RO-data=748 RW-data=348 ZI-data=1468  
".\STM3210C-EVAL\STM3210C-EVAL.axf" - 0 Error(s), 0 Warning(s).
Load "C:\\Users\\dkattan\\Documents\\Keil Projects\\STM32F1XX V3.3.0 (WinUSB)\\Project\\Custom_HID\\MDK-ARM\\STM3210C-EVAL\\STM3210C-EVAL.AXF" 
Erase Done.
Programming Failed!
USB Communication Failure
Load "C:\\Users\\dkattan\\Documents\\Keil Projects\\STM32F1XX V3.3.0 (WinUSB)\\Project\\Custom_HID\\MDK-ARM\\STM3210C-EVAL\\STM3210C-EVAL.AXF" 
Erase Done.
Programming Done.
Verify OK.
Application running ...
Build target 'STM3210C-EVAL'
compiling system_stm32f10x.c...
linking...
Program Size: Code=9532 RO-data=748 RW-data=348 ZI-data=1468  
".\STM3210C-EVAL\STM3210C-EVAL.axf" - 0 Error(s), 0 Warning(s).
Load "C:\\Users\\dkattan\\Documents\\Keil Projects\\STM32F1XX V3.3.0 (WinUSB)\\Project\\Custom_HID\\MDK-ARM\\STM3210C-EVAL\\STM3210C-EVAL.AXF" 
Erase Done.
Programming Done.
Verify OK.
Application running ...
Build target 'STM3210C-EVAL'
compiling usb_desc.c...
linking...
Program Size: Code=9532 RO-data=748 RW-data=348 ZI-data=1468  
".\STM3210C-EVAL\STM3210C-EVAL.axf" - 0 Error(s), 0 Warning(s).
Load "C:\\Users\\dkattan\\Documents\\Keil Projects\\STM32F1XX V3.3.0 (WinUSB)\\Project\\Custom_HID\\MDK-ARM\\STM3210C-EVAL\\STM3210C-EVAL.AXF" 
Erase Done.
Programming Done.
Verify OK.
Application running ...
Build target 'STM3210C-EVAL'
compiling usb_desc.c...
compiling usb_prop.c...
linking...
Program Size: Code=9532 RO-data=748 RW-data=348 ZI-data=1468  
".\STM3210C-EVAL\STM3210C-EVAL.axf" - 0 Error(s), 0 Warning(s).
Load "C:\\Users\\dkattan\\Documents\\Keil Projects\\STM32F1XX V3.3.0 (WinUSB)\\Project\\Custom_HID\\MDK-ARM\\STM3210C-EVAL\\STM3210C-EVAL.AXF" 
Erase Done.
Programming Done.
Verify OK.
Application running ...
Build target 'STM3210C-EVAL'
compiling hw_config.c...
compiling usb_desc.c...
..\src\usb_desc.c(277): error:  #20: identifier "__ALIGN_BEGIN" is undefined
..\src\usb_desc.c(277): error:  #101: "uint8_t" has already been declared in the current scope
..\src\usb_desc.c(277): error:  #65: expected a ";"
..\src\usb_desc.c(282): warning:  #12-D: parsing restarts here after previous syntax error
compiling usb_prop.c...
..\src\usb_prop.c(105): error:  #67: expected a "}"
Target not created
Build target 'STM3210C-EVAL'
compiling usb_desc.c...
..\src\usb_desc.c(277): error:  #20: identifier "__ALIGN_BEGIN" is undefined
..\src\usb_desc.c(277): error:  #101: "uint8_t" has already been declared in the current scope
..\src\usb_desc.c(277): error:  #65: expected a ";"
..\src\usb_desc.c(282): warning:  #12-D: parsing restarts here after previous syntax error
compiling usb_prop.c...
..\src\usb_prop.c(105): error:  #146: too many initializer values
..\src\usb_prop.c(105): error:  #20: identifier "CustomHID_StringWinUSB" is undefined
..\src\usb_prop.c(105): error:  #44: expression must have pointer type
..\src\usb_prop.c(105): error:  #20: identifier "CUSTOMHID_SIZ_STRING_WINUSB" is undefined
Target not created
Build target 'STM3210C-EVAL'
compiling hw_config.c...
compiling usb_desc.c...
compiling usb_prop.c...
..\src\usb_prop.c(105): error:  #146: too many initializer values
..\src\usb_prop.c(105): error:  #20: identifier "CustomHID_StringWinUSB" is undefined
..\src\usb_prop.c(105): error:  #44: expression must have pointer type
Target not created
Build target 'STM3210C-EVAL'
compiling usb_desc.c...
compiling usb_prop.c...
..\src\usb_prop.c(105): error:  #146: too many initializer values
..\src\usb_prop.c(105): error:  #20: identifier "CustomHID_StringWinUSB" is undefined
..\src\usb_prop.c(105): error:  #44: expression must have pointer type
Target not created
Build target 'STM3210C-EVAL'
compiling usb_prop.c...
..\src\usb_prop.c(105): error:  #20: identifier "CustomHID_StringWinUSB" is undefined
..\src\usb_prop.c(105): error:  #44: expression must have pointer type
Target not created
Build target 'STM3210C-EVAL'
compiling usb_prop.c...
..\src\usb_prop.c(105): error:  #20: identifier "CustomHID_StringWinUSB" is undefined
..\src\usb_prop.c(105): error:  #44: expression must have pointer type
Target not created
Build target 'STM3210C-EVAL'
compiling usb_prop.c...
..\src\usb_prop.c(105): error:  #20: identifier "CustomHID_StringWinUSB" is undefined
..\src\usb_prop.c(105): error:  #44: expression must have pointer type
Target not created
Build target 'STM3210C-EVAL'
compiling usb_desc.c...
compiling usb_prop.c...
..\src\usb_prop.c(105): error:  #20: identifier "CustomHID_StringWinUSB" is undefined
..\src\usb_prop.c(105): error:  #44: expression must have pointer type
Target not created
Clean started: Project: 'Custom_HID'
   deleting intermediate output files for target 'STM3210B-EVAL'
   deleting intermediate output files for target 'STM3210E-EVAL'
   deleting intermediate output files for target 'STM3210C-EVAL'
   deleting intermediate output files for target 'STM3210E-EVAL_XL'
   deleting intermediate output files for target 'STM32L152-EVAL'
Build target 'STM3210C-EVAL'
compiling misc.c...
compiling hw_config.c...
compiling main.c...
compiling stm32f10x_it.c...
compiling usb_desc.c...
compiling usb_endp.c...
compiling usb_istr.c...
compiling usb_prop.c...
..\src\usb_prop.c(105): error:  #20: identifier "CustomHID_StringWinUSB" is undefined
..\src\usb_prop.c(105): error:  #44: expression must have pointer type
compiling usb_pwr.c...
compiling usb_init.c...
compiling usb_int.c...
compiling usb_mem.c...
compiling usb_regs.c...
compiling otgd_fs_cal.c...
compiling otgd_fs_dev.c...
compiling otgd_fs_int.c...
compiling otgd_fs_pcd.c...
compiling usb_core.c...
compiling usb_sil.c...
compiling stm32f10x_rcc.c...
compiling stm32f10x_gpio.c...
compiling stm32f10x_adc.c...
compiling stm32f10x_dma.c...
compiling stm32f10x_exti.c...
compiling stm32f10x_flash.c...
compiling stm32f10x_usart.c...
compiling stm32f10x_i2c.c...
compiling stm32f10x_spi.c...
compiling stm32f10x_sdio.c...
assembling startup_stm32f10x_cl.s...
compiling core_cm3.c...
compiling system_stm32f10x.c...
compiling stm32_eval.c...
Target not created
Build target 'STM3210C-EVAL'
compiling usb_desc.c...
..\src\usb_desc.c(264): error:  #20: identifier "_uint8_t" is undefined
compiling usb_prop.c...
..\src\usb_prop.c(105): error:  #20: identifier "CustomHID_StringWinUSB" is undefined
..\src\usb_prop.c(105): error:  #44: expression must have pointer type
Target not created
Build target 'STM3210C-EVAL'
compiling usb_desc.c...
compiling usb_prop.c...
..\src\usb_prop.c(105): error:  #20: identifier "CustomHID_StringWinUSB" is undefined
..\src\usb_prop.c(105): error:  #44: expression must have pointer type
Target not created
Build target 'STM3210C-EVAL'
compiling hw_config.c...
compiling usb_desc.c...
compiling usb_prop.c...
linking...
Program Size: Code=9532 RO-data=748 RW-data=376 ZI-data=1464  
".\STM3210C-EVAL\STM3210C-EVAL.axf" - 0 Error(s), 0 Warning(s).
Build target 'STM3210C-EVAL'
compiling usb_desc.c...
linking...
Program Size: Code=9532 RO-data=748 RW-data=376 ZI-data=1464  
".\STM3210C-EVAL\STM3210C-EVAL.axf" - 0 Error(s), 0 Warning(s).
Load "C:\\Users\\dkattan\\Documents\\Keil Projects\\STM32F1XX V3.3.0 (WinUSB)\\Project\\Custom_HID\\MDK-ARM\\STM3210C-EVAL\\STM3210C-EVAL.AXF" 
Erase Done.
Programming Done.
Verify OK.
Application running ...
Build target 'STM3210C-EVAL'
compiling usb_prop.c...
linking...
Program Size: Code=9536 RO-data=748 RW-data=376 ZI-data=1464  
".\STM3210C-EVAL\STM3210C-EVAL.axf" - 0 Error(s), 0 Warning(s).
Load "C:\\Users\\dkattan\\Documents\\Keil Projects\\STM32F1XX V3.3.0 (WinUSB)\\Project\\Custom_HID\\MDK-ARM\\STM3210C-EVAL\\STM3210C-EVAL.AXF" 
Erase Done.
Programming Done.
Verify OK.
Application running ...
Build target 'STM3210C-EVAL'
compiling usb_desc.c...
compiling usb_prop.c...
linking...
Program Size: Code=9544 RO-data=748 RW-data=376 ZI-data=1464  
".\STM3210C-EVAL\STM3210C-EVAL.axf" - 0 Error(s), 0 Warning(s).
Load "C:\\Users\\dkattan\\Documents\\Keil Projects\\STM32F1XX V3.3.0 (WinUSB)\\Project\\Custom_HID\\MDK-ARM\\STM3210C-EVAL\\STM3210C-EVAL.AXF" 
Erase Done.
Programming Done.
Verify OK.
Application running ...
Build target 'STM3210C-EVAL'
compiling usb_desc.c...
linking...
Program Size: Code=9544 RO-data=748 RW-data=376 ZI-data=1464  
".\STM3210C-EVAL\STM3210C-EVAL.axf" - 0 Error(s), 0 Warning(s).
Load "C:\\Users\\dkattan\\Documents\\Keil Projects\\STM32F1XX V3.3.0 (WinUSB)\\Project\\Custom_HID\\MDK-ARM\\STM3210C-EVAL\\STM3210C-EVAL.AXF" 
Erase Done.
Programming Done.
Verify OK.
Application running ...
Build target 'STM3210C-EVAL'
compiling usb_desc.c...
linking...
Program Size: Code=9544 RO-data=748 RW-data=376 ZI-data=1464  
".\STM3210C-EVAL\STM3210C-EVAL.axf" - 0 Error(s), 0 Warning(s).
Load "C:\\Users\\dkattan\\Documents\\Keil Projects\\STM32F1XX V3.3.0 (WinUSB)\\Project\\Custom_HID\\MDK-ARM\\STM3210C-EVAL\\STM3210C-EVAL.AXF" 
Erase Done.
Programming Done.
Verify OK.
Application running ...
Build target 'STM3210C-EVAL'
compiling usb_desc.c...
compiling usb_istr.c...
compiling usb_prop.c...
..\src\usb_prop.c(280): error:  #41: expression must have arithmetic or pointer type
..\src\usb_prop.c(281): error:  #20: identifier "CustomHID_GetExtPropDescriptor" is undefined
..\src\usb_prop.c(282): error:  #41: expression must have arithmetic or pointer type
..\src\usb_prop.c(283): error:  #20: identifier "CustomHID_GetCompatIDDescriptor" is undefined
..\src\usb_prop.c(475): error:  #20: identifier "USBD_ExtPropertiesDesc" is undefined
..\src\usb_prop.c(487): error:  #20: identifier "USBD_CompatIDDesc" is undefined
Target not created
Build target 'STM3210C-EVAL'
compiling usb_prop.c...
..\src\usb_prop.c(280): error:  #154: expression must have struct or union type
..\src\usb_prop.c(281): error:  #20: identifier "CustomHID_GetExtPropDescriptor" is undefined
..\src\usb_prop.c(282): error:  #154: expression must have struct or union type
..\src\usb_prop.c(283): error:  #20: identifier "CustomHID_GetCompatIDDescriptor" is undefined
..\src\usb_prop.c(475): error:  #20: identifier "USBD_ExtPropertiesDesc" is undefined
..\src\usb_prop.c(487): error:  #20: identifier "USBD_CompatIDDesc" is undefined
Target not created
Build target 'STM3210C-EVAL'
compiling usb_prop.c...
..\src\usb_prop.c(281): error:  #20: identifier "CustomHID_GetExtPropDescriptor" is undefined
..\src\usb_prop.c(283): error:  #20: identifier "CustomHID_GetCompatIDDescriptor" is undefined
..\src\usb_prop.c(475): error:  #20: identifier "USBD_ExtPropertiesDesc" is undefined
..\src\usb_prop.c(487): error:  #20: identifier "USBD_CompatIDDesc" is undefined
Target not created
Build target 'STM3210C-EVAL'
compiling usb_istr.c...
compiling usb_prop.c...
..\src\usb_prop.c(475): error:  #20: identifier "USBD_ExtPropertiesDesc" is undefined
..\src\usb_prop.c(487): error:  #20: identifier "USBD_CompatIDDesc" is undefined
Target not created
Build target 'STM3210C-EVAL'
compiling hw_config.c...
compiling usb_desc.c...
compiling usb_prop.c...
..\src\usb_prop.c(475): error:  #20: identifier "USBD_ExtPropertiesDesc" is undefined
..\src\usb_prop.c(487): error:  #20: identifier "USBD_CompatIDDesc" is undefined
Target not created
Build target 'STM3210C-EVAL'
compiling hw_config.c...
compiling usb_desc.c...
compiling usb_prop.c...
..\src\usb_prop.c(475): error:  #167: argument of type "USBD_ExtPropertiesDescStruct *" is incompatible with parameter of type "PONE_DESCRIPTOR"
..\src\usb_prop.c(487): error:  #167: argument of type "USBD_CompatIDDescStruct *" is incompatible with parameter of type "PONE_DESCRIPTOR"
Target not created
Build target 'STM3210C-EVAL'
compiling usb_prop.c...
..\src\usb_prop.c(475): error:  #167: argument of type "uint8_t *" is incompatible with parameter of type "PONE_DESCRIPTOR"
..\src\usb_prop.c(487): error:  #167: argument of type "uint8_t *" is incompatible with parameter of type "PONE_DESCRIPTOR"
Target not created
Build target 'STM3210C-EVAL'
compiling usb_prop.c...
..\src\usb_prop.c(101): error:  #44: expression must have pointer type
..\src\usb_prop.c(106): error:  #44: expression must have pointer type
Target not created
Build target 'STM3210C-EVAL'
compiling usb_prop.c...
linking...
Program Size: Code=9576 RO-data=748 RW-data=580 ZI-data=1468  
".\STM3210C-EVAL\STM3210C-EVAL.axf" - 0 Error(s), 0 Warning(s).
Build target 'STM3210C-EVAL'
compiling usb_desc.c...
linking...
Program Size: Code=9576 RO-data=748 RW-data=580 ZI-data=1468  
".\STM3210C-EVAL\STM3210C-EVAL.axf" - 0 Error(s), 0 Warning(s).
Load "C:\\Users\\dkattan\\Documents\\Keil Projects\\STM32F1XX V3.3.0 (WinUSB)\\Project\\Custom_HID\\MDK-ARM\\STM3210C-EVAL\\STM3210C-EVAL.AXF" 
Erase Done.
Programming Done.
Verify OK.
Application running ...
Build target 'STM3210C-EVAL'
compiling usb_desc.c...
compiling usb_prop.c...
linking...
Program Size: Code=9576 RO-data=748 RW-data=580 ZI-data=1468  
".\STM3210C-EVAL\STM3210C-EVAL.axf" - 0 Error(s), 0 Warning(s).
Load "C:\\Users\\dkattan\\Documents\\Keil Projects\\STM32F1XX V3.3.0 (WinUSB)\\Project\\Custom_HID\\MDK-ARM\\STM3210C-EVAL\\STM3210C-EVAL.AXF" 
Erase Done.
Programming Done.
Verify OK.
Application running ...
Build target 'STM3210C-EVAL'
compiling usb_desc.c...
compiling usb_prop.c...
linking...
Program Size: Code=9576 RO-data=748 RW-data=580 ZI-data=1468  
".\STM3210C-EVAL\STM3210C-EVAL.axf" - 0 Error(s), 0 Warning(s).
Load "C:\\Users\\dkattan\\Documents\\Keil Projects\\STM32F1XX V3.3.0 (WinUSB)\\Project\\Custom_HID\\MDK-ARM\\STM3210C-EVAL\\STM3210C-EVAL.AXF" 
Erase Done.
Programming Done.
Verify OK.
Application running ...
Build target 'STM3210C-EVAL'
compiling usb_desc.c...
linking...
Program Size: Code=9576 RO-data=748 RW-data=580 ZI-data=1468  
".\STM3210C-EVAL\STM3210C-EVAL.axf" - 0 Error(s), 0 Warning(s).
Load "C:\\Users\\dkattan\\Documents\\Keil Projects\\STM32F1XX V3.3.0 (WinUSB)\\Project\\Custom_HID\\MDK-ARM\\STM3210C-EVAL\\STM3210C-EVAL.AXF" 
Erase Done.
Programming Done.
Verify OK.
Application running ...
Build target 'STM3210C-EVAL'
compiling usb_desc.c...
linking...
Program Size: Code=9576 RO-data=748 RW-data=580 ZI-data=1468  
".\STM3210C-EVAL\STM3210C-EVAL.axf" - 0 Error(s), 0 Warning(s).
Load "C:\\Users\\dkattan\\Documents\\Keil Projects\\STM32F1XX V3.3.0 (WinUSB)\\Project\\Custom_HID\\MDK-ARM\\STM3210C-EVAL\\STM3210C-EVAL.AXF" 
Erase Done.
Programming Done.
Verify OK.
Application running ...
Build target 'STM3210C-EVAL'
compiling usb_desc.c...
linking...
Program Size: Code=9576 RO-data=748 RW-data=580 ZI-data=1468  
".\STM3210C-EVAL\STM3210C-EVAL.axf" - 0 Error(s), 0 Warning(s).
Load "C:\\Users\\dkattan\\Documents\\Keil Projects\\STM32F1XX V3.3.0 (WinUSB)\\Project\\Custom_HID\\MDK-ARM\\STM3210C-EVAL\\STM3210C-EVAL.AXF" 
Erase Done.
Programming Done.
Verify OK.
Application running ...
Build target 'STM3210C-EVAL'
compiling usb_desc.c...
linking...
Program Size: Code=9576 RO-data=748 RW-data=580 ZI-data=1468  
".\STM3210C-EVAL\STM3210C-EVAL.axf" - 0 Error(s), 0 Warning(s).
Load "C:\\Users\\dkattan\\Documents\\Keil Projects\\STM32F1XX V3.3.0 (WinUSB)\\Project\\Custom_HID\\MDK-ARM\\STM3210C-EVAL\\STM3210C-EVAL.AXF" 
Erase Done.
Programming Done.
Verify OK.
Application running ...
Build target 'STM3210C-EVAL'
compiling usb_desc.c...
linking...
Program Size: Code=9576 RO-data=748 RW-data=580 ZI-data=1468  
".\STM3210C-EVAL\STM3210C-EVAL.axf" - 0 Error(s), 0 Warning(s).
Load "C:\\Users\\dkattan\\Documents\\Keil Projects\\STM32F1XX V3.3.0 (WinUSB)\\Project\\Custom_HID\\MDK-ARM\\STM3210C-EVAL\\STM3210C-EVAL.AXF" 
Erase Done.
Programming Done.
Verify OK.
Application running ...
Build target 'STM3210C-EVAL'
compiling usb_desc.c...
compiling usb_prop.c...
linking...
Program Size: Code=9600 RO-data=748 RW-data=580 ZI-data=1468  
".\STM3210C-EVAL\STM3210C-EVAL.axf" - 0 Error(s), 0 Warning(s).
Load "C:\\Users\\dkattan\\Documents\\Keil Projects\\STM32F1XX V3.3.0 (WinUSB)\\Project\\Custom_HID\\MDK-ARM\\STM3210C-EVAL\\STM3210C-EVAL.AXF" 
Erase Done.
Programming Done.
Verify OK.
Application running ...
Load "C:\\Users\\dkattan\\Documents\\Keil Projects\\STM32F1XX V3.3.0 (WinUSB)\\Project\\Custom_HID\\MDK-ARM\\STM3210C-EVAL\\STM3210C-EVAL.AXF" 
Erase Done.
Programming Done.
Verify OK.
Application running ...
Build target 'STM3210C-EVAL'
compiling usb_desc.c...
compiling usb_prop.c...
..\src\usb_prop.c(399): warning:  #940-D: missing return statement at end of non-void function "CustomHID_GetHIDDescriptor"
linking...
Program Size: Code=9592 RO-data=748 RW-data=572 ZI-data=1468  
".\STM3210C-EVAL\STM3210C-EVAL.axf" - 0 Error(s), 1 Warning(s).
Load "C:\\Users\\dkattan\\Documents\\Keil Projects\\STM32F1XX V3.3.0 (WinUSB)\\Project\\Custom_HID\\MDK-ARM\\STM3210C-EVAL\\STM3210C-EVAL.AXF" 
Erase Done.
Programming Done.
Verify OK.
Application running ...
Build target 'STM3210C-EVAL'
compiling hw_config.c...
compiling usb_desc.c...
compiling usb_prop.c...
..\src\usb_prop.c(399): warning:  #940-D: missing return statement at end of non-void function "CustomHID_GetHIDDescriptor"
linking...
Program Size: Code=9592 RO-data=740 RW-data=572 ZI-data=1468  
".\STM3210C-EVAL\STM3210C-EVAL.axf" - 0 Error(s), 1 Warning(s).
Load "C:\\Users\\dkattan\\Documents\\Keil Projects\\STM32F1XX V3.3.0 (WinUSB)\\Project\\Custom_HID\\MDK-ARM\\STM3210C-EVAL\\STM3210C-EVAL.AXF" 
Erase Done.
Programming Done.
Verify OK.
Application running ...
Build target 'STM3210C-EVAL'
compiling hw_config.c...
compiling usb_desc.c...
compiling usb_prop.c...
..\src\usb_prop.c(399): warning:  #940-D: missing return statement at end of non-void function "CustomHID_GetHIDDescriptor"
linking...
Program Size: Code=9592 RO-data=748 RW-data=572 ZI-data=1468  
".\STM3210C-EVAL\STM3210C-EVAL.axf" - 0 Error(s), 1 Warning(s).
Load "C:\\Users\\dkattan\\Documents\\Keil Projects\\STM32F1XX V3.3.0 (WinUSB)\\Project\\Custom_HID\\MDK-ARM\\STM3210C-EVAL\\STM3210C-EVAL.AXF" 
Erase Done.
Programming Done.
Verify OK.
Application running ...
Build target 'STM3210C-EVAL'
compiling usb_desc.c...
linking...
Program Size: Code=9592 RO-data=748 RW-data=572 ZI-data=1468  
".\STM3210C-EVAL\STM3210C-EVAL.axf" - 0 Error(s), 0 Warning(s).
Load "C:\\Users\\dkattan\\Documents\\Keil Projects\\STM32F1XX V3.3.0 (WinUSB)\\Project\\Custom_HID\\MDK-ARM\\STM3210C-EVAL\\STM3210C-EVAL.AXF" 
Erase Done.
Programming Done.
Verify OK.
Application running ...
Build target 'STM3210C-EVAL'
compiling usb_desc.c...
compiling usb_prop.c...
..\src\usb_prop.c(400): warning:  #940-D: missing return statement at end of non-void function "CustomHID_GetHIDDescriptor"
linking...
Program Size: Code=9592 RO-data=748 RW-data=572 ZI-data=1468  
".\STM3210C-EVAL\STM3210C-EVAL.axf" - 0 Error(s), 1 Warning(s).
Load "C:\\Users\\dkattan\\Documents\\Keil Projects\\STM32F1XX V3.3.0 (WinUSB)\\Project\\Custom_HID\\MDK-ARM\\STM3210C-EVAL\\STM3210C-EVAL.AXF" 
Erase Done.
Programming Done.
Verify OK.
Application running ...
